abolicjonistyczni
aborcyjni
absolutni
absolutystyczni
absolwenccy
absorpcyjni
abstrakcyjni
absurdalni
adagio
adekwatni
administracyjni
adwokaccy
aeronautyczni
aferogenni
afganistanscy
aforystyczni
afro
afrykanistyczni
agenturalni
agitatorscy
aglomeracyjni
agnostyczni
agresywni
agronomiczni
agrotechniczni
agroturystyczni
ahistoryczni
ajurwedyjscy
akacjowi
akademiccy
akademijni
akantowi
akcesyjni
akcyjni
akredytacyjni
akrobatyczni
aksamitni
aksjologiczni
aktorscy
aktualni
aktywacyjni
aktywistyczni
aktywni
akupresurowi
akuratni
akustyczni
akwizycyjni
akwizytorscy
alarmowi
albumowi
alchemiczni
alergiczni
algebraiczni
alianccy
alimentacyjni
allegretto
allegro
aloesowi
alokacyjni
alterglobalistyczni
alternacyjni
alternatywni
altowkowi
altowi
altruistyczni
aluminiowi
amarantowi
amatorscy
ambasadorscy
ambicjonerscy
ambient
ambientowi
ambitni
ambiwalentni
ambulatoryjni
amebowaci
amerykanistyczni
anabaptystyczni
anaboliczni
anachroniczni
analogiczni
analogowi
ananasowi
anarchistyczni
anarchosyndykalistyczni
anatomiczni
andante
anemiczni
anestezjologiczni
anglikanscy
anglistyczni
anielscy
anime
animistyczni
aniolkowaci
anonimowi
anorektyczni
antonimiczni
antropocentryczni
antropologiczni
antycellulitowi
antyczni
antydepresyjni
antyfeministyczni
antykoncepcyjni
antypatyczni
antyrynkowi
antyspamowi
antywirusowi
anyzkowi
apatyczni
apelacyjni
aplikacyjni
apodyktyczni
apokryficzni
apologetyczni
apostolscy
aprowizacyjni
apteczni
aptekarscy
aranzacyjni
arbitralni
archaiczni
archeologiczni
architektoniczni
archiwalni
archiwistyczni
arcybogaci
arcyciekawi
armatorscy
aroganccy
aromatyczni
artretyczni
artyleryjscy
artystyczni
aryjscy
arystokratyczni
arytmogenni
ascetyczni
aseptyczni
asertywni
asfaltowi
asowi
astrologiczni
astronomiczni
asystenccy
atawistyczni
ateistyczni
atmosferyczni
atomowi
atrakcyjni
atrialni
audio
aukcyjni
autobusowi
automatyczni
awangardowi
awanturniczy
awaryjni
azotowi
azylowi
babi
babscy
badawczy
badziewni
bagazowi
bajer
bajeranccy
bajerek
bajerki
bajerni
bajkopisarscy
bajroniczni
bakteriologiczni
balangowi
baloniasci
balonowaci
balonowi
balowi
balwanowaci
banalni
bananowi
bandyccy
bankomatowi
bankowi
baptystyczni
barani
barazowi
barbarzynscy
barczysci
barokowi
baronowscy
baronscy
barterowi
barwni
barytonowi
baseballowi
basowi
bawelniani
bazowi
bebopowi
belferscy
benzynowi
benzynozerni
bestialscy
bestsellerowi
betonowi
bezabonamentowi
bezalkoholowi
bezapelacyjni
bezbarwni
bezbledni
bezbronni
bezcenni
bezczelni
bezczynni
bezdomni
bezdotykowi
bezglosni
bezgotowkowi
bezgrzeszni
bezgwiezdni
bezideowi
bezinteresowni
bezkarni
bezkompromisowi
bezkonfliktowi
bezkrwawi
bezlesni
bezlitosni
bezmozdzy
bezmyslni
beznadziejni
bezpartyjni
bezplatni
bezplodni
bezpodstawni
bezposredni
bezprawni
bezprzewodowi
bezradni
bezrobotni
bezsensowni
bezsilni
bezskuteczni
bezsniezni
bezsporni
beztlenowi
beztroscy
bezustanni
bezwietrzni
bezwladni
bezwlosi
bezwzgledni
bialawi
bialopiori
bialoskori
bialowlosi
bialuchni
biali
biblijni
bibliograficzni
biblioteczni
bibliotekarscy
bibliotekoznawczy
biedni
biegli
biegunowi
bieluchni
bielutki
bierni
biesiadni
biezaci
bilansowi
bilardowi
bilateralni
biobojczy
biogenni
biorytmiczni
bioterapeutyczni
bis
biseksualni
biskupi
bici
biurokratyczni
biurowi
bladi
blahi
blaszani
blazenscy
bledni
blekitni
bliscy
blizni
blodzy
blogoslawieni
blogowi
blokowiskowi
blond
bluszczowaci
blyskawiczni
blyskotliwi
bobrowi
bobrzi
boczni
bogatotluszczowi
bogaci
bohaterscy
bojazliwi
bojowi
bolszewiccy
bombi
bombowi
bosi
bozi
brakujacy
braminscy
branzowi
bratobojczy
brazowi
brejowaci
brokerscy
brudnawi
brudni
brunatni
brutalni
brutto
brzozowi
brzuchaci
brzuszni
brzydki
buchalterscy
bucowaci
buddyjscy
budowlani
budujacy
budzetowi
bujni
bukmacherscy
buraccy
burawi
bursztynowi
buri
burzliwi
burzowi
burzuazyjni
byli
bystri
bytowi
bywali
calkowici
calodobowi
calopostaciowi
calostalowi
carscy
cateringowi
celni
celowi
celujacy
cenieni
cenni
cenowi
centralni
ceremonialni
cesarscy
cewkowaci
chaotyczni
charakterni
charakterystyczni
charytatywni
chciwi
chemiczni
chemioterapeutyczni
chemoterapeutyczni
chetni
chimeryczni
chirurgiczni
chlodnawi
chlodni
chlonni
chmurni
chochlikowaci
chodliwi
chodnikowi
chodzaci
chodziarscy
chojraccy
cholerni
chori
chronieni
chropaci
chropawi
chropowaci
chrystocentryczni
chrystusowi
chrzescijanscy
chrzestni
chuchrowaci
chuderlawi
chudi
chujowi
chwiejni
chwilowi
chybieni
chytri
ciagli
ciamajdowaci
ciapowaci
ciasni
cichutki
cichi
ciekawscy
ciekawi
cieklokrystaliczni
cieleci
cielesni
cielni
ciemnawi
ciemnokasztanowaci
ciemnoniebiescy
ciemnopopielaci
ciemnoskori
ciemnowlosi
ciemni
cieniutki
cienki
ciepli
cierpliwi
cieci
ciezarni
ciezarowi
ciezki
cmentarni
cnotliwi
cni
codzienni
coroczni
countrowi
countri
cudaccy
cudaczni
cudni
cudowni
cudzi
cukierkowaci
cukrowi
cwaniakowaci
cwani
cykliczni
cylindrowi
cylindryczni
cyrkowi
cytrynowi
cywilizacyjni
cywilizowani
cywilni
czaderscy
czapeczkowaci
czarniutki
czarnoksiescy
czarnopiori
czarnoskori
czarnowlosi
czarni
czarodziejscy
czarujacy
czasowi
czastkowi
czcigodni
czekoladopodobni
czekoladowi
czepialscy
czerwcowi
czerweni
czesciowi
czesci
czlonkowscy
czlowieczy
czolowkowi
czolowi
czterdziesci
czterechsetni
czternasci
czterokrotni
czteroletni
czujni
czuli
czwartkowi
czwarci
czynni
czysci
czytelni
dagerotypowi
daleki
dalekonosni
dalekosiezni
dance
dandysowaci
dandysowscy
daremni
darmowi
dawni
dbali
debowi
decydujacy
definiowalni
dekoracyjni
dekoratywni
delikatni
denerwujacy
denni
dentystyczni
desperaccy
despotyczni
destrukcyjni
deszczowi
detaliczni
dewizowi
diagnostyczni
dludzy
dlugofalowi
dlugoletni
dlugoterminowi
dlugotrwali
dmuchani
dobitni
dobowi
dobroczynni
dobroduszni
dobrowolni
dobri
docelowi
dochodowi
dochodzaci
doczesni
dodatkowi
dogodni
dojrzali
dokladni
doktorscy
dokuczliwi
dokumentalni
dolarodajni
dolni
domaciczni
domniemani
domocentryczni
domorosli
domowi
domozgowi
donicowaci
doniosli
donosni
dopochwowi
dopuszczalni
doradczy
dorazni
doroczni
dorodni
dorosli
doskonali
doslowni
dostateczni
dostatni
dostawczy
dostepni
dostojni
dostrzegalni
doswiadczeni
dotkliwi
dotychczasowi
dotykowi
douszni
dowcipni
dowodowi
dowolni
dozwoleni
dozylni
dozywotni
draczni
dramatyczni
drazliwi
dretwi
drewniani
drobniutki
drobnopestkowi
drobni
drodzy
drogocenni
drogowi
drudzy
drugorzedni
drutowaci
drwiaci
drzewkowaci
drzewni
duchowni
durnowaci
durni
dusznawi
duszni
duszpasterscy
duzi
dworscy
dwudniowi
dwudziesci
dwukrotni
dwuletni
dwunasci
dwuosobowi
dwupokojowi
dwusetni
dwustronni
dwutygodniowi
dwuznaczni
dychotomiczni
dyletanccy
dymisyjni
dymni
dymowi
dynastyczni
dyplomatyczni
dyscyplinarni
dyskotekowi
dyskretni
dyskusyjni
dysponowani
dyspozycyjni
dyzurni
dzdzysci
dziabnieci
dzialaczowscy
dzialkowi
dziani
dziarscy
dzieciaci
dziecieci
dziecinni
dziedziczni
dzielni
dziesiaci
dziesietni
dziewczeci
dziewczynkowaci
dziewiaci
dziewiczy
dziewiecdziesiaci
dziewiecsetni
dziewietnastowieczni
dziewietnasci
dziki
dzisiejszi
dziurawi
dziurkowaci
dziwaczni
dziwkarscy
dziwni
dzwiekowi
efektowni
egocentryczni
egzotyczni
ekologiczni
ekonomiczni
ekskluzywni
eksploatacyjni
eksportowi
ekstri
ekumeniczni
elastyczni
eleganccy
elektromagnetyczni
elektroniczni
elektryczni
elementarni
elewacyjni
elitarni
emerytalni
emerytowani
emigracyjni
emigranccy
emocjonalni
emocjonujacy
empiryczni
energetyczni
energiczni
energochlonni
energoterapeutyczni
energozerni
erogenni
erotomanscy
erotyczni
etatowi
eufemiczni
eufemistyczni
ewangeliccy
ewentualni
fabryczni
fabularni
fagotowi
fajni
falowi
falszywi
familijni
fantastyczni
farbowani
fascynujacy
faszystowscy
fatalni
festiwalowi
fikcyjni
filmowi
finansowi
fioletowi
firmowi
fiskalni
flegmatyczni
formalni
fotograficzni
frontowi
fryzjerscy
fundamentalni
futerkowi
futrzani
gammi
gastronomiczni
gazowi
gejowscy
generalni
genetyczni
genialni
gesi
gesci
gieldowi
gieci
gigantyczni
gimnastyczni
gipsowi
gladki
gleboki
gliniani
globalni
glodniutki
glodni
glodowkowi
glodowi
glosni
glosowi
glowni
gluchi
glupawi
glupi
glupowaci
gminni
gniewni
godzinni
godziwi
golawi
golebi
goli
gonczy
goraci
goraczkowi
gorczycowi
gorczyczni
gorliwi
gorni
gorscy
gorszaci
goryczkowaci
gorzelniczy
gorzki
gorzkokwasni
goscinni
gospodarczy
gospodarscy
gotowkowi
gotyccy
grafitowi
grafomanscy
gramofonowi
granatowi
graniasci
graniczni
granitowi
gratisowi
grobowi
gromki
groteskowi
grozni
grubianscy
grubi
grudniowi
gruntowni
gruntowi
gryzaci
grzeczni
grzeszni
gwarancyjni
gwarantowani
gwiazdzisci
gwiezdni
gwiezdzisci
handlowi
haniebni
harcerscy
herbaciani
heroiczni
hierarchiczni
hipoteczni
hipsterscy
hojni
homofoniczni
homoseksualni
hormonalni
hotelowi
humanistyczni
humanitarni
hurtowi
hydrauliczni
idealni
ideowi
idiotyczni
imienni
immunologiczni
indywidualni
inflacjogenni
inflacyjni
instytucjonalni
integralni
inteligentni
intensywni
interesujacy
inwestycyjni
inzynieryjni
irracjonalni
irytujacy
islamscy
istotni
jadalni
jadowici
jadrowi
jajeczni
jajkowaci
jajonosni
jajorodni
jajowaci
jajozyworodni
jakikolwiek
jalowi
jarzynowi
jaskrawi
jasni
jawni
jeden
jedenasci
jednakowi
jednoczesni
jednodniowi
jednoosobowi
jednorazowi
jednorodzinni
jednostronni
jednoznaczni
jedrni
jedwabisci
jedwabni
jedyni
jesienni
jezdni
jezykowi
jubileuszowi
jutrzejszi
kablowi
kadrowi
kaleki
kalwinscy
kameralni
kamienni
kanalizacyjni
kapitalistyczni
kapitalni
kapitalowi
kaplanscy
kaprysni
karalni
karnawalowi
karni
karo
kari
kaszkowaci
kaszowaci
kasztanowaci
kasztanowlosi
katoliccy
katorzniczy
katowi
kawiorowi
kazdi
kiepscy
kier
kierowniczy
kierunkowi
kieszonkowi
kilkakrotni
kilkudniowi
kilkuletni
kilkunastoletni
kinowi
klasycystyczni
klasyczni
klawesynowi
kleryccy
klimatyczni
klopotliwi
klubowi
kluczowi
koalicyjni
kobieci
kochani
koci
kolejni
kolezenscy
kolonialni
kolonijni
kolorowi
kolorystyczni
kolosalni
komercyjni
komfortowi
komiczni
komorkowi
kompetentni
kompleksowi
kompletni
kompromitujacy
komputerowi
komunalni
komunikacyjni
koncowi
konieczni
konkordatowi
konkretni
konkurencyjni
konkursowi
konni
konsekwentni
konserwatywni
konscy
konspiracyjni
konstrukcyjni
konstruktywni
kontaktowi
kontrolni
kontrowersyjni
kontynentalni
konwencjonalni
kopalni
koronkowi
koronni
korupcyjni
kosmiczni
kostni
koszmarni
kosztowni
kozi
kpiaci
krajobrazowi
krancowi
kreceni
kremowi
krepujacy
krepi
kreci
krewni
kroczaci
krolewscy
krotki
krotkoterminowi
krotkotrwali
kruchi
krwawi
krwionosni
krwistoczerweni
kryminalni
kryci
krytyczni
krzyczaci
krzywi
krzyzaccy
krzyzowi
ksiegowi
ksiezowscy
ksiezi
ksiezycowi
kuchenni
kulawi
kulinarni
kulisci
kulkowaci
kultowi
kulturalni
kulturowi
kupieccy
kupni
kurczowi
kuriozalni
kusicielscy
kusi
kuci
kwadratowi
kwalifikacyjni
kwalifikowani
kwasni
kwietniowi
kwitnaci
laczni
ladni
ladowi
lagodni
lalkowaci
lalusiowaci
lamani
lamerscy
lancetowaci
lancuchowi
lanserscy
laptopowi
largo
laskawi
lateksowi
latwi
lawinowi
leciwi
legalni
legawi
lekarscy
lekki
leniwi
lepki
lepszi
letni
lewicowi
lewi
lichi
liczbowi
liczebni
liczni
ligowi
liniowi
linowi
lipcowi
lipni
lipowi
liryczni
lisciowaci
listewkowaci
listewkowi
listkowaci
listopadowi
liszajowaci
litanijni
literalni
literaturoznawczy
literowi
litrowi
liturgiczni
lizusowscy
lnianowlosi
lniani
lobbingowi
lobbistyczni
lobbystyczni
lodowaci
lodowcowi
lodowi
lojalni
lokalowi
losowi
lotniczy
lotni
lowczy
lowieccy
ludowi
ludzki
lukratywni
luksusowi
lumpeksowi
lureksowi
lustracyjni
lutowi
luzaccy
luzni
lysi
machinalni
macierzynscy
macierzysci
madri
madrzejszi
magisterscy
majatkowi
majowi
makabryczni
maklerscy
makroekonomiczni
maksymalni
malarscy
malenki
maloletni
malomowni
malowani
malowniczy
malutki
mali
marcowi
marketingowi
markotni
markowi
marksistowscy
marmurowi
marni
marszalkowscy
martwi
masowi
masywni
matczyni
materialowi
matolkowaci
matolowaci
matowi
maturalni
mdli
merytoryczni
metaboliczni
meteorologiczni
metni
metrowi
mezzosopranowi
mglisci
miastowi
miazdzaci
miedzianoskori
miedzianowlosi
miedziani
miedzionosni
miedziowi
miedzyludzki
miedzynarodowi
miedzywojenni
miejscy
miekkawi
miekki
miesieczni
miesniowi
miesni
mieszani
mieszczanscy
mieszkalni
mieszkaniowi
migdalowaci
milczaci
miliardowi
milionowi
militarni
milosierni
milosni
mili
mimetyczni
mimowolni
mini
miniaturowi
minimalni
minowi
minutowi
miodni
miodzio
mistrzowscy
mistyczni
mityczni
mizerni
mleczni
mlekowi
mlodociani
mlodszi
mlodi
mlodzienczy
mlodziezowi
mlodziutki
mniejszosciowi
mobilizujacy
mocni
moczowi
modelowi
modni
moherowi
mokri
monofoniczni
monopolistyczni
monopolowi
monoteistyczni
monotonni
monumentalni
morderczy
morscy
mosiezni
motelowi
motorowi
motoryzacyjni
motywacyjni
motywujacy
mozgowi
mozliwi
moznowladczy
mozni
mozolni
mrozni
mudzahedinscy
mulisci
mundurowi
murowani
murzynscy
musli
muszlowaci
muszlowi
muzealni
muzulmanscy
muzykoterapeutyczni
myjacy
myslaci
mysliwscy
myslowi
mzysci
nabialowi
nabrzmiali
nacjonalistyczni
naczelni
naczyniowi
nadmierni
nadmorscy
nadmuchiwani
nadprzyrodzeni
nadrzedni
nadziani
nadzorczy
nadzwyczajni
naganni
nadzy
naglaci
nagli
nagrobkowi
nagrobni
nagrzani
naiwni
najedzeni
najnizszi
najwyzszi
nalani
nalezni
nalezyci
namaszczeni
namietni
namolni
napieci
naprawczy
narabani
narciarscy
narosli
narosnieci
narzedziowi
nasiakliwi
nasienni
nastepni
nastepujacy
nasyceni
natarczywi
natretni
naturalni
natychmiastowi
nawigacyjni
naziemni
nazistowscy
nedzni
negatywni
nerwowi
netto
niebagatelni
niebiescy
niebyli
niebywali
niecali
niechetni
niechybni
nieciekawi
niecierpliwi
niecodzienni
nieczysci
niedaleki
niedludzy
niedobri
niedojrzali
niedopuszczalni
niedorzeczni
niedoskonali
niedostateczni
niedostepni
niedoszli
niedozwoleni
nieduzi
niedzielni
nieformalni
niegrzeczni
nieistotni
niejasni
niejeden
niekonczaci
niekontrolowani
niekonwencjonalni
nielatwi
nielegalni
nieletni
nieliczni
niemali
niemilosierni
niemili
niemozliwi
niemi
nienaganni
nienasyceni
nienaturalni
nienormalni
nieobecni
nieobliczalni
nieocenieni
nieoczekiwani
nieodpowiedni
nieodpowiedzialni
nieodzowni
nieoficjalni
nieparzysci
niepelnosprawni
niepewni
niepodlegli
niepodwazalni
niepojeci
niepotrzebni
niepowazni
niepowtarzalni
niepozadani
nieprawdopodobni
nieprawdziwi
nieprawidlowi
nieprzerwani
nieprzewidywalni
nieprzewidziani
nieprzyjacielscy
nieprzyjemni
nieprzytomni
nieprzyzwoici
niepubliczni
nierealni
nierowni
nieruchomi
niesamowici
niesforni
nieskonczeni
nieskrepowani
nieskuteczni
nieslubni
niesluszni
nieslychani
niesmiali
niespodziewani
niespokojni
niespotykani
niesprawiedliwi
niestosowni
nieswiadomi
nieszczesliwi
nieszczesni
nietrzezwi
nieublagani
nieuchronni
nieuchwytni
nieuczciwi
nieudani
nieudolni
nieufni
nieuleczalni
nieustajacy
nieustanni
nieuzasadnieni
niewatpliwi
niewazni
niewiadomi
niewiarygodni
niewidoczni
niewidomi
niewielki
niewierni
niewinni
niewlasciwi
niewykluczeni
niewyobrazalni
niewyrazni
niewysoki
niewystarczajacy
niezadowoleni
niezalezni
niezbedni
niezbici
niezdecydowani
niezdolni
niezdrowi
niezgodni
niezliczeni
niezlomni
niezli
nieznaczni
nieznajomi
nieznani
niezrozumiali
niezwloczni
niezwyciezeni
niezwykli
niscy
nizszi
noclegowi
nocni
nominalni
normalni
normatywni
nosni
nowoczesni
noworoczni
nowotworowi
nowozytni
nowi
nozni
nudni
nuklearni
numeryczni
nutowi
oazowi
obcisli
obci
obecni
obfici
obiecujacy
obiegowi
oblakani
obliczeniowi
oblowieni
obnosni
obojetni
obojowi
obrazliwi
obrosli
obrosnieci
obrzedowi
obrzydliwi
obsceniczni
obserwacyjni
obskuranccy
obskurni
obstrukcyjni
obszerni
oburzajacy
oburzeni
obyczajowi
obywatelscy
ocalali
oceaniczni
ochotniczy
ochronni
oczywisci
odczuwalni
oddaleni
oddani
oddechowi
oddzielni
odkrywczy
odlegli
odmienni
odosobnieni
odpicowani
odpornosciowi
odporni
odpowiedni
odpowiedzialni
odprezeni
odpychajacy
odrazajacy
odrebni
odruchowi
odsetkowi
odslonieci
odswietni
odswiezajacy
odwazni
odwieczni
odwietrzni
odwolawczy
odwrotni
odziezowi
odzywczy
oficerscy
oficjalni
ogniowi
ognisci
ogolnokrajowi
ogolnopolscy
ogolni
ogrodowi
ogromni
ohydni
ojcowscy
okazali
okienni
okolicznosciowi
okoliczni
okregowi
okresowi
okretowi
okrezni
okropni
okrutni
okupacyjni
olbrzymi
olejni
olejowi
olimpijscy
oliwkowi
oliwni
olsniewajacy
opaleni
opancerzeni
opanowani
opiekunczy
oplacalni
oplakani
oporni
optyczni
optymalni
optymistyczni
opuszczeni
oralni
orbitalni
organiczni
organizacyjni
orientalni
oryginalni
orzezwiajacy
osiedlowi
osiemdziesiaci
osiemnasci
osiemsetni
oslepiajacy
osmi
osobisci
osobliwi
osobni
osobowi
ostateczni
ostatni
ostrozni
ostri
ostrzegawczy
ostygli
oswiatowi
oswieceniowi
oswieceni
oswietleniowi
oszczednosciowi
oszczedni
otepiali
otwarci
owczesni
owczy
owocni
owocowi
padaczkowaci
paintballowi
pajaczkowaci
pajakowaci
pajeczy
pajeczynowaci
palacowi
palaci
palakowaci
palcowaci
paleoastronautyczni
paleograficzni
paleolityczni
paliatywni
palisadowi
paliwowi
paliwozerni
palni
palpacyjni
pamfletowi
pamiatkarscy
pamiatkowi
pamieciowi
pamietnikarscy
pamietni
pancerni
paniczni
panislamistyczni
panislamscy
panslawistyczni
panstwowi
panteistyczni
papierochlonni
papierowi
papiescy
papusni
paradoksalni
paralotniarscy
paralotniowi
paranoiczni
paraolimpijscy
parapodatkowi
parapsychologiczni
parkowi
parlamentarni
parowi
parszywi
parterowi
partyjni
partyzanccy
parzysci
pasazerscy
paseistyczni
pasjonujacy
paskowi
paskudni
pasterscy
pasywistyczni
pasywni
paszkwilanccy
patetyczni
patriotyczni
pazdziernikowi
pecetowi
pedalscy
pedofilni
pedofilscy
pejsaci
pekaci
pelniuchni
pelniutki
pelni
penitencjarni
pensjonarscy
perfekcyjni
perfekt
perfidni
performerscy
perfumeryjni
perfumiarscy
perfumowi
pergaminowi
perkusyjni
permanentni
personalni
perspektywiczni
perswazyjni
pesymistyczni
pewien
pewni
piaskowaci
piaskowi
piatkowi
piaci
piecdziesiaci
piecioletni
piecsetni
piekaci
piekarscy
piekielni
pieluchowi
pieniezni
pieprznieci
pieprzeni
pieprzowaci
pieprzykowaci
pierdolnieci
pierdoleni
piersiowi
pierworodni
pierwotni
pierwszi
piescy
pieszi
pietnasci
pietrowi
pijaccy
pijani
pik
pikantni
pilkarscy
pilni
pionowi
piraccy
pisani
pisemni
piwniczni
piwni
platniczy
platni
pleczysci
plocienni
plodni
plowi
plynni
plytki
pnaci
pobliscy
poborowi
pobozni
pobudzajacy
pochmurni
pochopni
pochowani
pochyli
pociemniali
pocieszajacy
poczciwi
poczerwieniali
podatkowi
podatni
podbojowi
podcisnieniowi
podczerweni
podejrzliwi
podgorscy
podlegli
podluzni
podli
podmiejscy
podnieceni
podniosli
podnosni
podobni
podpalani
podraznieni
podreczni
podrozni
podskorni
podsluchowi
podstawowi
podstepni
podswiadomi
podwladni
podwodni
podwojni
podyplomowi
podzieleni
podziemni
poganscy
pogmatwani
pogodni
pogodowi
pogrzebowi
pojedynczy
pokarmowi
pokazni
pokladowi
pokojowi
pokorni
pokreceni
pokrewni
polamani
polarni
polegli
polifoniczni
polnocni
polowi
polroczni
polscy
poludniowi
pomaranczowi
pomiarowi
pomidorowi
pomni
pomyslowi
poniedzialkowi
ponizszi
ponowni
ponuri
pop
popoludniowi
poprawni
poprzeczni
poprzedni
popularni
poranni
porno
pornograficzni
poronieni
porosli
porosnieci
portowi
porywajacy
porywczy
porywisci
porzadni
posepni
posluszni
posmiertni
pospieszni
pospolici
posredni
postepowi
postrzeleni
poszczegolni
poszukiwani
poszukujacy
potezni
potrojni
potrzebni
potulni
potworni
powazni
powierniczy
powierzchowni
powietrzni
powojenni
powolani
powolni
powrotni
powstanczy
powstaniowi
powszechni
powtorni
powyborczy
powyzszi
pozadani
pozarni
pozbawieni
pozegnalni
poziomi
pozolkli
pozostali
pozycyjni
pozyteczni
pozytywni
pracowici
pracowniczy
pracujacy
pragmatyczni
praktyczni
prawdopodobni
prawdziwi
prawicowi
prawidlowi
prawniczy
prawomocni
prawoslawni
prawi
precyzyjni
predki
preferencyjni
premierowi
prestizowi
produkcyjni
profetyczni
profilaktyczni
programowi
prokreacyjni
promieniotworczy
promienni
promocyjni
prorynkowi
prostaccy
prostopadli
prosci
proszaci
proszeni
protestanccy
prowizoryczni
prowokujacy
prozni
prymitywni
prysznicowi
prywatni
przebogaci
przechodni
przechodzeni
przeciagli
przecietni
przeciwbolowi
przeciwlegli
przeciwlotniczy
przeciwni
przeciwpozarowi
przeciwstawni
przeciwzapalni
przedni
przedostatni
przedsiebiorczy
przedterminowi
przedwczesni
przedwojenni
przedwyborczy
przegrani
przejeci
przejmujacy
przejrzali
przejsciowi
przekonani
przelomowi
przelotni
przenikliwi
przenosni
przepiekni
przepracowani
przepraszajacy
przerazajacy
przerazliwi
przerazeni
przerosli
przerozni
przesadni
przesadzeni
przesliczni
przestepczy
przestepni
przestraszeni
przeszli
przetargowi
przewidujacy
przewlekli
przewodni
przewozowi
przewrotni
przezroczysci
przezyci
przybrani
przybrzezni
przybyli
przychylni
przydrozni
przygotowawczy
przygraniczni
przyjacielscy
przyjazni
przyjemni
przyjeci
przyjezdni
przykladowi
przykri
przykucnieci
przymusowi
przyrodni
przyrodniczy
przysiegli
przystojni
przyszloroczni
przyszli
przytomni
przytulni
przyziemni
przyzwoici
psi
publiczni
pucolowaci
puculowaci
puknieci
purpurowi
pusci
pustynni
puzonowi
pychi
pyszni
pytajacy
pyzaci
rabnieci
racjonalni
rad
radiacyjni
radioaktywni
radiolokacyjni
radosni
radykalni
radzieccy
rajdowi
rajscy
rakietowi
randkowi
rankingowi
rasistowscy
rasowi
ratowniczy
ratunkowi
reaktywni
realizacyjni
realni
recyklingowi
reczni
redukcjonistyczni
referencyjni
refinansowi
reformowalni
regularni
rehabilitacyjni
rejestracyjni
rejestrowi
rejonowi
reklamowi
rekordowi
rekreacyjni
rekrutacyjni
relaksujacy
relatywni
religijni
renesansowi
renomowani
rentierscy
rentowni
reprezentatywni
republikanscy
restryktywni
retoryczni
rewelacyjni
rezerwowi
robotniczy
roczni
rodzicielscy
rodzimi
rodzinni
rodzeni
rogowi
romanscy
romantyczni
roponosni
roslinni
roslinobojczy
rosli
rosochaci
rotacyjni
rowerowi
rownoczesni
rownolegli
rownomierni
rownoznaczni
rowni
rozani
rozbawieni
rozbierani
rozbici
rozczarowani
rozdraznieni
rozesmiani
rozgoryczeni
rozgwiezdzeni
rozkoszni
rozkwitli
rozkwitnieci
rozlegli
rozliczeniowi
rozni
rozowi
rozpaczliwi
rozpaleni
rozpinani
rozpoznawczy
rozrosli
rozrosnieci
rozsadni
rozszalali
rozumni
rozwaleni
rozwinieci
rozwleczeni
rozwlekli
rozwojowi
rudawi
ruderowaci
rudonosni
rudowlosi
rudi
rwani
rybaccy
rybni
rychli
rygorystyczni
rynkowi
ryzykowni
rzadki
rzadowi
rzeczni
rzeczywisci
rzekomi
rzetelni
rzezwiaci
rzezwi
sabotazowi
sadzeni
sakralni
saksofonowi
samobojczy
samochodowi
samochwalczy
samochwalni
samodzielni
samoistni
samokrytyczni
samoksztalceniowi
samoswiadomi
samotniczy
samotni
sasiedni
sasiedzki
satelitarni
sceniczni
sceptyczni
schabowi
schludni
sciemniali
scisli
secesyjni
sedziwi
sejmowi
sekaci
sekowaci
seksistowscy
seksistyczni
seksoholiczni
seksowni
senni
sensacyjni
sensowni
sentymentalni
sercowi
serdeczni
serio
serwerowi
seryjni
setni
sezamkowi
sezamowi
sezonowi
sfrustrowani
siatkowaci
siatkowi
sieciowi
siedemdziesiaci
siedemnasci
siedemsetni
sierpniowi
silni
sini
siodmi
siwi
skalisci
skalni
skapi
skarbowi
skladowi
sklebieni
sklepowi
sklonni
skonani
skonczeni
skorni
skori
skorzani
skosni
skrajni
skrepowani
skromni
skrwawieni
skrzywieni
skupieni
skurczeni
skurwysynscy
skuteczni
skwapliwi
skwarni
slabawi
slabiuchni
slabiutki
slabi
slawni
slepi
sliczni
slodkawi
slodki
slodziuchni
sloneczni
sleni
slowni
slubni
sluszni
sluzbisci
sluzbowi
sluzowi
slynni
smaczni
smakowici
smiali
smierdzaci
smiertelni
smieszni
smukli
smutni
sniadi
sniegowi
sniezni
sobotni
socjaldemokratyczni
socjalni
soczysci
sodowi
solidarni
solidni
sosnowi
soul
soulowi
sowieccy
spalinowi
spaleni
spamerscy
specjalistyczni
specjalni
spektakularni
spelnieni
speszeni
spiaci
spienieni
spirytualistyczni
spirytystyczni
splaszczeni
splecieni
splukani
spoceni
spodni
spodziewani
spojni
spokojni
spokrewnieni
spoldzielczy
spontaniczni
sporadyczni
sporni
sportowi
spori
spoznieni
spozywczy
spragnieni
sprani
sprawiedliwi
sprawni
sprezysci
sprytni
sprzymierzeni
srebrni
srebrzysci
sredni
sredniowieczni
srodkowi
srodowi
srodzy
stacjonarni
stanowczy
staranni
starczy
staropolscy
staroswieccy
starozytni
starszi
startowi
stari
statyczni
stawowi
stoleczni
stolowi
stopniowi
stosowni
straceni
strajkowi
straszni
strazaccy
stresujacy
stromi
strzeleccy
strzyzeni
studenccy
stuknieci
stuletni
styczniowi
stylistyczni
stylowi
subtelni
sugestywni
super
surowi
suwerenni
swiadomi
swiatli
swieccy
swieceni
swietlisci
swietlni
swietni
swieci
swiezi
swobodni
swojscy
sycaci
sylwestrowi
symboliczni
symfoniczni
sympatyczni
syntetyczni
sypialni
systematyczni
syci
szachowi
szacowni
szacunkowi
szalenczy
szaleni
szanowni
szari
szaszlykowi
szatynowi
szczegolni
szczeri
szczodrobliwi
szczodri
szczupli
szczytowi
szeptani
szeregowi
szeroki
szescdziesiaci
szescioletni
szescsetni
szesnasci
szkodliwi
szlachetni
szosci
szpiegowscy
sztabowi
szybki
tabloidowi
tajemniczy
tajemni
tajni
taktowni
tamtejszi
tancujacy
tandetni
taneczni
tani
targowi
tatarscy
teatralni
teatrologiczni
techno
technocentryczni
technologiczni
tedzy
tegoroczni
teistyczni
teksciarscy
tekstologiczni
tekstualni
tektoniczni
tekturowi
teledyskowi
telegeniczni
telemarketingowi
telenowelowi
teleologiczni
telesprzedazowi
telezakupowi
tematyczni
tenisowi
teologiczni
teoretyczni
tepi
terapeutyczni
terazniejszi
terenowi
termiczni
terrorystyczni
tetniczy
tiramisu
tirowi
tlenowi
tlumni
tlusci
tluszczowi
toksyczni
toksykologiczni
toksynotworczy
tolerancyjni
toniczni
topieni
totalitarni
totalitarystyczni
totalni
towarowi
tradycyjni
trafieni
trafni
tragiczni
tramwajowi
transportowi
trawiasci
trawienni
trefl
treningowi
triumfujacy
troskliwi
trotylowi
trudni
trujacy
trupi
tryumfujacy
trywialni
trzechsetni
trzeci
trzezwi
trzydniowi
trzydziestoletni
trzydziesci
trzykrotni
trzyletni
trzynasci
tumanowaci
tuningowi
turystyczni
tutejszi
twardi
tworczy
tygodniowi
tylni
tymczasowi
tysiaczni
tysieczni
tytoniowi
tytulowi
ubezpieczeniowi
ubiegloroczni
ubiegli
uboczni
ubodzy
uciazliwi
uczciwi
uczeszczani
uczeni
udani
uderzajacy
ufni
ujechani
ujmujacy
ukochani
ukorzenieni
ulegli
ulgowi
ulicowi
uliczni
ulotni
ulubieni
umarli
umiejetni
umiejscowieni
umowni
umyslni
unijni
unikalni
unikatowi
uniseks
uniseksowi
uniseksualni
uniwersyteccy
upadli
upalni
upaleni
uparci
upokarzajacy
uporczywi
uposledzeni
upozowani
upragnieni
uprawni
uprzedni
uprzedzajacy
uprzejmi
urabani
uradowani
urazeni
urobieni
uroczy
uroczysci
urodzajni
urodziwi
urodzeni
urologiczni
urzedniczy
urzedowi
urzedujacy
uslugowi
usmiechnieci
uspieni
ustawiczni
ustawodawczy
ustni
utajeni
utalentowani
utarci
utopijni
uwazni
uzaleznieni
uzasadnieni
uznani
uzyteczni
uzytkowi
uzywani
wadliwi
wakacyjni
waleczni
walnieci
walni
walutowi
waniliowi
wariaccy
wariantowi
wariantywni
wariatowaci
warstwowi
warsztatowi
wart
warunkowi
warzywni
wascy
watli
watpliwi
wazki
wazni
wczasowi
wczorajszi
wdzieczni
wedrowni
weganscy
weglonosni
weglowi
welniani
welniarscy
welnistowlosi
welnisci
welnonosni
wenerologiczni
weneryczni
werbalni
wersologiczni
wersyfikacyjni
werystyczni
weselni
wesolkowaci
wesoluchni
wesolutki
wesoli
wewnatrzresortowi
wewnetrzni
wiadomi
wiarolomni
wiarygodni
wiatrowi
wiazaci
wiazani
wideo
widoczni
widowiskowi
widzialni
wieczni
wieczorowi
wieczysci
wiejscy
wiekowi
wiekszosciowi
wielkanocni
wielki
wielogodzinni
wielokrotni
wieloletni
wielonarodowi
wiencowi
wieprzowi
wietrzni
wiezienni
wigilijni
wilgotni
wino
wiodaci
wiolinistyczni
wiolonczelowi
wiosenni
wirtualni
wirusowi
wisniowi
wizowi
wizualni
wlani
wlasciwi
wlasnosciowi
wlasni
wlosowaci
wnikliwi
wodni
wojenni
wojewodzki
wojskowi
wolni
wolowi
wonni
wpatrzeni
wplywowi
wrazliwi
wredni
wrodzeni
wrodzy
wrosli
wrosnieci
wrzaci
wrzesniowi
wschodzaci
wsciekli
wsiowi
wskazani
wspaniali
wspieci
wspinaczkowi
wspolni
wstrzasajacy
wstydliwi
wszechobecni
wszechstronni
wtorkowi
wulgarni
wybitni
wyborczy
wybrakowani
wybuchowi
wyciagnieci
wycieci
wyczekujacy
wyczuwalni
wyczynowi
wydajni
wydatni
wydolni
wydzielniczy
wygadani
wygorowani
wygrani
wyjatkowi
wyjazdowi
wykluczeni
wykonawczy
wykonczeni
wykreceni
wykrzywieni
wykwalifikowani
wykwintni
wylaczni
wymiarowi
wymowni
wymuszeni
wymyslni
wyniosli
wypadkowi
wypaleni
wypasieni
wypoczeci
wyprani
wyprobowani
wyprostowani
wypukli
wyrafinowani
wyrazisci
wyrazni
wyrosli
wyrosnieci
wyrownani
wyrywni
wyscigowi
wysmienici
wysoki
wysokogorscy
wysokosciowi
wyspani
wystarczajacy
wyszukani
wytarci
wytrawni
wytrwali
wytrzymali
wytworczy
wytworni
wywiadowczy
wyznaniowi
wyzszi
wyzwolenczy
wyzwoleni
wyzywajacy
wzajemni
wzburzeni
wzniosli
wzruszajacy
wzruszeni
zabawni
zabawowi
zabiegani
zabojczy
zaborczy
zachodni
zachowawczy
zaciekli
zacieci
zacni
zacofani
zadarci
zadbani
zadni
zadomowieni
zadowoleni
zagadkowi
zaginieni
zagmatwani
zagubieni
zainteresowani
zajeci
zajmujacy
zakazni
zakladowi
zaklopotani
zakonni
zakreceni
zalamani
zalegli
zalezni
zalosni
zalozycielscy
zamarli
zamieszkali
zamknieci
zamozni
zaniedbani
zaoczni
zaorani
zapachowi
zapadli
zapalni
zapaleni
zapatrzeni
zapinani
zaplakani
zapracowani
zarliwi
zarobkowi
zarosnieci
zartobliwi
zasadniczy
zasadzeni
zasobni
zaspani
zastali
zatarci
zatloczeni
zatraceni
zatroskani
zaufani
zauwazalni
zawiedzieni
zawiklani
zawili
zawolani
zazdrosni
zazenowani
zbedni
zbiegli
zbiorowi
zbici
zboczeni
zbozowi
zbrodniczy
zbrojeniowi
zbrojni
zbudowani
zbyteczni
zbytni
zdecydowani
zdesperowani
zdeterminowani
zdezorientowani
zdolni
zdrowi
zdyscyplinowani
zdyszani
zegarowi
zespolowi
zeszloroczni
zeszli
zewnetrzni
zgarbieni
zgaszeni
zgnili
zgodni
zgrabiali
zgrabni
zgrani
zgrzybiali
zgubni
zielonkawi
zieleni
ziemniaczani
ziemni
zimni
zimowi
ziolowi
zlamani
zlocisci
zlosliwi
zloci
zlowrodzy
zludni
zli
zmaceni
zmarli
zmartwychwstali
zmarzli
zmazywalni
zmechanizowani
zmeczeni
zmieszani
znaczni
znajomi
znani
zniecierpliwieni
zniewalajacy
znikomi
zniszczeni
znoszeni
zolciowi
zolnierscy
zolci
zonaci
zorganizowani
zrabani
zraci
zreczni
zrezygnowani
zrobieni
zrodlowi
zrownowazeni
zrozpaczeni
zrozumiali
zuchwali
zwarci
zwawi
zwiazani
zwiazkowi
zwiezli
zwinni
zwrotni
zwyczajni
zwykli
zyczliwi
zygzakowaci
zywieniowi
zywiolowi
zywnosciowi
zywi
zyzni
