abolicjonistyczne
aborcyjne
absolutne
absolutystyczne
absolwenckie
absorpcyjne
abstrakcyjne
absurdalne
adagio
adekwatne
administracyjne
adwokackie
aeronautyczne
aferogenne
afganistanskie
aforystyczne
afro
afrykanistyczne
agenturalne
agitatorskie
aglomeracyjne
agnostyczne
agresywne
agronomiczne
agrotechniczne
agroturystyczne
ahistoryczne
ajurwedyjskie
akacjowe
akademickie
akademijne
akantowe
akcesyjne
akcyjne
akredytacyjne
akrobatyczne
aksamitne
aksjologiczne
aktorskie
aktualne
aktywacyjne
aktywistyczne
aktywne
akupresurowe
akuratne
akustyczne
akwizycyjne
akwizytorskie
alarmowe
albumowe
alchemiczne
alergiczne
algebraiczne
alianckie
alimentacyjne
allegretto
allegro
aloesowe
alokacyjne
alterglobalistyczne
alternacyjne
alternatywne
altowkowe
altowe
altruistyczne
aluminiowe
amarantowe
amatorskie
ambasadorskie
ambicjonerskie
ambient
ambientowe
ambitne
ambiwalentne
ambulatoryjne
amebowate
amerykanistyczne
anabaptystyczne
anaboliczne
anachroniczne
analogiczne
analogowe
ananasowe
anarchistyczne
anarchosyndykalistyczne
anatomiczne
andante
anemiczne
anestezjologiczne
anglikanskie
anglistyczne
anielskie
anime
animistyczne
aniolkowate
anonimowe
anorektyczne
antonimiczne
antropocentryczne
antropologiczne
antycellulitowe
antyczne
antydepresyjne
antyfeministyczne
antykoncepcyjne
antypatyczne
antyrynkowe
antyspamowe
antywirusowe
anyzkowe
apatyczne
apelacyjne
aplikacyjne
apodyktyczne
apokryficzne
apologetyczne
apostolskie
aprowizacyjne
apteczne
aptekarskie
aranzacyjne
arbitralne
archaiczne
archeologiczne
architektoniczne
archiwalne
archiwistyczne
arcybogate
arcyciekawe
armatorskie
aroganckie
aromatyczne
artretyczne
artyleryjskie
artystyczne
aryjskie
arystokratyczne
arytmogenne
ascetyczne
aseptyczne
asertywne
asfaltowe
asowe
astrologiczne
astronomiczne
asystenckie
atawistyczne
ateistyczne
atmosferyczne
atomowe
atrakcyjne
atrialne
audio
aukcyjne
autobusowe
automatyczne
awangardowe
awanturnicze
awaryjne
azotowe
azylowe
babie
babskie
badawcze
badziewne
bagazowe
bajer
bajeranckie
bajerek
bajerka
bajerne
bajkopisarskie
bajroniczne
bakteriologiczne
balangowe
baloniaste
balonowate
balonowe
balowe
balwanowate
banalne
bananowe
bandyckie
bankomatowe
bankowe
baptystyczne
baranie
barazowe
barbarzynskie
barczyste
barokowe
baronowskie
baronskie
barterowe
barwne
barytonowe
baseballowe
basowe
bawelniane
bazowe
bebopowe
belferskie
benzynowe
benzynozerne
bestialskie
bestsellerowe
betonowe
bezabonamentowe
bezalkoholowe
bezapelacyjne
bezbarwne
bezbledne
bezbronne
bezcenne
bezczelne
bezczynne
bezdomne
bezdotykowe
bezglosne
bezgotowkowe
bezgrzeszne
bezgwiezdne
bezideowe
bezinteresowne
bezkarne
bezkompromisowe
bezkonfliktowe
bezkrwawe
bezlesne
bezlitosne
bezmozgie
bezmyslne
beznadziejne
bezpartyjne
bezplatne
bezplodne
bezpodstawne
bezposrednie
bezprawne
bezprzewodowe
bezradne
bezrobotne
bezsensowne
bezsilne
bezskuteczne
bezsniezne
bezsporne
beztlenowe
beztroskie
bezustanne
bezwietrzne
bezwladne
bezwlose
bezwzgledne
bialawe
bialopiore
bialoskore
bialowlose
bialuchne
biale
biblijne
bibliograficzne
biblioteczne
bibliotekarskie
bibliotekoznawcze
biedne
biegle
biegunowe
bieluchne
bielutkie
bierne
biesiadne
biezace
bilansowe
bilardowe
bilateralne
biobojcze
biogenne
biorytmiczne
bioterapeutyczne
bis
biseksualne
biskupie
bite
biurokratyczne
biurowe
blade
blahe
blaszane
blazenskie
bledne
blekitne
bliskie
bliznie
blogie
blogoslawione
blogowe
blokowiskowe
blond
bluszczowate
blyskawiczne
blyskotliwe
bobrowe
bobrze
boczne
bogatotluszczowe
bogate
bohaterskie
bojazliwe
bojowe
bolszewickie
bomba
bombowe
bose
boze
brakujace
braminskie
branzowe
bratobojcze
brazowe
brejowate
brokerskie
brudnawe
brudne
brunatne
brutalne
brutto
brzozowe
brzuchate
brzuszne
brzydkie
buchalterskie
bucowate
buddyjskie
budowlane
budujace
budzetowe
bujne
bukmacherskie
burackie
burawe
bursztynowe
bure
burzliwe
burzowe
burzuazyjne
byle
bystre
bytowe
bywale
calkowite
calodobowe
calopostaciowe
calostalowe
carskie
cateringowe
celne
celowe
celujace
cenione
cenne
cenowe
centralne
ceremonialne
cesarskie
cewkowate
chaotyczne
charakterne
charakterystyczne
charytatywne
chciwe
chemiczne
chemioterapeutyczne
chemoterapeutyczne
chetne
chimeryczne
chirurgiczne
chlodnawe
chlodne
chlonne
chmurne
chochlikowate
chodliwe
chodnikowe
chodzace
chodziarskie
chojrackie
cholerne
chore
chronione
chropate
chropawe
chropowate
chrystocentryczne
chrystusowe
chrzescijanskie
chrzestne
chuchrowate
chuderlawe
chude
chujowe
chwiejne
chwilowe
chybione
chytre
ciagle
ciamajdowate
ciapowate
ciasne
cichutkie
ciche
ciekawskie
ciekawe
cieklokrystaliczne
cielece
cielesne
cielne
ciemnawe
ciemnokasztanowate
ciemnoniebieskie
ciemnopopielate
ciemnoskore
ciemnowlose
ciemne
cieniutkie
cienkie
cieple
cierpliwe
ciete
ciezarne
ciezarowe
ciezkie
cmentarne
cnotliwe
cne
codzienne
coroczne
countrowe
countre
cudackie
cudaczne
cudne
cudowne
cudze
cukierkowate
cukrowe
cwaniakowate
cwane
cykliczne
cylindrowe
cylindryczne
cyrkowe
cytrynowe
cywilizacyjne
cywilizowane
cywilne
czaderskie
czapeczkowate
czarniutkie
czarnoksieskie
czarnopiore
czarnoskore
czarnowlose
czarne
czarodziejskie
czarujace
czasowe
czastkowe
czcigodne
czekoladopodobne
czekoladowe
czepialskie
czerwcowe
czerwone
czesciowe
czeste
czlonkowskie
czlowiecze
czolowkowe
czolowe
czterdzieste
czterechsetne
czternaste
czterokrotne
czteroletnie
czujne
czule
czwartkowe
czwarte
czynne
czyste
czytelne
dagerotypowe
dalekie
dalekonosne
dalekosiezne
dance
dandysowate
dandysowskie
daremne
darmowe
dawne
dbale
debowe
decydujace
definiowalne
dekoracyjne
dekoratywne
delikatne
denerwujace
denne
dentystyczne
desperackie
despotyczne
destrukcyjne
deszczowe
detaliczne
dewizowe
diagnostyczne
dlugie
dlugofalowe
dlugoletnie
dlugoterminowe
dlugotrwale
dmuchane
dobitne
dobowe
dobroczynne
dobroduszne
dobrowolne
dobre
docelowe
dochodowe
dochodzace
doczesne
dodatkowe
dogodne
dojrzale
dokladne
doktorskie
dokuczliwe
dokumentalne
dolarodajne
dolne
domaciczne
domniemane
domocentryczne
domorosle
domowe
domozgowe
donicowate
doniosle
donosne
dopochwowe
dopuszczalne
doradcze
dorazne
doroczne
dorodne
dorosle
doskonale
doslowne
dostateczne
dostatnie
dostawcze
dostepne
dostojne
dostrzegalne
doswiadczone
dotkliwe
dotychczasowe
dotykowe
douszne
dowcipne
dowodowe
dowolne
dozwolone
dozylne
dozywotnie
draczne
dramatyczne
drazliwe
dretwe
drewniane
drobniutkie
drobnopestkowe
drobne
drogie
drogocenne
drogowe
drugie
drugorzedne
drutowate
drwiace
drzewkowate
drzewne
duchowne
durnowate
durne
dusznawe
duszne
duszpasterskie
duze
dworskie
dwudniowe
dwudzieste
dwukrotne
dwuletnie
dwunaste
dwuosobowe
dwupokojowe
dwusetne
dwustronne
dwutygodniowe
dwuznaczne
dychotomiczne
dyletanckie
dymisyjne
dymne
dymowe
dynastyczne
dyplomatyczne
dyscyplinarne
dyskotekowe
dyskretne
dyskusyjne
dysponowane
dyspozycyjne
dyzurne
dzdzyste
dziabniete
dzialaczowskie
dzialkowe
dziane
dziarskie
dzieciate
dzieciece
dziecinne
dziedziczne
dzielne
dziesiate
dziesietne
dziewczece
dziewczynkowate
dziewiate
dziewicze
dziewiecdziesiate
dziewiecsetne
dziewietnastowieczne
dziewietnaste
dzikie
dzisiejsze
dziurawe
dziurkowate
dziwaczne
dziwkarskie
dziwne
dzwiekowe
efektowne
egocentryczne
egzotyczne
ekologiczne
ekonomiczne
ekskluzywne
eksploatacyjne
eksportowe
ekstra
ekumeniczne
elastyczne
eleganckie
elektromagnetyczne
elektroniczne
elektryczne
elementarne
elewacyjne
elitarne
emerytalne
emerytowane
emigracyjne
emigranckie
emocjonalne
emocjonujace
empiryczne
energetyczne
energiczne
energochlonne
energoterapeutyczne
energozerne
erogenne
erotomanskie
erotyczne
etatowe
eufemiczne
eufemistyczne
ewangelickie
ewentualne
fabryczne
fabularne
fagotowe
fajne
falowe
falszywe
familijne
fantastyczne
farbowane
fascynujace
faszystowskie
fatalne
festiwalowe
fikcyjne
filmowe
finansowe
fioletowe
firmowe
fiskalne
flegmatyczne
formalne
fotograficzne
frontowe
fryzjerskie
fundamentalne
futerkowe
futrzane
gamma
gastronomiczne
gazowe
gejowskie
generalne
genetyczne
genialne
gesie
geste
gieldowe
giete
gigantyczne
gimnastyczne
gipsowe
gladkie
glebokie
gliniane
globalne
glodniutkie
glodne
glodowkowe
glodowe
glosne
glosowe
glowne
gluche
glupawe
glupie
glupowate
gminne
gniewne
godzinne
godziwe
golawe
golebie
gole
goncze
gorace
goraczkowe
gorczycowe
gorczyczne
gorliwe
gorne
gorskie
gorszace
goryczkowate
gorzelnicze
gorzkie
gorzkokwasne
goscinne
gospodarcze
gospodarskie
gotowkowe
gotyckie
grafitowe
grafomanskie
gramofonowe
granatowe
graniaste
graniczne
granitowe
gratisowe
grobowe
gromkie
groteskowe
grozne
grubianskie
grube
grudniowe
gruntowne
gruntowe
gryzace
grzeczne
grzeszne
gwarancyjne
gwarantowane
gwiazdziste
gwiezdne
gwiezdziste
handlowe
haniebne
harcerskie
herbaciane
heroiczne
hierarchiczne
hipoteczne
hipsterskie
hojne
homofoniczne
homoseksualne
hormonalne
hotelowe
humanistyczne
humanitarne
hurtowe
hydrauliczne
idealne
ideowe
idiotyczne
imienne
immunologiczne
indywidualne
inflacjogenne
inflacyjne
instytucjonalne
integralne
inteligentne
intensywne
interesujace
inwestycyjne
inzynieryjne
irracjonalne
irytujace
islamskie
istotne
jadalne
jadowite
jadrowe
jajeczne
jajkowate
jajonosne
jajorodne
jajowate
jajozyworodne
jakikolwiek
jalowe
jarzynowe
jaskrawe
jasne
jawne
jeden
jedenaste
jednakowe
jednoczesne
jednodniowe
jednoosobowe
jednorazowe
jednorodzinne
jednostronne
jednoznaczne
jedrne
jedwabiste
jedwabne
jedyne
jesienne
jezdne
jezykowe
jubileuszowe
jutrzejsze
kablowe
kadrowe
kalekie
kalwinskie
kameralne
kamienne
kanalizacyjne
kapitalistyczne
kapitalne
kapitalowe
kaplanskie
kaprysne
karalne
karnawalowe
karne
karo
kare
kaszkowate
kaszowate
kasztanowate
kasztanowlose
katolickie
katorznicze
katowe
kawiorowe
kazde
kiepskie
kier
kierownicze
kierunkowe
kieszonkowe
kilkakrotne
kilkudniowe
kilkuletnie
kilkunastoletnie
kinowe
klasycystyczne
klasyczne
klawesynowe
kleryckie
klimatyczne
klopotliwe
klubowe
kluczowe
koalicyjne
kobiece
kochane
kocie
kolejne
kolezenskie
kolonialne
kolonijne
kolorowe
kolorystyczne
kolosalne
komercyjne
komfortowe
komiczne
komorkowe
kompetentne
kompleksowe
kompletne
kompromitujace
komputerowe
komunalne
komunikacyjne
koncowe
konieczne
konkordatowe
konkretne
konkurencyjne
konkursowe
konne
konsekwentne
konserwatywne
konskie
konspiracyjne
konstrukcyjne
konstruktywne
kontaktowe
kontrolne
kontrowersyjne
kontynentalne
konwencjonalne
kopalne
koronkowe
koronne
korupcyjne
kosmiczne
kostne
koszmarne
kosztowne
kozie
kpiace
krajobrazowe
krancowe
krecone
kremowe
krepujace
krepe
krete
krewne
kroczace
krolewskie
krotkie
krotkoterminowe
krotkotrwale
kruche
krwawe
krwionosne
krwistoczerwone
kryminalne
kryte
krytyczne
krzyczace
krzywe
krzyzackie
krzyzowe
ksiegowe
ksiezowskie
ksieze
ksiezycowe
kuchenne
kulawe
kulinarne
kuliste
kulkowate
kultowe
kulturalne
kulturowe
kupieckie
kupne
kurczowe
kuriozalne
kusicielskie
kuse
kute
kwadratowe
kwalifikacyjne
kwalifikowane
kwasne
kwietniowe
kwitnace
laczne
ladne
ladowe
lagodne
lalkowate
lalusiowate
lamane
lamerskie
lancetowate
lancuchowe
lanserskie
laptopowe
largo
laskawe
lateksowe
latwe
lawinowe
leciwe
legalne
legawe
lekarskie
lekkie
leniwe
lepkie
lepsze
letnie
lewicowe
lewe
liche
liczbowe
liczebne
liczne
ligowe
liniowe
linowe
lipcowe
lipne
lipowe
liryczne
lisciowate
listewkowate
listewkowe
listkowate
listopadowe
liszajowate
litanijne
literalne
literaturoznawcze
literowe
litrowe
liturgiczne
lizusowskie
lnianowlose
lniane
lobbingowe
lobbistyczne
lobbystyczne
lodowate
lodowcowe
lodowe
lojalne
lokalowe
losowe
lotnicze
lotne
lowcze
lowieckie
ludowe
ludzkie
lukratywne
luksusowe
lumpeksowe
lureksowe
lustracyjne
lutowe
luzackie
luzne
lyse
machinalne
macierzynskie
macierzyste
madre
madrzejsze
magisterskie
majatkowe
majowe
makabryczne
maklerskie
makroekonomiczne
maksymalne
malarskie
malenkie
maloletnie
malomowne
malowane
malownicze
malutkie
male
marcowe
marketingowe
markotne
markowe
marksistowskie
marmurowe
marne
marszalkowskie
martwe
masowe
masywne
matczyne
materialowe
matolkowate
matolowate
matowe
maturalne
mdle
merytoryczne
metaboliczne
meteorologiczne
metne
metrowe
mezzosopranowe
mgliste
miastowe
miazdzace
miedzianoskore
miedzianowlose
miedziane
miedzionosne
miedziowe
miedzyludzkie
miedzynarodowe
miedzywojenne
miejskie
miekkawe
miekkie
miesieczne
miesniowe
miesne
mieszane
mieszczanskie
mieszkalne
mieszkaniowe
migdalowate
milczace
miliardowe
milionowe
militarne
milosierne
milosne
mile
mimetyczne
mimowolne
minie
miniaturowe
minimalne
minowe
minutowe
miodne
miodzio
mistrzowskie
mistyczne
mityczne
mizerne
mleczne
mlekowe
mlodociane
mlodsze
mlode
mlodziencze
mlodziezowe
mlodziutkie
mniejszosciowe
mobilizujace
mocne
moczowe
modelowe
modne
moherowe
mokre
monofoniczne
monopolistyczne
monopolowe
monoteistyczne
monotonne
monumentalne
mordercze
morskie
mosiezne
motelowe
motorowe
motoryzacyjne
motywacyjne
motywujace
mozgowe
mozliwe
moznowladcze
mozne
mozolne
mrozne
mudzahedinskie
muliste
mundurowe
murowane
murzynskie
muslie
muszlowate
muszlowe
muzealne
muzulmanskie
muzykoterapeutyczne
myjace
myslace
mysliwskie
myslowe
mzyste
nabialowe
nabrzmiale
nacjonalistyczne
naczelne
naczyniowe
nadmierne
nadmorskie
nadmuchiwane
nadprzyrodzone
nadrzedne
nadziane
nadzorcze
nadzwyczajne
naganne
nagie
naglace
nagle
nagrobkowe
nagrobne
nagrzane
naiwne
najedzone
najnizsze
najwyzsze
nalane
nalezne
nalezyte
namaszczone
namietne
namolne
napiete
naprawcze
narabane
narciarskie
narosle
narosniete
narzedziowe
nasiakliwe
nasienne
nastepne
nastepujace
nasycone
natarczywe
natretne
naturalne
natychmiastowe
nawigacyjne
naziemne
nazistowskie
nedzne
negatywne
nerwowe
netto
niebagatelne
niebieskie
niebyle
niebywale
niecale
niechetne
niechybne
nieciekawe
niecierpliwe
niecodzienne
nieczyste
niedalekie
niedlugie
niedobre
niedojrzale
niedopuszczalne
niedorzeczne
niedoskonale
niedostateczne
niedostepne
niedoszle
niedozwolone
nieduze
niedzielne
nieformalne
niegrzeczne
nieistotne
niejasne
niejeden
niekonczace
niekontrolowane
niekonwencjonalne
nielatwe
nielegalne
nieletnie
nieliczne
niemale
niemilosierne
niemile
niemozliwe
nieme
nienaganne
nienasycone
nienaturalne
nienormalne
nieobecne
nieobliczalne
nieocenione
nieoczekiwane
nieodpowiednie
nieodpowiedzialne
nieodzowne
nieoficjalne
nieparzyste
niepelnosprawne
niepewne
niepodlegle
niepodwazalne
niepojete
niepotrzebne
niepowazne
niepowtarzalne
niepozadane
nieprawdopodobne
nieprawdziwe
nieprawidlowe
nieprzerwane
nieprzewidywalne
nieprzewidziane
nieprzyjacielskie
nieprzyjemne
nieprzytomne
nieprzyzwoite
niepubliczne
nierealne
nierowne
nieruchome
niesamowite
niesforne
nieskonczone
nieskrepowane
nieskuteczne
nieslubne
niesluszne
nieslychane
niesmiale
niespodziewane
niespokojne
niespotykane
niesprawiedliwe
niestosowne
nieswiadome
nieszczesliwe
nieszczesne
nietrzezwe
nieublagane
nieuchronne
nieuchwytne
nieuczciwe
nieudane
nieudolne
nieufne
nieuleczalne
nieustajace
nieustanne
nieuzasadnione
niewatpliwe
niewazne
niewiadome
niewiarygodne
niewidoczne
niewidome
niewielkie
niewierne
niewinne
niewlasciwe
niewykluczone
niewyobrazalne
niewyrazne
niewysokie
niewystarczajace
niezadowolone
niezalezne
niezbedne
niezbite
niezdecydowane
niezdolne
niezdrowe
niezgodne
niezliczone
niezlomne
niezle
nieznaczne
nieznajome
nieznane
niezrozumiale
niezwloczne
niezwyciezone
niezwykle
niskie
nizsze
noclegowe
nocne
nominalne
normalne
normatywne
nosne
nowoczesne
noworoczne
nowotworowe
nowozytne
nowe
nozne
nudne
nuklearne
numeryczne
nutowe
oazowe
obcisle
obce
obecne
obfite
obiecujace
obiegowe
oblakane
obliczeniowe
oblowione
obnosne
obojetne
obojowe
obrazliwe
obrosle
obrosniete
obrzedowe
obrzydliwe
obsceniczne
obserwacyjne
obskuranckie
obskurne
obstrukcyjne
obszerne
oburzajace
oburzone
obyczajowe
obywatelskie
ocalale
oceaniczne
ochotnicze
ochronne
oczywiste
odczuwalne
oddalone
oddane
oddechowe
oddzielne
odkrywcze
odlegle
odmienne
odosobnione
odpicowane
odpornosciowe
odporne
odpowiednie
odpowiedzialne
odprezone
odpychajace
odrazajace
odrebne
odruchowe
odsetkowe
odsloniete
odswietne
odswiezajace
odwazne
odwieczne
odwietrzne
odwolawcze
odwrotne
odziezowe
odzywcze
oficerskie
oficjalne
ogniowe
ogniste
ogolnokrajowe
ogolnopolskie
ogolne
ogrodowe
ogromne
ohydne
ojcowskie
okazale
okienne
okolicznosciowe
okoliczne
okregowe
okresowe
okretowe
okrezne
okropne
okrutne
okupacyjne
olbrzymie
olejne
olejowe
olimpijskie
oliwkowe
oliwne
olsniewajace
opalone
opancerzone
opanowane
opiekuncze
oplacalne
oplakane
oporne
optyczne
optymalne
optymistyczne
opuszczone
oralne
orbitalne
organiczne
organizacyjne
orientalne
oryginalne
orzezwiajace
osiedlowe
osiemdziesiate
osiemnaste
osiemsetne
oslepiajace
osme
osobiste
osobliwe
osobne
osobowe
ostateczne
ostatnie
ostrozne
ostre
ostrzegawcze
ostygle
oswiatowe
oswieceniowe
oswiecone
oswietleniowe
oszczednosciowe
oszczedne
otepiale
otwarte
owczesne
owcze
owocne
owocowe
padaczkowate
paintballowe
pajaczkowate
pajakowate
pajecze
pajeczynowate
palacowe
palace
palakowate
palcowate
paleoastronautyczne
paleograficzne
paleolityczne
paliatywne
palisadowe
paliwowe
paliwozerne
palne
palpacyjne
pamfletowe
pamiatkarskie
pamiatkowe
pamieciowe
pamietnikarskie
pamietne
pancerne
paniczne
panislamistyczne
panislamskie
panslawistyczne
panstwowe
panteistyczne
papierochlonne
papierowe
papieskie
papusne
paradoksalne
paralotniarskie
paralotniowe
paranoiczne
paraolimpijskie
parapodatkowe
parapsychologiczne
parkowe
parlamentarne
parowe
parszywe
parterowe
partyjne
partyzanckie
parzyste
pasazerskie
paseistyczne
pasjonujace
paskowe
paskudne
pasterskie
pasywistyczne
pasywne
paszkwilanckie
patetyczne
patriotyczne
pazdziernikowe
pecetowe
pedalskie
pedofilne
pedofilskie
pejsate
pekate
pelniuchne
pelniutkie
pelne
penitencjarne
pensjonarskie
perfekcyjne
perfekt
perfidne
performerskie
perfumeryjne
perfumiarskie
perfumowe
pergaminowe
perkusyjne
permanentne
personalne
perspektywiczne
perswazyjne
pesymistyczne
pewien
pewne
piaskowate
piaskowe
piatkowe
piate
piecdziesiate
piecioletnie
piecsetne
piekace
piekarskie
piekielne
pieluchowe
pieniezne
pieprzniete
pieprzone
pieprzowate
pieprzykowate
pierdolniete
pierdolone
piersiowe
pierworodne
pierwotne
pierwsze
pieskie
piesze
pietnaste
pietrowe
pijackie
pijane
pik
pikantne
pilkarskie
pilne
pionowe
pirackie
pisane
pisemne
piwniczne
piwne
platnicze
platne
pleczyste
plocienne
plodne
plowe
plynne
plytkie
pnace
pobliskie
poborowe
pobozne
pobudzajace
pochmurne
pochopne
pochowane
pochyle
pociemniale
pocieszajace
poczciwe
poczerwieniale
podatkowe
podatne
podbojowe
podcisnieniowe
podczerwone
podejrzliwe
podgorskie
podlegle
podluzne
podle
podmiejskie
podniecone
podniosle
podnosne
podobne
podpalane
podraznione
podreczne
podrozne
podskorne
podsluchowe
podstawowe
podstepne
podswiadome
podwladne
podwodne
podwojne
podyplomowe
podzielone
podziemne
poganskie
pogmatwane
pogodne
pogodowe
pogrzebowe
pojedyncze
pokarmowe
pokazne
pokladowe
pokojowe
pokorne
pokrecone
pokrewne
polamane
polarne
polegle
polifoniczne
polnocne
polowe
polroczne
polskie
poludniowe
pomaranczowe
pomiarowe
pomidorowe
pomne
pomyslowe
poniedzialkowe
ponizsze
ponowne
ponure
pop
popoludniowe
poprawne
poprzeczne
poprzednie
popularne
poranne
porno
pornograficzne
poronione
porosle
porosniete
portowe
porywajace
porywcze
porywiste
porzadne
posepne
posluszne
posmiertne
pospieszne
pospolite
posrednie
postepowe
postrzelone
poszczegolne
poszukiwane
poszukujace
potezne
potrojne
potrzebne
potulne
potworne
powazne
powiernicze
powierzchowne
powietrzne
powojenne
powolane
powolne
powrotne
powstancze
powstaniowe
powszechne
powtorne
powyborcze
powyzsze
pozadane
pozarne
pozbawione
pozegnalne
poziome
pozolkle
pozostale
pozycyjne
pozyteczne
pozytywne
pracowite
pracownicze
pracujace
pragmatyczne
praktyczne
prawdopodobne
prawdziwe
prawicowe
prawidlowe
prawnicze
prawomocne
prawoslawne
prawe
precyzyjne
predkie
preferencyjne
premierowe
prestizowe
produkcyjne
profetyczne
profilaktyczne
programowe
prokreacyjne
promieniotworcze
promienne
promocyjne
prorynkowe
prostackie
prostopadle
proste
proszace
proszone
protestanckie
prowizoryczne
prowokujace
prozne
prymitywne
prysznicowe
prywatne
przebogate
przechodnie
przechodzone
przeciagle
przecietne
przeciwbolowe
przeciwlegle
przeciwlotnicze
przeciwne
przeciwpozarowe
przeciwstawne
przeciwzapalne
przednie
przedostatnie
przedsiebiorcze
przedterminowe
przedwczesne
przedwojenne
przedwyborcze
przegrane
przejete
przejmujace
przejrzale
przejsciowe
przekonane
przelomowe
przelotne
przenikliwe
przenosne
przepiekne
przepracowane
przepraszajace
przerazajace
przerazliwe
przerazone
przerosle
przerozne
przesadne
przesadzone
przesliczne
przestepcze
przestepne
przestraszone
przeszle
przetargowe
przewidujace
przewlekle
przewodnie
przewozowe
przewrotne
przezroczyste
przezyte
przybrane
przybrzezne
przybyle
przychylne
przydrozne
przygotowawcze
przygraniczne
przyjacielskie
przyjazne
przyjemne
przyjete
przyjezdne
przykladowe
przykre
przykucniete
przymusowe
przyrodnie
przyrodnicze
przysiegle
przystojne
przyszloroczne
przyszle
przytomne
przytulne
przyziemne
przyzwoite
psie
publiczne
pucolowate
puculowate
pukniete
purpurowe
puste
pustynne
puzonowe
pycha
pyszne
pytajace
pyzate
rabniete
racjonalne
rad
radiacyjne
radioaktywne
radiolokacyjne
radosne
radykalne
radzieckie
rajdowe
rajskie
rakietowe
randkowe
rankingowe
rasistowskie
rasowe
ratownicze
ratunkowe
reaktywne
realizacyjne
realne
recyklingowe
reczne
redukcjonistyczne
referencyjne
refinansowe
reformowalne
regularne
rehabilitacyjne
rejestracyjne
rejestrowe
rejonowe
reklamowe
rekordowe
rekreacyjne
rekrutacyjne
relaksujace
relatywne
religijne
renesansowe
renomowane
rentierskie
rentowne
reprezentatywne
republikanskie
restryktywne
retoryczne
rewelacyjne
rezerwowe
robotnicze
roczne
rodzicielskie
rodzime
rodzinne
rodzone
rogowe
romanskie
romantyczne
roponosne
roslinne
roslinobojcze
rosle
rosochate
rotacyjne
rowerowe
rownoczesne
rownolegle
rownomierne
rownoznaczne
rowne
rozane
rozbawione
rozbierane
rozbite
rozczarowane
rozdraznione
rozesmiane
rozgoryczone
rozgwiezdzone
rozkoszne
rozkwitle
rozkwitniete
rozlegle
rozliczeniowe
rozne
rozowe
rozpaczliwe
rozpalone
rozpinane
rozpoznawcze
rozrosle
rozrosniete
rozsadne
rozszalale
rozumne
rozwalone
rozwiniete
rozwleczone
rozwlekle
rozwojowe
rudawe
ruderowate
rudonosne
rudowlose
rude
rwane
rybackie
rybne
rychle
rygorystyczne
rynkowe
ryzykowne
rzadkie
rzadowe
rzeczne
rzeczywiste
rzekome
rzetelne
rzezwiace
rzezwe
sabotazowe
sadzone
sakralne
saksofonowe
samobojcze
samochodowe
samochwalcze
samochwalne
samodzielne
samoistne
samokrytyczne
samoksztalceniowe
samoswiadome
samotnicze
samotne
sasiednie
sasiedzkie
satelitarne
sceniczne
sceptyczne
schabowe
schludne
sciemniale
scisle
secesyjne
sedziwe
sejmowe
sekate
sekowate
seksistowskie
seksistyczne
seksoholiczne
seksowne
senne
sensacyjne
sensowne
sentymentalne
sercowe
serdeczne
serio
serwerowe
seryjne
setne
sezamkowe
sezamowe
sezonowe
sfrustrowane
siatkowate
siatkowe
sieciowe
siedemdziesiate
siedemnaste
siedemsetne
sierpniowe
silne
sine
siodme
siwe
skaliste
skalne
skape
skarbowe
skladowe
sklebione
sklepowe
sklonne
skonane
skonczone
skorne
skore
skorzane
skosne
skrajne
skrepowane
skromne
skrwawione
skrzywione
skupione
skurczone
skurwysynskie
skuteczne
skwapliwe
skwarne
slabawe
slabiuchne
slabiutkie
slabe
slawne
slepe
sliczne
slodkawe
slodkie
slodziuchne
sloneczne
slone
slowne
slubne
sluszne
sluzbiste
sluzbowe
sluzowe
slynne
smaczne
smakowite
smiale
smierdzace
smiertelne
smieszne
smukle
smutne
sniade
sniegowe
sniezne
sobotnie
socjaldemokratyczne
socjalne
soczyste
sodowe
solidarne
solidne
sosnowe
soul
soulowe
sowieckie
spalinowe
spalone
spamerskie
specjalistyczne
specjalne
spektakularne
spelnione
speszone
spiace
spienione
spirytualistyczne
spirytystyczne
splaszczone
splecione
splukane
spocone
spodnie
spodziewane
spojne
spokojne
spokrewnione
spoldzielcze
spontaniczne
sporadyczne
sporne
sportowe
spore
spoznione
spozywcze
spragnione
sprane
sprawiedliwe
sprawne
sprezyste
sprytne
sprzymierzone
srebrne
srebrzyste
srednie
sredniowieczne
srodkowe
srodowe
srogie
stacjonarne
stanowcze
staranne
starcze
staropolskie
staroswieckie
starozytne
starsze
startowe
stare
statyczne
stawowe
stoleczne
stolowe
stopniowe
stosowne
stracone
strajkowe
straszne
strazackie
stresujace
strome
strzeleckie
strzyzone
studenckie
stukniete
stuletnie
styczniowe
stylistyczne
stylowe
subtelne
sugestywne
super
surowe
suwerenne
swiadome
swiatle
swieckie
swiecone
swietliste
swietlne
swietne
swiete
swieze
swobodne
swojskie
sycace
sylwestrowe
symboliczne
symfoniczne
sympatyczne
syntetyczne
sypialne
systematyczne
syte
szachowe
szacowne
szacunkowe
szalencze
szalone
szanowne
szare
szaszlykowe
szatynowe
szczegolne
szczere
szczodrobliwe
szczodre
szczuple
szczytowe
szeptane
szeregowe
szerokie
szescdziesiate
szescioletnie
szescsetne
szesnaste
szkodliwe
szlachetne
szoste
szpiegowskie
sztabowe
szybkie
tabloidowe
tajemnicze
tajemne
tajne
taktowne
tamtejsze
tancujace
tandetne
taneczne
tanie
targowe
tatarskie
teatralne
teatrologiczne
techno
technocentryczne
technologiczne
tegie
tegoroczne
teistyczne
teksciarskie
tekstologiczne
tekstualne
tektoniczne
tekturowe
teledyskowe
telegeniczne
telemarketingowe
telenowelowe
teleologiczne
telesprzedazowe
telezakupowe
tematyczne
tenisowe
teologiczne
teoretyczne
tepe
terapeutyczne
terazniejsze
terenowe
termiczne
terrorystyczne
tetnicze
tiramisu
tirowe
tlenowe
tlumne
tluste
tluszczowe
toksyczne
toksykologiczne
toksynotworcze
tolerancyjne
toniczne
topione
totalitarne
totalitarystyczne
totalne
towarowe
tradycyjne
trafione
trafne
tragiczne
tramwajowe
transportowe
trawiaste
trawienne
trefl
treningowe
triumfujace
troskliwe
trotylowe
trudne
trujace
trupie
tryumfujace
trywialne
trzechsetne
trzecie
trzezwe
trzydniowe
trzydziestoletnie
trzydzieste
trzykrotne
trzyletnie
trzynaste
tumanowate
tuningowe
turystyczne
tutejsze
twarde
tworcze
tygodniowe
tylne
tymczasowe
tysiaczne
tysieczne
tytoniowe
tytulowe
ubezpieczeniowe
ubiegloroczne
ubiegle
uboczne
ubogie
uciazliwe
uczciwe
uczeszczane
uczone
udane
uderzajace
ufne
ujechane
ujmujace
ukochane
ukorzenione
ulegle
ulgowe
ulicowe
uliczne
ulotne
ulubione
umarle
umiejetne
umiejscowione
umowne
umyslne
unijne
unikalne
unikatowe
uniseks
uniseksowe
uniseksualne
uniwersyteckie
upadle
upalne
upalone
uparte
upokarzajace
uporczywe
uposledzone
upozowane
upragnione
uprawne
uprzednie
uprzedzajace
uprzejme
urabane
uradowane
urazone
urobione
urocze
uroczyste
urodzajne
urodziwe
urodzone
urologiczne
urzednicze
urzedowe
urzedujace
uslugowe
usmiechniete
uspione
ustawiczne
ustawodawcze
ustne
utajone
utalentowane
utarte
utopijne
uwazne
uzaleznione
uzasadnione
uznane
uzyteczne
uzytkowe
uzywane
wadliwe
wakacyjne
waleczne
walniete
walne
walutowe
waniliowe
wariackie
wariantowe
wariantywne
wariatowate
warstwowe
warsztatowe
wart
warunkowe
warzywne
waskie
watle
watpliwe
wazkie
wazne
wczasowe
wczorajsze
wdzieczne
wedrowne
weganskie
weglonosne
weglowe
welniane
welniarskie
welnistowlose
welniste
welnonosne
wenerologiczne
weneryczne
werbalne
wersologiczne
wersyfikacyjne
werystyczne
weselne
wesolkowate
wesoluchne
wesolutkie
wesole
wewnatrzresortowe
wewnetrzne
wiadome
wiarolomne
wiarygodne
wiatrowe
wiazace
wiazane
wideo
widoczne
widowiskowe
widzialne
wieczne
wieczorowe
wieczyste
wiejskie
wiekowe
wiekszosciowe
wielkanocne
wielkie
wielogodzinne
wielokrotne
wieloletnie
wielonarodowe
wiencowe
wieprzowe
wietrzne
wiezienne
wigilijne
wilgotne
wino
wiodace
wiolinistyczne
wiolonczelowe
wiosenne
wirtualne
wirusowe
wisniowe
wizowe
wizualne
wlane
wlasciwe
wlasnosciowe
wlasne
wlosowate
wnikliwe
wodne
wojenne
wojewodzkie
wojskowe
wolne
wolowe
wonne
wpatrzone
wplywowe
wrazliwe
wredne
wrodzone
wrogie
wrosle
wrosniete
wrzace
wrzesniowe
wschodzace
wsciekle
wsiowe
wskazane
wspaniale
wspiete
wspinaczkowe
wspolne
wstrzasajace
wstydliwe
wszechobecne
wszechstronne
wtorkowe
wulgarne
wybitne
wyborcze
wybrakowane
wybuchowe
wyciagniete
wyciete
wyczekujace
wyczuwalne
wyczynowe
wydajne
wydatne
wydolne
wydzielnicze
wygadane
wygorowane
wygrane
wyjatkowe
wyjazdowe
wykluczone
wykonawcze
wykonczone
wykrecone
wykrzywione
wykwalifikowane
wykwintne
wylaczne
wymiarowe
wymowne
wymuszone
wymyslne
wyniosle
wypadkowe
wypalone
wypasione
wypoczete
wyprane
wyprobowane
wyprostowane
wypukle
wyrafinowane
wyraziste
wyrazne
wyrosle
wyrosniete
wyrownane
wyrywne
wyscigowe
wysmienite
wysokie
wysokogorskie
wysokosciowe
wyspane
wystarczajace
wyszukane
wytarte
wytrawne
wytrwale
wytrzymale
wytworcze
wytworne
wywiadowcze
wyznaniowe
wyzsze
wyzwolencze
wyzwolone
wyzywajace
wzajemne
wzburzone
wzniosle
wzruszajace
wzruszone
zabawne
zabawowe
zabiegane
zabojcze
zaborcze
zachodnie
zachowawcze
zaciekle
zaciete
zacne
zacofane
zadarte
zadbane
zadne
zadomowione
zadowolone
zagadkowe
zaginione
zagmatwane
zagubione
zainteresowane
zajete
zajmujace
zakazne
zakladowe
zaklopotane
zakonne
zakrecone
zalamane
zalegle
zalezne
zalosne
zalozycielskie
zamarle
zamieszkale
zamkniete
zamozne
zaniedbane
zaoczne
zaorane
zapachowe
zapadle
zapalne
zapalone
zapatrzone
zapinane
zaplakane
zapracowane
zarliwe
zarobkowe
zarosniete
zartobliwe
zasadnicze
zasadzone
zasobne
zaspane
zastale
zatarte
zatloczone
zatracone
zatroskane
zaufane
zauwazalne
zawiedzione
zawiklane
zawile
zawolane
zazdrosne
zazenowane
zbedne
zbiegle
zbiorowe
zbite
zboczone
zbozowe
zbrodnicze
zbrojeniowe
zbrojne
zbudowane
zbyteczne
zbytnie
zdecydowane
zdesperowane
zdeterminowane
zdezorientowane
zdolne
zdrowe
zdyscyplinowane
zdyszane
zegarowe
zespolowe
zeszloroczne
zeszle
zewnetrzne
zgarbione
zgaszone
zgnile
zgodne
zgrabiale
zgrabne
zgrane
zgrzybiale
zgubne
zielonkawe
zielone
ziemniaczane
ziemne
zimne
zimowe
ziolowe
zlamane
zlociste
zlosliwe
zlote
zlowrogie
zludne
zle
zmacone
zmarle
zmartwychwstale
zmarzle
zmazywalne
zmechanizowane
zmeczone
zmieszane
znaczne
znajome
znane
zniecierpliwione
zniewalajace
znikome
zniszczone
znoszone
zolciowe
zolnierskie
zolte
zonate
zorganizowane
zrabane
zrace
zreczne
zrezygnowane
zrobione
zrodlowe
zrownowazone
zrozpaczone
zrozumiale
zuchwale
zwarte
zwawe
zwiazane
zwiazkowe
zwiezle
zwinne
zwrotne
zwyczajne
zwykle
zyczliwe
zygzakowate
zywieniowe
zywiolowe
zywnosciowe
zywe
zyzne
