abolicjonistyczna
aborcyjna
absolutna
absolutystyczna
absolwencka
absorpcyjna
abstrakcyjna
absurdalna
adagio
adekwatna
administracyjna
adwokacka
aeronautyczna
aferogenna
afganistanska
aforystyczna
afro
afrykanistyczna
agenturalna
agitatorska
aglomeracyjna
agnostyczna
agresywna
agronomiczna
agrotechniczna
agroturystyczna
ahistoryczna
ajurwedyjska
akacjowa
akademicka
akademijna
akantowa
akcesyjna
akcyjna
akredytacyjna
akrobatyczna
aksamitna
aksjologiczna
aktorska
aktualna
aktywacyjna
aktywistyczna
aktywna
akupresurowa
akuratna
akustyczna
akwizycyjna
akwizytorska
alarmowa
albumowa
alchemiczna
alergiczna
algebraiczna
aliancka
alimentacyjna
allegretto
allegro
aloesowa
alokacyjna
alterglobalistyczna
alternacyjna
alternatywna
altowkowa
altowa
altruistyczna
aluminiowa
amarantowa
amatorska
ambasadorska
ambicjonerska
ambient
ambientowa
ambitna
ambiwalentna
ambulatoryjna
amebowata
amerykanistyczna
anabaptystyczna
anaboliczna
anachroniczna
analogiczna
analogowa
ananasowa
anarchistyczna
anarchosyndykalistyczna
anatomiczna
andante
anemiczna
anestezjologiczna
anglikanska
anglistyczna
anielska
anime
animistyczna
aniolkowata
anonimowa
anorektyczna
antonimiczna
antropocentryczna
antropologiczna
antycellulitowa
antyczna
antydepresyjna
antyfeministyczna
antykoncepcyjna
antypatyczna
antyrynkowa
antyspamowa
antywirusowa
anyzkowa
apatyczna
apelacyjna
aplikacyjna
apodyktyczna
apokryficzna
apologetyczna
apostolska
aprowizacyjna
apteczna
aptekarska
aranzacyjna
arbitralna
archaiczna
archeologiczna
architektoniczna
archiwalna
archiwistyczna
arcybogata
arcyciekawa
armatorska
arogancka
aromatyczna
artretyczna
artyleryjska
artystyczna
aryjska
arystokratyczna
arytmogenna
ascetyczna
aseptyczna
asertywna
asfaltowa
asowa
astrologiczna
astronomiczna
asystencka
atawistyczna
ateistyczna
atmosferyczna
atomowa
atrakcyjna
atrialna
audio
aukcyjna
autobusowa
automatyczna
awangardowa
awanturnicza
awaryjna
azotowa
azylowa
baba
babska
badawcza
badziewna
bagazowa
bajer
bajerancka
bajerek
bajerka
bajerna
bajkopisarska
bajroniczna
bakteriologiczna
balangowa
baloniasta
balonowata
balonowa
balowa
balwanowata
banalna
bananowa
bandycka
bankomatowa
bankowa
baptystyczna
barana
barazowa
barbarzynska
barczysta
barokowa
baronowska
baronska
barterowa
barwna
barytonowa
baseballowa
basowa
bawelniana
bazowa
bebopowa
belferska
benzynowa
benzynozerna
bestialska
bestsellerowa
betonowa
bezabonamentowa
bezalkoholowa
bezapelacyjna
bezbarwna
bezbledna
bezbronna
bezcenna
bezczelna
bezczynna
bezdomna
bezdotykowa
bezglosna
bezgotowkowa
bezgrzeszna
bezgwiezdna
bezideowa
bezinteresowna
bezkarna
bezkompromisowa
bezkonfliktowa
bezkrwawa
bezlesna
bezlitosna
bezmozga
bezmyslna
beznadziejna
bezpartyjna
bezplatna
bezplodna
bezpodstawna
bezposredna
bezprawna
bezprzewodowa
bezradna
bezrobotna
bezsensowna
bezsilna
bezskuteczna
bezsniezna
bezsporna
beztlenowa
beztroska
bezustanna
bezwietrzna
bezwladna
bezwlosa
bezwzgledna
bialawa
bialopiora
bialoskora
bialowlosa
bialuchna
biala
biblijna
bibliograficzna
biblioteczna
bibliotekarska
bibliotekoznawcza
biedna
biegla
biegunowa
bieluchna
bielutka
bierna
biesiadna
biezaca
bilansowa
bilardowa
bilateralna
biobojcza
biogenna
biorytmiczna
bioterapeutyczna
bis
biseksualna
biskupa
bita
biurokratyczna
biurowa
blada
blaha
blaszana
blazenska
bledna
blekitna
bliska
blizna
bloga
blogoslawiona
blogowa
blokowiskowa
blond
bluszczowata
blyskawiczna
blyskotliwa
bobrowa
bobrza
boczna
bogatotluszczowa
bogata
bohaterska
bojazliwa
bojowa
bolszewicka
bomba
bombowa
bosa
boza
brakujaca
braminska
branzowa
bratobojcza
brazowa
brejowata
brokerska
brudnawa
brudna
brunatna
brutalna
brutto
brzozowa
brzuchata
brzuszna
brzydka
buchalterska
bucowata
buddyjska
budowlana
budujaca
budzetowa
bujna
bukmacherska
buracka
burawa
bursztynowa
bura
burzliwa
burzowa
burzuazyjna
byla
bystra
bytowa
bywala
calkowita
calodobowa
calopostaciowa
calostalowa
carska
cateringowa
celna
celowa
celujaca
ceniona
cenna
cenowa
centralna
ceremonialna
cesarska
cewkowata
chaotyczna
charakterna
charakterystyczna
charytatywna
chciwa
chemiczna
chemioterapeutyczna
chemoterapeutyczna
chetna
chimeryczna
chirurgiczna
chlodnawa
chlodna
chlonna
chmurna
chochlikowata
chodliwa
chodnikowa
chodzaca
chodziarska
chojracka
cholerna
chora
chroniona
chropata
chropawa
chropowata
chrystocentryczna
chrystusowa
chrzescijanska
chrzestna
chuchrowata
chuderlawa
chuda
chujowa
chwiejna
chwilowa
chybiona
chytra
ciagla
ciamajdowata
ciapowata
ciasna
cichutka
cicha
ciekawska
ciekawa
cieklokrystaliczna
cieleca
cielesna
cielna
ciemnawa
ciemnokasztanowata
ciemnoniebieska
ciemnopopielata
ciemnoskora
ciemnowlosa
ciemna
cieniutka
cienka
ciepla
cierpliwa
cieta
ciezarna
ciezarowa
ciezka
cmentarna
cnotliwa
cna
codzienna
coroczna
countrowa
countra
cudacka
cudaczna
cudna
cudowna
cudza
cukierkowata
cukrowa
cwaniakowata
cwana
cykliczna
cylindrowa
cylindryczna
cyrkowa
cytrynowa
cywilizacyjna
cywilizowana
cywilna
czaderska
czapeczkowata
czarniutka
czarnoksieska
czarnopiora
czarnoskora
czarnowlosa
czarna
czarodziejska
czarujaca
czasowa
czastkowa
czcigodna
czekoladopodobna
czekoladowa
czepialska
czerwcowa
czerwona
czesciowa
czesta
czlonkowska
czlowiecza
czolowkowa
czolowa
czterdziesta
czterechsetna
czternasta
czterokrotna
czteroletna
czujna
czula
czwartkowa
czwarta
czynna
czysta
czytelna
dagerotypowa
daleka
dalekonosna
dalekosiezna
dance
dandysowata
dandysowska
daremna
darmowa
dawna
dbala
debowa
decydujaca
definiowalna
dekoracyjna
dekoratywna
delikatna
denerwujaca
denna
dentystyczna
desperacka
despotyczna
destrukcyjna
deszczowa
detaliczna
dewizowa
diagnostyczna
dluga
dlugofalowa
dlugoletna
dlugoterminowa
dlugotrwala
dmuchana
dobitna
dobowa
dobroczynna
dobroduszna
dobrowolna
dobra
docelowa
dochodowa
dochodzaca
doczesna
dodatkowa
dogodna
dojrzala
dokladna
doktorska
dokuczliwa
dokumentalna
dolarodajna
dolna
domaciczna
domniemana
domocentryczna
domorosla
domowa
domozgowa
donicowata
doniosla
donosna
dopochwowa
dopuszczalna
doradcza
dorazna
doroczna
dorodna
dorosla
doskonala
doslowna
dostateczna
dostatna
dostawcza
dostepna
dostojna
dostrzegalna
doswiadczona
dotkliwa
dotychczasowa
dotykowa
douszna
dowcipna
dowodowa
dowolna
dozwolona
dozylna
dozywotna
draczna
dramatyczna
drazliwa
dretwa
drewniana
drobniutka
drobnopestkowa
drobna
droga
drogocenna
drogowa
druga
drugorzedna
drutowata
drwiaca
drzewkowata
drzewna
duchowna
durnowata
durna
dusznawa
duszna
duszpasterska
duza
dworska
dwudniowa
dwudziesta
dwukrotna
dwuletna
dwunasta
dwuosobowa
dwupokojowa
dwusetna
dwustronna
dwutygodniowa
dwuznaczna
dychotomiczna
dyletancka
dymisyjna
dymna
dymowa
dynastyczna
dyplomatyczna
dyscyplinarna
dyskotekowa
dyskretna
dyskusyjna
dysponowana
dyspozycyjna
dyzurna
dzdzysta
dziabnieta
dzialaczowska
dzialkowa
dziana
dziarska
dzieciata
dziecieca
dziecinna
dziedziczna
dzielna
dziesiata
dziesietna
dziewczeca
dziewczynkowata
dziewiata
dziewicza
dziewiecdziesiata
dziewiecsetna
dziewietnastowieczna
dziewietnasta
dzika
dzisiejsza
dziurawa
dziurkowata
dziwaczna
dziwkarska
dziwna
dzwiekowa
efektowna
egocentryczna
egzotyczna
ekologiczna
ekonomiczna
ekskluzywna
eksploatacyjna
eksportowa
ekstra
ekumeniczna
elastyczna
elegancka
elektromagnetyczna
elektroniczna
elektryczna
elementarna
elewacyjna
elitarna
emerytalna
emerytowana
emigracyjna
emigrancka
emocjonalna
emocjonujaca
empiryczna
energetyczna
energiczna
energochlonna
energoterapeutyczna
energozerna
erogenna
erotomanska
erotyczna
etatowa
eufemiczna
eufemistyczna
ewangelicka
ewentualna
fabryczna
fabularna
fagotowa
fajna
falowa
falszywa
familijna
fantastyczna
farbowana
fascynujaca
faszystowska
fatalna
festiwalowa
fikcyjna
filmowa
finansowa
fioletowa
firmowa
fiskalna
flegmatyczna
formalna
fotograficzna
frontowa
fryzjerska
fundamentalna
futerkowa
futrzana
gamma
gastronomiczna
gazowa
gejowska
generalna
genetyczna
genialna
gesa
gesta
gieldowa
gieta
gigantyczna
gimnastyczna
gipsowa
gladka
gleboka
gliniana
globalna
glodniutka
glodna
glodowkowa
glodowa
glosna
glosowa
glowna
glucha
glupawa
glupa
glupowata
gminna
gniewna
godzinna
godziwa
golawa
goleba
gola
goncza
goraca
goraczkowa
gorczycowa
gorczyczna
gorliwa
gorna
gorska
gorszaca
goryczkowata
gorzelnicza
gorzka
gorzkokwasna
goscinna
gospodarcza
gospodarska
gotowkowa
gotycka
grafitowa
grafomanska
gramofonowa
granatowa
graniasta
graniczna
granitowa
gratisowa
grobowa
gromka
groteskowa
grozna
grubianska
gruba
grudniowa
gruntowna
gruntowa
gryzaca
grzeczna
grzeszna
gwarancyjna
gwarantowana
gwiazdzista
gwiezdna
gwiezdzista
handlowa
haniebna
harcerska
herbaciana
heroiczna
hierarchiczna
hipoteczna
hipsterska
hojna
homofoniczna
homoseksualna
hormonalna
hotelowa
humanistyczna
humanitarna
hurtowa
hydrauliczna
idealna
ideowa
idiotyczna
imienna
immunologiczna
indywidualna
inflacjogenna
inflacyjna
instytucjonalna
integralna
inteligentna
intensywna
interesujaca
inwestycyjna
inzynieryjna
irracjonalna
irytujaca
islamska
istotna
jadalna
jadowita
jadrowa
jajeczna
jajkowata
jajonosna
jajorodna
jajowata
jajozyworodna
jakikolwiek
jalowa
jarzynowa
jaskrawa
jasna
jawna
jeden
jedenasta
jednakowa
jednoczesna
jednodniowa
jednoosobowa
jednorazowa
jednorodzinna
jednostronna
jednoznaczna
jedrna
jedwabista
jedwabna
jedyna
jesienna
jezdna
jezykowa
jubileuszowa
jutrzejsza
kablowa
kadrowa
kaleka
kalwinska
kameralna
kamienna
kanalizacyjna
kapitalistyczna
kapitalna
kapitalowa
kaplanska
kaprysna
karalna
karnawalowa
karna
karo
kara
kaszkowata
kaszowata
kasztanowata
kasztanowlosa
katolicka
katorznicza
katowa
kawiorowa
kazda
kiepska
kier
kierownicza
kierunkowa
kieszonkowa
kilkakrotna
kilkudniowa
kilkuletna
kilkunastoletna
kinowa
klasycystyczna
klasyczna
klawesynowa
klerycka
klimatyczna
klopotliwa
klubowa
kluczowa
koalicyjna
kobieca
kochana
koca
kolejna
kolezenska
kolonialna
kolonijna
kolorowa
kolorystyczna
kolosalna
komercyjna
komfortowa
komiczna
komorkowa
kompetentna
kompleksowa
kompletna
kompromitujaca
komputerowa
komunalna
komunikacyjna
koncowa
konieczna
konkordatowa
konkretna
konkurencyjna
konkursowa
konna
konsekwentna
konserwatywna
konska
konspiracyjna
konstrukcyjna
konstruktywna
kontaktowa
kontrolna
kontrowersyjna
kontynentalna
konwencjonalna
kopalna
koronkowa
koronna
korupcyjna
kosmiczna
kostna
koszmarna
kosztowna
koza
kpiaca
krajobrazowa
krancowa
krecona
kremowa
krepujaca
krepa
kreta
krewna
kroczaca
krolewska
krotka
krotkoterminowa
krotkotrwala
krucha
krwawa
krwionosna
krwistoczerwona
kryminalna
kryta
krytyczna
krzyczaca
krzywa
krzyzacka
krzyzowa
ksiegowa
ksiezowska
ksieza
ksiezycowa
kuchenna
kulawa
kulinarna
kulista
kulkowata
kultowa
kulturalna
kulturowa
kupiecka
kupna
kurczowa
kuriozalna
kusicielska
kusa
kuta
kwadratowa
kwalifikacyjna
kwalifikowana
kwasna
kwietniowa
kwitnaca
laczna
ladna
ladowa
lagodna
lalkowata
lalusiowata
lamana
lamerska
lancetowata
lancuchowa
lanserska
laptopowa
largo
laskawa
lateksowa
latwa
lawinowa
leciwa
legalna
legawa
lekarska
lekka
leniwa
lepka
lepsza
letna
lewicowa
lewa
licha
liczbowa
liczebna
liczna
ligowa
liniowa
linowa
lipcowa
lipna
lipowa
liryczna
lisciowata
listewkowata
listewkowa
listkowata
listopadowa
liszajowata
litanijna
literalna
literaturoznawcza
literowa
litrowa
liturgiczna
lizusowska
lnianowlosa
lniana
lobbingowa
lobbistyczna
lobbystyczna
lodowata
lodowcowa
lodowa
lojalna
lokalowa
losowa
lotnicza
lotna
lowcza
lowiecka
ludowa
ludzka
lukratywna
luksusowa
lumpeksowa
lureksowa
lustracyjna
lutowa
luzacka
luzna
lysa
machinalna
macierzynska
macierzysta
madra
madrzejsza
magisterska
majatkowa
majowa
makabryczna
maklerska
makroekonomiczna
maksymalna
malarska
malenka
maloletna
malomowna
malowana
malownicza
malutka
mala
marcowa
marketingowa
markotna
markowa
marksistowska
marmurowa
marna
marszalkowska
martwa
masowa
masywna
matczyna
materialowa
matolkowata
matolowata
matowa
maturalna
mdla
merytoryczna
metaboliczna
meteorologiczna
metna
metrowa
mezzosopranowa
mglista
miastowa
miazdzaca
miedzianoskora
miedzianowlosa
miedziana
miedzionosna
miedziowa
miedzyludzka
miedzynarodowa
miedzywojenna
miejska
miekkawa
miekka
miesieczna
miesniowa
miesna
mieszana
mieszczanska
mieszkalna
mieszkaniowa
migdalowata
milczaca
miliardowa
milionowa
militarna
milosierna
milosna
mila
mimetyczna
mimowolna
mina
miniaturowa
minimalna
minowa
minutowa
miodna
miodzio
mistrzowska
mistyczna
mityczna
mizerna
mleczna
mlekowa
mlodociana
mlodsza
mloda
mlodziencza
mlodziezowa
mlodziutka
mniejszosciowa
mobilizujaca
mocna
moczowa
modelowa
modna
moherowa
mokra
monofoniczna
monopolistyczna
monopolowa
monoteistyczna
monotonna
monumentalna
mordercza
morska
mosiezna
motelowa
motorowa
motoryzacyjna
motywacyjna
motywujaca
mozgowa
mozliwa
moznowladcza
mozna
mozolna
mrozna
mudzahedinska
mulista
mundurowa
murowana
murzynska
musla
muszlowata
muszlowa
muzealna
muzulmanska
muzykoterapeutyczna
myjaca
myslaca
mysliwska
myslowa
mzysta
nabialowa
nabrzmiala
nacjonalistyczna
naczelna
naczyniowa
nadmierna
nadmorska
nadmuchiwana
nadprzyrodzona
nadrzedna
nadziana
nadzorcza
nadzwyczajna
naganna
naga
naglaca
nagla
nagrobkowa
nagrobna
nagrzana
naiwna
najedzona
najnizsza
najwyzsza
nalana
nalezna
nalezyta
namaszczona
namietna
namolna
napieta
naprawcza
narabana
narciarska
narosla
narosnieta
narzedziowa
nasiakliwa
nasienna
nastepna
nastepujaca
nasycona
natarczywa
natretna
naturalna
natychmiastowa
nawigacyjna
naziemna
nazistowska
nedzna
negatywna
nerwowa
netto
niebagatelna
niebieska
niebyla
niebywala
niecala
niechetna
niechybna
nieciekawa
niecierpliwa
niecodzienna
nieczysta
niedaleka
niedluga
niedobra
niedojrzala
niedopuszczalna
niedorzeczna
niedoskonala
niedostateczna
niedostepna
niedoszla
niedozwolona
nieduza
niedzielna
nieformalna
niegrzeczna
nieistotna
niejasna
niejeden
niekonczaca
niekontrolowana
niekonwencjonalna
nielatwa
nielegalna
nieletna
nieliczna
niemala
niemilosierna
niemila
niemozliwa
niema
nienaganna
nienasycona
nienaturalna
nienormalna
nieobecna
nieobliczalna
nieoceniona
nieoczekiwana
nieodpowiedna
nieodpowiedzialna
nieodzowna
nieoficjalna
nieparzysta
niepelnosprawna
niepewna
niepodlegla
niepodwazalna
niepojeta
niepotrzebna
niepowazna
niepowtarzalna
niepozadana
nieprawdopodobna
nieprawdziwa
nieprawidlowa
nieprzerwana
nieprzewidywalna
nieprzewidziana
nieprzyjacielska
nieprzyjemna
nieprzytomna
nieprzyzwoita
niepubliczna
nierealna
nierowna
nieruchoma
niesamowita
niesforna
nieskonczona
nieskrepowana
nieskuteczna
nieslubna
niesluszna
nieslychana
niesmiala
niespodziewana
niespokojna
niespotykana
niesprawiedliwa
niestosowna
nieswiadoma
nieszczesliwa
nieszczesna
nietrzezwa
nieublagana
nieuchronna
nieuchwytna
nieuczciwa
nieudana
nieudolna
nieufna
nieuleczalna
nieustajaca
nieustanna
nieuzasadniona
niewatpliwa
niewazna
niewiadoma
niewiarygodna
niewidoczna
niewidoma
niewielka
niewierna
niewinna
niewlasciwa
niewykluczona
niewyobrazalna
niewyrazna
niewysoka
niewystarczajaca
niezadowolona
niezalezna
niezbedna
niezbita
niezdecydowana
niezdolna
niezdrowa
niezgodna
niezliczona
niezlomna
niezla
nieznaczna
nieznajoma
nieznana
niezrozumiala
niezwloczna
niezwyciezona
niezwykla
niska
nizsza
noclegowa
nocna
nominalna
normalna
normatywna
nosna
nowoczesna
noworoczna
nowotworowa
nowozytna
nowa
nozna
nudna
nuklearna
numeryczna
nutowa
oazowa
obcisla
obca
obecna
obfita
obiecujaca
obiegowa
oblakana
obliczeniowa
oblowiona
obnosna
obojetna
obojowa
obrazliwa
obrosla
obrosnieta
obrzedowa
obrzydliwa
obsceniczna
obserwacyjna
obskurancka
obskurna
obstrukcyjna
obszerna
oburzajaca
oburzona
obyczajowa
obywatelska
ocalala
oceaniczna
ochotnicza
ochronna
oczywista
odczuwalna
oddalona
oddana
oddechowa
oddzielna
odkrywcza
odlegla
odmienna
odosobniona
odpicowana
odpornosciowa
odporna
odpowiedna
odpowiedzialna
odprezona
odpychajaca
odrazajaca
odrebna
odruchowa
odsetkowa
odslonieta
odswietna
odswiezajaca
odwazna
odwieczna
odwietrzna
odwolawcza
odwrotna
odziezowa
odzywcza
oficerska
oficjalna
ogniowa
ognista
ogolnokrajowa
ogolnopolska
ogolna
ogrodowa
ogromna
ohydna
ojcowska
okazala
okienna
okolicznosciowa
okoliczna
okregowa
okresowa
okretowa
okrezna
okropna
okrutna
okupacyjna
olbrzyma
olejna
olejowa
olimpijska
oliwkowa
oliwna
olsniewajaca
opalona
opancerzona
opanowana
opiekuncza
oplacalna
oplakana
oporna
optyczna
optymalna
optymistyczna
opuszczona
oralna
orbitalna
organiczna
organizacyjna
orientalna
oryginalna
orzezwiajaca
osiedlowa
osiemdziesiata
osiemnasta
osiemsetna
oslepiajaca
osma
osobista
osobliwa
osobna
osobowa
ostateczna
ostatna
ostrozna
ostra
ostrzegawcza
ostygla
oswiatowa
oswieceniowa
oswiecona
oswietleniowa
oszczednosciowa
oszczedna
otepiala
otwarta
owczesna
owcza
owocna
owocowa
padaczkowata
paintballowa
pajaczkowata
pajakowata
pajecza
pajeczynowata
palacowa
palaca
palakowata
palcowata
paleoastronautyczna
paleograficzna
paleolityczna
paliatywna
palisadowa
paliwowa
paliwozerna
palna
palpacyjna
pamfletowa
pamiatkarska
pamiatkowa
pamieciowa
pamietnikarska
pamietna
pancerna
paniczna
panislamistyczna
panislamska
panslawistyczna
panstwowa
panteistyczna
papierochlonna
papierowa
papieska
papusna
paradoksalna
paralotniarska
paralotniowa
paranoiczna
paraolimpijska
parapodatkowa
parapsychologiczna
parkowa
parlamentarna
parowa
parszywa
parterowa
partyjna
partyzancka
parzysta
pasazerska
paseistyczna
pasjonujaca
paskowa
paskudna
pasterska
pasywistyczna
pasywna
paszkwilancka
patetyczna
patriotyczna
pazdziernikowa
pecetowa
pedalska
pedofilna
pedofilska
pejsata
pekata
pelniuchna
pelniutka
pelna
penitencjarna
pensjonarska
perfekcyjna
perfekt
perfidna
performerska
perfumeryjna
perfumiarska
perfumowa
pergaminowa
perkusyjna
permanentna
personalna
perspektywiczna
perswazyjna
pesymistyczna
pewien
pewna
piaskowata
piaskowa
piatkowa
piata
piecdziesiata
piecioletna
piecsetna
piekaca
piekarska
piekielna
pieluchowa
pieniezna
pieprznieta
pieprzona
pieprzowata
pieprzykowata
pierdolnieta
pierdolona
piersiowa
pierworodna
pierwotna
pierwsza
pieska
piesza
pietnasta
pietrowa
pijacka
pijana
pik
pikantna
pilkarska
pilna
pionowa
piracka
pisana
pisemna
piwniczna
piwna
platnicza
platna
pleczysta
plocienna
plodna
plowa
plynna
plytka
pnaca
pobliska
poborowa
pobozna
pobudzajaca
pochmurna
pochopna
pochowana
pochyla
pociemniala
pocieszajaca
poczciwa
poczerwieniala
podatkowa
podatna
podbojowa
podcisnieniowa
podczerwona
podejrzliwa
podgorska
podlegla
podluzna
podla
podmiejska
podniecona
podniosla
podnosna
podobna
podpalana
podrazniona
podreczna
podrozna
podskorna
podsluchowa
podstawowa
podstepna
podswiadoma
podwladna
podwodna
podwojna
podyplomowa
podzielona
podziemna
poganska
pogmatwana
pogodna
pogodowa
pogrzebowa
pojedyncza
pokarmowa
pokazna
pokladowa
pokojowa
pokorna
pokrecona
pokrewna
polamana
polarna
polegla
polifoniczna
polnocna
polowa
polroczna
polska
poludniowa
pomaranczowa
pomiarowa
pomidorowa
pomna
pomyslowa
poniedzialkowa
ponizsza
ponowna
ponura
pop
popoludniowa
poprawna
poprzeczna
poprzedna
popularna
poranna
porno
pornograficzna
poroniona
porosla
porosnieta
portowa
porywajaca
porywcza
porywista
porzadna
posepna
posluszna
posmiertna
pospieszna
pospolita
posredna
postepowa
postrzelona
poszczegolna
poszukiwana
poszukujaca
potezna
potrojna
potrzebna
potulna
potworna
powazna
powiernicza
powierzchowna
powietrzna
powojenna
powolana
powolna
powrotna
powstancza
powstaniowa
powszechna
powtorna
powyborcza
powyzsza
pozadana
pozarna
pozbawiona
pozegnalna
pozioma
pozolkla
pozostala
pozycyjna
pozyteczna
pozytywna
pracowita
pracownicza
pracujaca
pragmatyczna
praktyczna
prawdopodobna
prawdziwa
prawicowa
prawidlowa
prawnicza
prawomocna
prawoslawna
prawa
precyzyjna
predka
preferencyjna
premierowa
prestizowa
produkcyjna
profetyczna
profilaktyczna
programowa
prokreacyjna
promieniotworcza
promienna
promocyjna
prorynkowa
prostacka
prostopadla
prosta
proszaca
proszona
protestancka
prowizoryczna
prowokujaca
prozna
prymitywna
prysznicowa
prywatna
przebogata
przechodna
przechodzona
przeciagla
przecietna
przeciwbolowa
przeciwlegla
przeciwlotnicza
przeciwna
przeciwpozarowa
przeciwstawna
przeciwzapalna
przedna
przedostatna
przedsiebiorcza
przedterminowa
przedwczesna
przedwojenna
przedwyborcza
przegrana
przejeta
przejmujaca
przejrzala
przejsciowa
przekonana
przelomowa
przelotna
przenikliwa
przenosna
przepiekna
przepracowana
przepraszajaca
przerazajaca
przerazliwa
przerazona
przerosla
przerozna
przesadna
przesadzona
przesliczna
przestepcza
przestepna
przestraszona
przeszla
przetargowa
przewidujaca
przewlekla
przewodna
przewozowa
przewrotna
przezroczysta
przezyta
przybrana
przybrzezna
przybyla
przychylna
przydrozna
przygotowawcza
przygraniczna
przyjacielska
przyjazna
przyjemna
przyjeta
przyjezdna
przykladowa
przykra
przykucnieta
przymusowa
przyrodna
przyrodnicza
przysiegla
przystojna
przyszloroczna
przyszla
przytomna
przytulna
przyziemna
przyzwoita
psa
publiczna
pucolowata
puculowata
puknieta
purpurowa
pusta
pustynna
puzonowa
pycha
pyszna
pytajaca
pyzata
rabnieta
racjonalna
rad
radiacyjna
radioaktywna
radiolokacyjna
radosna
radykalna
radziecka
rajdowa
rajska
rakietowa
randkowa
rankingowa
rasistowska
rasowa
ratownicza
ratunkowa
reaktywna
realizacyjna
realna
recyklingowa
reczna
redukcjonistyczna
referencyjna
refinansowa
reformowalna
regularna
rehabilitacyjna
rejestracyjna
rejestrowa
rejonowa
reklamowa
rekordowa
rekreacyjna
rekrutacyjna
relaksujaca
relatywna
religijna
renesansowa
renomowana
rentierska
rentowna
reprezentatywna
republikanska
restryktywna
retoryczna
rewelacyjna
rezerwowa
robotnicza
roczna
rodzicielska
rodzima
rodzinna
rodzona
rogowa
romanska
romantyczna
roponosna
roslinna
roslinobojcza
rosla
rosochata
rotacyjna
rowerowa
rownoczesna
rownolegla
rownomierna
rownoznaczna
rowna
rozana
rozbawiona
rozbierana
rozbita
rozczarowana
rozdrazniona
rozesmiana
rozgoryczona
rozgwiezdzona
rozkoszna
rozkwitla
rozkwitnieta
rozlegla
rozliczeniowa
rozna
rozowa
rozpaczliwa
rozpalona
rozpinana
rozpoznawcza
rozrosla
rozrosnieta
rozsadna
rozszalala
rozumna
rozwalona
rozwinieta
rozwleczona
rozwlekla
rozwojowa
rudawa
ruderowata
rudonosna
rudowlosa
ruda
rwana
rybacka
rybna
rychla
rygorystyczna
rynkowa
ryzykowna
rzadka
rzadowa
rzeczna
rzeczywista
rzekoma
rzetelna
rzezwiaca
rzezwa
sabotazowa
sadzona
sakralna
saksofonowa
samobojcza
samochodowa
samochwalcza
samochwalna
samodzielna
samoistna
samokrytyczna
samoksztalceniowa
samoswiadoma
samotnicza
samotna
sasiedna
sasiedzka
satelitarna
sceniczna
sceptyczna
schabowa
schludna
sciemniala
scisla
secesyjna
sedziwa
sejmowa
sekata
sekowata
seksistowska
seksistyczna
seksoholiczna
seksowna
senna
sensacyjna
sensowna
sentymentalna
sercowa
serdeczna
serio
serwerowa
seryjna
setna
sezamkowa
sezamowa
sezonowa
sfrustrowana
siatkowata
siatkowa
sieciowa
siedemdziesiata
siedemnasta
siedemsetna
sierpniowa
silna
sina
siodma
siwa
skalista
skalna
skapa
skarbowa
skladowa
sklebiona
sklepowa
sklonna
skonana
skonczona
skorna
skora
skorzana
skosna
skrajna
skrepowana
skromna
skrwawiona
skrzywiona
skupiona
skurczona
skurwysynska
skuteczna
skwapliwa
skwarna
slabawa
slabiuchna
slabiutka
slaba
slawna
slepa
sliczna
slodkawa
slodka
slodziuchna
sloneczna
slona
slowna
slubna
sluszna
sluzbista
sluzbowa
sluzowa
slynna
smaczna
smakowita
smiala
smierdzaca
smiertelna
smieszna
smukla
smutna
sniada
sniegowa
sniezna
sobotna
socjaldemokratyczna
socjalna
soczysta
sodowa
solidarna
solidna
sosnowa
soul
soulowa
sowiecka
spalinowa
spalona
spamerska
specjalistyczna
specjalna
spektakularna
spelniona
speszona
spiaca
spieniona
spirytualistyczna
spirytystyczna
splaszczona
spleciona
splukana
spocona
spodna
spodziewana
spojna
spokojna
spokrewniona
spoldzielcza
spontaniczna
sporadyczna
sporna
sportowa
spora
spozniona
spozywcza
spragniona
sprana
sprawiedliwa
sprawna
sprezysta
sprytna
sprzymierzona
srebrna
srebrzysta
sredna
sredniowieczna
srodkowa
srodowa
sroga
stacjonarna
stanowcza
staranna
starcza
staropolska
staroswiecka
starozytna
starsza
startowa
stara
statyczna
stawowa
stoleczna
stolowa
stopniowa
stosowna
stracona
strajkowa
straszna
strazacka
stresujaca
stroma
strzelecka
strzyzona
studencka
stuknieta
stuletna
styczniowa
stylistyczna
stylowa
subtelna
sugestywna
super
surowa
suwerenna
swiadoma
swiatla
swiecka
swiecona
swietlista
swietlna
swietna
swieta
swieza
swobodna
swojska
sycaca
sylwestrowa
symboliczna
symfoniczna
sympatyczna
syntetyczna
sypialna
systematyczna
syta
szachowa
szacowna
szacunkowa
szalencza
szalona
szanowna
szara
szaszlykowa
szatynowa
szczegolna
szczera
szczodrobliwa
szczodra
szczupla
szczytowa
szeptana
szeregowa
szeroka
szescdziesiata
szescioletna
szescsetna
szesnasta
szkodliwa
szlachetna
szosta
szpiegowska
sztabowa
szybka
tabloidowa
tajemnicza
tajemna
tajna
taktowna
tamtejsza
tancujaca
tandetna
taneczna
tana
targowa
tatarska
teatralna
teatrologiczna
techno
technocentryczna
technologiczna
tega
tegoroczna
teistyczna
teksciarska
tekstologiczna
tekstualna
tektoniczna
tekturowa
teledyskowa
telegeniczna
telemarketingowa
telenowelowa
teleologiczna
telesprzedazowa
telezakupowa
tematyczna
tenisowa
teologiczna
teoretyczna
tepa
terapeutyczna
terazniejsza
terenowa
termiczna
terrorystyczna
tetnicza
tiramisu
tirowa
tlenowa
tlumna
tlusta
tluszczowa
toksyczna
toksykologiczna
toksynotworcza
tolerancyjna
toniczna
topiona
totalitarna
totalitarystyczna
totalna
towarowa
tradycyjna
trafiona
trafna
tragiczna
tramwajowa
transportowa
trawiasta
trawienna
trefl
treningowa
triumfujaca
troskliwa
trotylowa
trudna
trujaca
trupa
tryumfujaca
trywialna
trzechsetna
trzeca
trzezwa
trzydniowa
trzydziestoletna
trzydziesta
trzykrotna
trzyletna
trzynasta
tumanowata
tuningowa
turystyczna
tutejsza
twarda
tworcza
tygodniowa
tylna
tymczasowa
tysiaczna
tysieczna
tytoniowa
tytulowa
ubezpieczeniowa
ubiegloroczna
ubiegla
uboczna
uboga
uciazliwa
uczciwa
uczeszczana
uczona
udana
uderzajaca
ufna
ujechana
ujmujaca
ukochana
ukorzeniona
ulegla
ulgowa
ulicowa
uliczna
ulotna
ulubiona
umarla
umiejetna
umiejscowiona
umowna
umyslna
unijna
unikalna
unikatowa
uniseks
uniseksowa
uniseksualna
uniwersytecka
upadla
upalna
upalona
uparta
upokarzajaca
uporczywa
uposledzona
upozowana
upragniona
uprawna
uprzedna
uprzedzajaca
uprzejma
urabana
uradowana
urazona
urobiona
urocza
uroczysta
urodzajna
urodziwa
urodzona
urologiczna
urzednicza
urzedowa
urzedujaca
uslugowa
usmiechnieta
uspiona
ustawiczna
ustawodawcza
ustna
utajona
utalentowana
utarta
utopijna
uwazna
uzalezniona
uzasadniona
uznana
uzyteczna
uzytkowa
uzywana
wadliwa
wakacyjna
waleczna
walnieta
walna
walutowa
waniliowa
wariacka
wariantowa
wariantywna
wariatowata
warstwowa
warsztatowa
wart
warunkowa
warzywna
waska
watla
watpliwa
wazka
wazna
wczasowa
wczorajsza
wdzieczna
wedrowna
weganska
weglonosna
weglowa
welniana
welniarska
welnistowlosa
welnista
welnonosna
wenerologiczna
weneryczna
werbalna
wersologiczna
wersyfikacyjna
werystyczna
weselna
wesolkowata
wesoluchna
wesolutka
wesola
wewnatrzresortowa
wewnetrzna
wiadoma
wiarolomna
wiarygodna
wiatrowa
wiazaca
wiazana
wideo
widoczna
widowiskowa
widzialna
wieczna
wieczorowa
wieczysta
wiejska
wiekowa
wiekszosciowa
wielkanocna
wielka
wielogodzinna
wielokrotna
wieloletna
wielonarodowa
wiencowa
wieprzowa
wietrzna
wiezienna
wigilijna
wilgotna
wino
wiodaca
wiolinistyczna
wiolonczelowa
wiosenna
wirtualna
wirusowa
wisniowa
wizowa
wizualna
wlana
wlasciwa
wlasnosciowa
wlasna
wlosowata
wnikliwa
wodna
wojenna
wojewodzka
wojskowa
wolna
wolowa
wonna
wpatrzona
wplywowa
wrazliwa
wredna
wrodzona
wroga
wrosla
wrosnieta
wrzaca
wrzesniowa
wschodzaca
wsciekla
wsiowa
wskazana
wspaniala
wspieta
wspinaczkowa
wspolna
wstrzasajaca
wstydliwa
wszechobecna
wszechstronna
wtorkowa
wulgarna
wybitna
wyborcza
wybrakowana
wybuchowa
wyciagnieta
wycieta
wyczekujaca
wyczuwalna
wyczynowa
wydajna
wydatna
wydolna
wydzielnicza
wygadana
wygorowana
wygrana
wyjatkowa
wyjazdowa
wykluczona
wykonawcza
wykonczona
wykrecona
wykrzywiona
wykwalifikowana
wykwintna
wylaczna
wymiarowa
wymowna
wymuszona
wymyslna
wyniosla
wypadkowa
wypalona
wypasiona
wypoczeta
wyprana
wyprobowana
wyprostowana
wypukla
wyrafinowana
wyrazista
wyrazna
wyrosla
wyrosnieta
wyrownana
wyrywna
wyscigowa
wysmienita
wysoka
wysokogorska
wysokosciowa
wyspana
wystarczajaca
wyszukana
wytarta
wytrawna
wytrwala
wytrzymala
wytworcza
wytworna
wywiadowcza
wyznaniowa
wyzsza
wyzwolencza
wyzwolona
wyzywajaca
wzajemna
wzburzona
wzniosla
wzruszajaca
wzruszona
zabawna
zabawowa
zabiegana
zabojcza
zaborcza
zachodna
zachowawcza
zaciekla
zacieta
zacna
zacofana
zadarta
zadbana
zadna
zadomowiona
zadowolona
zagadkowa
zaginiona
zagmatwana
zagubiona
zainteresowana
zajeta
zajmujaca
zakazna
zakladowa
zaklopotana
zakonna
zakrecona
zalamana
zalegla
zalezna
zalosna
zalozycielska
zamarla
zamieszkala
zamknieta
zamozna
zaniedbana
zaoczna
zaorana
zapachowa
zapadla
zapalna
zapalona
zapatrzona
zapinana
zaplakana
zapracowana
zarliwa
zarobkowa
zarosnieta
zartobliwa
zasadnicza
zasadzona
zasobna
zaspana
zastala
zatarta
zatloczona
zatracona
zatroskana
zaufana
zauwazalna
zawiedziona
zawiklana
zawila
zawolana
zazdrosna
zazenowana
zbedna
zbiegla
zbiorowa
zbita
zboczona
zbozowa
zbrodnicza
zbrojeniowa
zbrojna
zbudowana
zbyteczna
zbytna
zdecydowana
zdesperowana
zdeterminowana
zdezorientowana
zdolna
zdrowa
zdyscyplinowana
zdyszana
zegarowa
zespolowa
zeszloroczna
zeszla
zewnetrzna
zgarbiona
zgaszona
zgnila
zgodna
zgrabiala
zgrabna
zgrana
zgrzybiala
zgubna
zielonkawa
zielona
ziemniaczana
ziemna
zimna
zimowa
ziolowa
zlamana
zlocista
zlosliwa
zlota
zlowroga
zludna
zla
zmacona
zmarla
zmartwychwstala
zmarzla
zmazywalna
zmechanizowana
zmeczona
zmieszana
znaczna
znajoma
znana
zniecierpliwiona
zniewalajaca
znikoma
zniszczona
znoszona
zolciowa
zolnierska
zolta
zonata
zorganizowana
zrabana
zraca
zreczna
zrezygnowana
zrobiona
zrodlowa
zrownowazona
zrozpaczona
zrozumiala
zuchwala
zwarta
zwawa
zwiazana
zwiazkowa
zwiezla
zwinna
zwrotna
zwyczajna
zwykla
zyczliwa
zygzakowata
zywieniowa
zywiolowa
zywnosciowa
zywa
zyzna
