abolicjonistyczny
aborcyjny
absolutny
absolutystyczny
absolwencki
absorpcyjny
abstrakcyjny
absurdalny
adagio
adekwatny
administracyjny
adwokacki
aeronautyczny
aferogenny
afganistanski
aforystyczny
afro
afrykanistyczny
agenturalny
agitatorski
aglomeracyjny
agnostyczny
agresywny
agronomiczny
agrotechniczny
agroturystyczny
ahistoryczny
ajurwedyjski
akacjowy
akademicki
akademijny
akantowy
akcesyjny
akcyjny
akredytacyjny
akrobatyczny
aksamitny
aksjologiczny
aktorski
aktualny
aktywacyjny
aktywistyczny
aktywny
akupresurowy
akuratny
akustyczny
akwizycyjny
akwizytorski
alarmowy
albumowy
alchemiczny
alergiczny
algebraiczny
aliancki
alimentacyjny
allegretto
allegro
aloesowy
alokacyjny
alterglobalistyczny
alternacyjny
alternatywny
altowkowy
altowy
altruistyczny
aluminiowy
amarantowy
amatorski
ambasadorski
ambicjonerski
ambient
ambientowy
ambitny
ambiwalentny
ambulatoryjny
amebowaty
amerykanistyczny
anabaptystyczny
anaboliczny
anachroniczny
analogiczny
analogowy
ananasowy
anarchistyczny
anarchosyndykalistyczny
anatomiczny
andante
anemiczny
anestezjologiczny
anglikanski
anglistyczny
anielski
anime
animistyczny
aniolkowaty
anonimowy
anorektyczny
antonimiczny
antropocentryczny
antropologiczny
antycellulitowy
antyczny
antydepresyjny
antyfeministyczny
antykoncepcyjny
antypatyczny
antyrynkowy
antyspamowy
antywirusowy
anyzkowy
apatyczny
apelacyjny
aplikacyjny
apodyktyczny
apokryficzny
apologetyczny
apostolski
aprowizacyjny
apteczny
aptekarski
aranzacyjny
arbitralny
archaiczny
archeologiczny
architektoniczny
archiwalny
archiwistyczny
arcybogaty
arcyciekawy
armatorski
arogancki
aromatyczny
artretyczny
artyleryjski
artystyczny
aryjski
arystokratyczny
arytmogenny
ascetyczny
aseptyczny
asertywny
asfaltowy
asowy
astrologiczny
astronomiczny
asystencki
atawistyczny
ateistyczny
atmosferyczny
atomowy
atrakcyjny
atrialny
audio
aukcyjny
autobusowy
automatyczny
awangardowy
awanturniczy
awaryjny
azotowy
azylowy
babi
babski
badawczy
badziewny
bagazowy
bajer
bajerancki
bajerek
bajerka
bajerny
bajkopisarski
bajroniczny
bakteriologiczny
balangowy
baloniasty
balonowaty
balonowy
balowy
balwanowaty
banalny
bananowy
bandycki
bankomatowy
bankowy
baptystyczny
barani
barazowy
barbarzynski
barczysty
barokowy
baronowski
baronski
barterowy
barwny
barytonowy
baseballowy
basowy
bawelniany
bazowy
bebopowy
belferski
benzynowy
benzynozerny
bestialski
bestsellerowy
betonowy
bezabonamentowy
bezalkoholowy
bezapelacyjny
bezbarwny
bezbledny
bezbronny
bezcenny
bezczelny
bezczynny
bezdomny
bezdotykowy
bezglosny
bezgotowkowy
bezgrzeszny
bezgwiezdny
bezideowy
bezinteresowny
bezkarny
bezkompromisowy
bezkonfliktowy
bezkrwawy
bezlesny
bezlitosny
bezmozgi
bezmyslny
beznadziejny
bezpartyjny
bezplatny
bezplodny
bezpodstawny
bezposredni
bezprawny
bezprzewodowy
bezradny
bezrobotny
bezsensowny
bezsilny
bezskuteczny
bezsniezny
bezsporny
beztlenowy
beztroski
bezustanny
bezwietrzny
bezwladny
bezwlosy
bezwzgledny
bialawy
bialopiory
bialoskory
bialowlosy
bialuchny
bialy
biblijny
bibliograficzny
biblioteczny
bibliotekarski
bibliotekoznawczy
biedny
biegly
biegunowy
bieluchny
bielutki
bierny
biesiadny
biezacy
bilansowy
bilardowy
bilateralny
biobojczy
biogenny
biorytmiczny
bioterapeutyczny
bis
biseksualny
biskupi
bity
biurokratyczny
biurowy
blady
blahy
blaszany
blazenski
bledny
blekitny
bliski
blizni
blogi
blogoslawiony
blogowy
blokowiskowy
blond
bluszczowaty
blyskawiczny
blyskotliwy
bobrowy
bobrzy
boczny
bogatotluszczowy
bogaty
bohaterski
bojazliwy
bojowy
bolszewicki
bomba
bombowy
bosy
bozy
brakujacy
braminski
branzowy
bratobojczy
brazowy
brejowaty
brokerski
brudnawy
brudny
brunatny
brutalny
brutto
brzozowy
brzuchaty
brzuszny
brzydki
buchalterski
bucowaty
buddyjski
budowlany
budujacy
budzetowy
bujny
bukmacherski
buracki
burawy
bursztynowy
bury
burzliwy
burzowy
burzuazyjny
byly
bystry
bytowy
bywaly
calkowity
calodobowy
calopostaciowy
calostalowy
carski
cateringowy
celny
celowy
celujacy
ceniony
cenny
cenowy
centralny
ceremonialny
cesarski
cewkowaty
chaotyczny
charakterny
charakterystyczny
charytatywny
chciwy
chemiczny
chemioterapeutyczny
chemoterapeutyczny
chetny
chimeryczny
chirurgiczny
chlodnawy
chlodny
chlonny
chmurny
chochlikowaty
chodliwy
chodnikowy
chodzacy
chodziarski
chojracki
cholerny
chory
chroniony
chropaty
chropawy
chropowaty
chrystocentryczny
chrystusowy
chrzescijanski
chrzestny
chuchrowaty
chuderlawy
chudy
chujowy
chwiejny
chwilowy
chybiony
chytry
ciagly
ciamajdowaty
ciapowaty
ciasny
cichutki
cichy
ciekawski
ciekawy
cieklokrystaliczny
cielecy
cielesny
cielny
ciemnawy
ciemnokasztanowaty
ciemnoniebieski
ciemnopopielaty
ciemnoskory
ciemnowlosy
ciemny
cieniutki
cienki
cieply
cierpliwy
ciety
ciezarny
ciezarowy
ciezki
cmentarny
cnotliwy
cny
codzienny
coroczny
countrowy
country
cudacki
cudaczny
cudny
cudowny
cudzy
cukierkowaty
cukrowy
cwaniakowaty
cwany
cykliczny
cylindrowy
cylindryczny
cyrkowy
cytrynowy
cywilizacyjny
cywilizowany
cywilny
czaderski
czapeczkowaty
czarniutki
czarnoksieski
czarnopiory
czarnoskory
czarnowlosy
czarny
czarodziejski
czarujacy
czasowy
czastkowy
czcigodny
czekoladopodobny
czekoladowy
czepialski
czerwcowy
czerwony
czesciowy
czesty
czlonkowski
czlowieczy
czolowkowy
czolowy
czterdziesty
czterechsetny
czternasty
czterokrotny
czteroletni
czujny
czuly
czwartkowy
czwarty
czynny
czysty
czytelny
dagerotypowy
daleki
dalekonosny
dalekosiezny
dance
dandysowaty
dandysowski
daremny
darmowy
dawny
dbaly
debowy
decydujacy
definiowalny
dekoracyjny
dekoratywny
delikatny
denerwujacy
denny
dentystyczny
desperacki
despotyczny
destrukcyjny
deszczowy
detaliczny
dewizowy
diagnostyczny
dlugi
dlugofalowy
dlugoletni
dlugoterminowy
dlugotrwaly
dmuchany
dobitny
dobowy
dobroczynny
dobroduszny
dobrowolny
dobry
docelowy
dochodowy
dochodzacy
doczesny
dodatkowy
dogodny
dojrzaly
dokladny
doktorski
dokuczliwy
dokumentalny
dolarodajny
dolny
domaciczny
domniemany
domocentryczny
domorosly
domowy
domozgowy
donicowaty
doniosly
donosny
dopochwowy
dopuszczalny
doradczy
dorazny
doroczny
dorodny
dorosly
doskonaly
doslowny
dostateczny
dostatni
dostawczy
dostepny
dostojny
dostrzegalny
doswiadczony
dotkliwy
dotychczasowy
dotykowy
douszny
dowcipny
dowodowy
dowolny
dozwolony
dozylny
dozywotni
draczny
dramatyczny
drazliwy
dretwy
drewniany
drobniutki
drobnopestkowy
drobny
drogi
drogocenny
drogowy
drugi
drugorzedny
drutowaty
drwiacy
drzewkowaty
drzewny
duchowny
durnowaty
durny
dusznawy
duszny
duszpasterski
duzy
dworski
dwudniowy
dwudziesty
dwukrotny
dwuletni
dwunasty
dwuosobowy
dwupokojowy
dwusetny
dwustronny
dwutygodniowy
dwuznaczny
dychotomiczny
dyletancki
dymisyjny
dymny
dymowy
dynastyczny
dyplomatyczny
dyscyplinarny
dyskotekowy
dyskretny
dyskusyjny
dysponowany
dyspozycyjny
dyzurny
dzdzysty
dziabniety
dzialaczowski
dzialkowy
dziany
dziarski
dzieciaty
dzieciecy
dziecinny
dziedziczny
dzielny
dziesiaty
dziesietny
dziewczecy
dziewczynkowaty
dziewiaty
dziewiczy
dziewiecdziesiaty
dziewiecsetny
dziewietnastowieczny
dziewietnasty
dziki
dzisiejszy
dziurawy
dziurkowaty
dziwaczny
dziwkarski
dziwny
dzwiekowy
efektowny
egocentryczny
egzotyczny
ekologiczny
ekonomiczny
ekskluzywny
eksploatacyjny
eksportowy
ekstra
ekumeniczny
elastyczny
elegancki
elektromagnetyczny
elektroniczny
elektryczny
elementarny
elewacyjny
elitarny
emerytalny
emerytowany
emigracyjny
emigrancki
emocjonalny
emocjonujacy
empiryczny
energetyczny
energiczny
energochlonny
energoterapeutyczny
energozerny
erogenny
erotomanski
erotyczny
etatowy
eufemiczny
eufemistyczny
ewangelicki
ewentualny
fabryczny
fabularny
fagotowy
fajny
falowy
falszywy
familijny
fantastyczny
farbowany
fascynujacy
faszystowski
fatalny
festiwalowy
fikcyjny
filmowy
finansowy
fioletowy
firmowy
fiskalny
flegmatyczny
formalny
fotograficzny
frontowy
fryzjerski
fundamentalny
futerkowy
futrzany
gamma
gastronomiczny
gazowy
gejowski
generalny
genetyczny
genialny
gesi
gesty
gieldowy
giety
gigantyczny
gimnastyczny
gipsowy
gladki
gleboki
gliniany
globalny
glodniutki
glodny
glodowkowy
glodowy
glosny
glosowy
glowny
gluchy
glupawy
glupi
glupowaty
gminny
gniewny
godzinny
godziwy
golawy
golebi
goly
gonczy
goracy
goraczkowy
gorczycowy
gorczyczny
gorliwy
gorny
gorski
gorszacy
goryczkowaty
gorzelniczy
gorzki
gorzkokwasny
goscinny
gospodarczy
gospodarski
gotowkowy
gotycki
grafitowy
grafomanski
gramofonowy
granatowy
graniasty
graniczny
granitowy
gratisowy
grobowy
gromki
groteskowy
grozny
grubianski
gruby
grudniowy
gruntowny
gruntowy
gryzacy
grzeczny
grzeszny
gwarancyjny
gwarantowany
gwiazdzisty
gwiezdny
gwiezdzisty
handlowy
haniebny
harcerski
herbaciany
heroiczny
hierarchiczny
hipoteczny
hipsterski
hojny
homofoniczny
homoseksualny
hormonalny
hotelowy
humanistyczny
humanitarny
hurtowy
hydrauliczny
idealny
ideowy
idiotyczny
imienny
immunologiczny
indywidualny
inflacjogenny
inflacyjny
instytucjonalny
integralny
inteligentny
intensywny
interesujacy
inwestycyjny
inzynieryjny
irracjonalny
irytujacy
islamski
istotny
jadalny
jadowity
jadrowy
jajeczny
jajkowaty
jajonosny
jajorodny
jajowaty
jajozyworodny
jakikolwiek
jalowy
jarzynowy
jaskrawy
jasny
jawny
jeden
jedenasty
jednakowy
jednoczesny
jednodniowy
jednoosobowy
jednorazowy
jednorodzinny
jednostronny
jednoznaczny
jedrny
jedwabisty
jedwabny
jedyny
jesienny
jezdny
jezykowy
jubileuszowy
jutrzejszy
kablowy
kadrowy
kaleki
kalwinski
kameralny
kamienny
kanalizacyjny
kapitalistyczny
kapitalny
kapitalowy
kaplanski
kaprysny
karalny
karnawalowy
karny
karo
kary
kaszkowaty
kaszowaty
kasztanowaty
kasztanowlosy
katolicki
katorzniczy
katowy
kawiorowy
kazdy
kiepski
kier
kierowniczy
kierunkowy
kieszonkowy
kilkakrotny
kilkudniowy
kilkuletni
kilkunastoletni
kinowy
klasycystyczny
klasyczny
klawesynowy
klerycki
klimatyczny
klopotliwy
klubowy
kluczowy
koalicyjny
kobiecy
kochany
koci
kolejny
kolezenski
kolonialny
kolonijny
kolorowy
kolorystyczny
kolosalny
komercyjny
komfortowy
komiczny
komorkowy
kompetentny
kompleksowy
kompletny
kompromitujacy
komputerowy
komunalny
komunikacyjny
koncowy
konieczny
konkordatowy
konkretny
konkurencyjny
konkursowy
konny
konsekwentny
konserwatywny
konski
konspiracyjny
konstrukcyjny
konstruktywny
kontaktowy
kontrolny
kontrowersyjny
kontynentalny
konwencjonalny
kopalny
koronkowy
koronny
korupcyjny
kosmiczny
kostny
koszmarny
kosztowny
kozi
kpiacy
krajobrazowy
krancowy
krecony
kremowy
krepujacy
krepy
krety
krewny
kroczacy
krolewski
krotki
krotkoterminowy
krotkotrwaly
kruchy
krwawy
krwionosny
krwistoczerwony
kryminalny
kryty
krytyczny
krzyczacy
krzywy
krzyzacki
krzyzowy
ksiegowy
ksiezowski
ksiezy
ksiezycowy
kuchenny
kulawy
kulinarny
kulisty
kulkowaty
kultowy
kulturalny
kulturowy
kupiecki
kupny
kurczowy
kuriozalny
kusicielski
kusy
kuty
kwadratowy
kwalifikacyjny
kwalifikowany
kwasny
kwietniowy
kwitnacy
laczny
ladny
ladowy
lagodny
lalkowaty
lalusiowaty
lamany
lamerski
lancetowaty
lancuchowy
lanserski
laptopowy
largo
laskawy
lateksowy
latwy
lawinowy
leciwy
legalny
legawy
lekarski
lekki
leniwy
lepki
lepszy
letni
lewicowy
lewy
lichy
liczbowy
liczebny
liczny
ligowy
liniowy
linowy
lipcowy
lipny
lipowy
liryczny
lisciowaty
listewkowaty
listewkowy
listkowaty
listopadowy
liszajowaty
litanijny
literalny
literaturoznawczy
literowy
litrowy
liturgiczny
lizusowski
lnianowlosy
lniany
lobbingowy
lobbistyczny
lobbystyczny
lodowaty
lodowcowy
lodowy
lojalny
lokalowy
losowy
lotniczy
lotny
lowczy
lowiecki
ludowy
ludzki
lukratywny
luksusowy
lumpeksowy
lureksowy
lustracyjny
lutowy
luzacki
luzny
lysy
machinalny
macierzynski
macierzysty
madry
madrzejszy
magisterski
majatkowy
majowy
makabryczny
maklerski
makroekonomiczny
maksymalny
malarski
malenki
maloletni
malomowny
malowany
malowniczy
malutki
maly
marcowy
marketingowy
markotny
markowy
marksistowski
marmurowy
marny
marszalkowski
martwy
masowy
masywny
matczyny
materialowy
matolkowaty
matolowaty
matowy
maturalny
mdly
merytoryczny
metaboliczny
meteorologiczny
metny
metrowy
mezzosopranowy
mglisty
miastowy
miazdzacy
miedzianoskory
miedzianowlosy
miedziany
miedzionosny
miedziowy
miedzyludzki
miedzynarodowy
miedzywojenny
miejski
miekkawy
miekki
miesieczny
miesniowy
miesny
mieszany
mieszczanski
mieszkalny
mieszkaniowy
migdalowaty
milczacy
miliardowy
milionowy
militarny
milosierny
milosny
mily
mimetyczny
mimowolny
mini
miniaturowy
minimalny
minowy
minutowy
miodny
miodzio
mistrzowski
mistyczny
mityczny
mizerny
mleczny
mlekowy
mlodociany
mlodszy
mlody
mlodzienczy
mlodziezowy
mlodziutki
mniejszosciowy
mobilizujacy
mocny
moczowy
modelowy
modny
moherowy
mokry
monofoniczny
monopolistyczny
monopolowy
monoteistyczny
monotonny
monumentalny
morderczy
morski
mosiezny
motelowy
motorowy
motoryzacyjny
motywacyjny
motywujacy
mozgowy
mozliwy
moznowladczy
mozny
mozolny
mrozny
mudzahedinski
mulisty
mundurowy
murowany
murzynski
musli
muszlowaty
muszlowy
muzealny
muzulmanski
muzykoterapeutyczny
myjacy
myslacy
mysliwski
myslowy
mzysty
nabialowy
nabrzmialy
nacjonalistyczny
naczelny
naczyniowy
nadmierny
nadmorski
nadmuchiwany
nadprzyrodzony
nadrzedny
nadziany
nadzorczy
nadzwyczajny
naganny
nagi
naglacy
nagly
nagrobkowy
nagrobny
nagrzany
naiwny
najedzony
najnizszy
najwyzszy
nalany
nalezny
nalezyty
namaszczony
namietny
namolny
napiety
naprawczy
narabany
narciarski
narosly
narosniety
narzedziowy
nasiakliwy
nasienny
nastepny
nastepujacy
nasycony
natarczywy
natretny
naturalny
natychmiastowy
nawigacyjny
naziemny
nazistowski
nedzny
negatywny
nerwowy
netto
niebagatelny
niebieski
niebyly
niebywaly
niecaly
niechetny
niechybny
nieciekawy
niecierpliwy
niecodzienny
nieczysty
niedaleki
niedlugi
niedobry
niedojrzaly
niedopuszczalny
niedorzeczny
niedoskonaly
niedostateczny
niedostepny
niedoszly
niedozwolony
nieduzy
niedzielny
nieformalny
niegrzeczny
nieistotny
niejasny
niejeden
niekonczacy
niekontrolowany
niekonwencjonalny
nielatwy
nielegalny
nieletni
nieliczny
niemaly
niemilosierny
niemily
niemozliwy
niemy
nienaganny
nienasycony
nienaturalny
nienormalny
nieobecny
nieobliczalny
nieoceniony
nieoczekiwany
nieodpowiedni
nieodpowiedzialny
nieodzowny
nieoficjalny
nieparzysty
niepelnosprawny
niepewny
niepodlegly
niepodwazalny
niepojety
niepotrzebny
niepowazny
niepowtarzalny
niepozadany
nieprawdopodobny
nieprawdziwy
nieprawidlowy
nieprzerwany
nieprzewidywalny
nieprzewidziany
nieprzyjacielski
nieprzyjemny
nieprzytomny
nieprzyzwoity
niepubliczny
nierealny
nierowny
nieruchomy
niesamowity
niesforny
nieskonczony
nieskrepowany
nieskuteczny
nieslubny
niesluszny
nieslychany
niesmialy
niespodziewany
niespokojny
niespotykany
niesprawiedliwy
niestosowny
nieswiadomy
nieszczesliwy
nieszczesny
nietrzezwy
nieublagany
nieuchronny
nieuchwytny
nieuczciwy
nieudany
nieudolny
nieufny
nieuleczalny
nieustajacy
nieustanny
nieuzasadniony
niewatpliwy
niewazny
niewiadomy
niewiarygodny
niewidoczny
niewidomy
niewielki
niewierny
niewinny
niewlasciwy
niewykluczony
niewyobrazalny
niewyrazny
niewysoki
niewystarczajacy
niezadowolony
niezalezny
niezbedny
niezbity
niezdecydowany
niezdolny
niezdrowy
niezgodny
niezliczony
niezlomny
niezly
nieznaczny
nieznajomy
nieznany
niezrozumialy
niezwloczny
niezwyciezony
niezwykly
niski
nizszy
noclegowy
nocny
nominalny
normalny
normatywny
nosny
nowoczesny
noworoczny
nowotworowy
nowozytny
nowy
nozny
nudny
nuklearny
numeryczny
nutowy
oazowy
obcisly
obcy
obecny
obfity
obiecujacy
obiegowy
oblakany
obliczeniowy
oblowiony
obnosny
obojetny
obojowy
obrazliwy
obrosly
obrosniety
obrzedowy
obrzydliwy
obsceniczny
obserwacyjny
obskurancki
obskurny
obstrukcyjny
obszerny
oburzajacy
oburzony
obyczajowy
obywatelski
ocalaly
oceaniczny
ochotniczy
ochronny
oczywisty
odczuwalny
oddalony
oddany
oddechowy
oddzielny
odkrywczy
odlegly
odmienny
odosobniony
odpicowany
odpornosciowy
odporny
odpowiedni
odpowiedzialny
odprezony
odpychajacy
odrazajacy
odrebny
odruchowy
odsetkowy
odsloniety
odswietny
odswiezajacy
odwazny
odwieczny
odwietrzny
odwolawczy
odwrotny
odziezowy
odzywczy
oficerski
oficjalny
ogniowy
ognisty
ogolnokrajowy
ogolnopolski
ogolny
ogrodowy
ogromny
ohydny
ojcowski
okazaly
okienny
okolicznosciowy
okoliczny
okregowy
okresowy
okretowy
okrezny
okropny
okrutny
okupacyjny
olbrzymi
olejny
olejowy
olimpijski
oliwkowy
oliwny
olsniewajacy
opalony
opancerzony
opanowany
opiekunczy
oplacalny
oplakany
oporny
optyczny
optymalny
optymistyczny
opuszczony
oralny
orbitalny
organiczny
organizacyjny
orientalny
oryginalny
orzezwiajacy
osiedlowy
osiemdziesiaty
osiemnasty
osiemsetny
oslepiajacy
osmy
osobisty
osobliwy
osobny
osobowy
ostateczny
ostatni
ostrozny
ostry
ostrzegawczy
ostygly
oswiatowy
oswieceniowy
oswiecony
oswietleniowy
oszczednosciowy
oszczedny
otepialy
otwarty
owczesny
owczy
owocny
owocowy
padaczkowaty
paintballowy
pajaczkowaty
pajakowaty
pajeczy
pajeczynowaty
palacowy
palacy
palakowaty
palcowaty
paleoastronautyczny
paleograficzny
paleolityczny
paliatywny
palisadowy
paliwowy
paliwozerny
palny
palpacyjny
pamfletowy
pamiatkarski
pamiatkowy
pamieciowy
pamietnikarski
pamietny
pancerny
paniczny
panislamistyczny
panislamski
panslawistyczny
panstwowy
panteistyczny
papierochlonny
papierowy
papieski
papusny
paradoksalny
paralotniarski
paralotniowy
paranoiczny
paraolimpijski
parapodatkowy
parapsychologiczny
parkowy
parlamentarny
parowy
parszywy
parterowy
partyjny
partyzancki
parzysty
pasazerski
paseistyczny
pasjonujacy
paskowy
paskudny
pasterski
pasywistyczny
pasywny
paszkwilancki
patetyczny
patriotyczny
pazdziernikowy
pecetowy
pedalski
pedofilny
pedofilski
pejsaty
pekaty
pelniuchny
pelniutki
pelny
penitencjarny
pensjonarski
perfekcyjny
perfekt
perfidny
performerski
perfumeryjny
perfumiarski
perfumowy
pergaminowy
perkusyjny
permanentny
personalny
perspektywiczny
perswazyjny
pesymistyczny
pewien
pewny
piaskowaty
piaskowy
piatkowy
piaty
piecdziesiaty
piecioletni
piecsetny
piekacy
piekarski
piekielny
pieluchowy
pieniezny
pieprzniety
pieprzony
pieprzowaty
pieprzykowaty
pierdolniety
pierdolony
piersiowy
pierworodny
pierwotny
pierwszy
pieski
pieszy
pietnasty
pietrowy
pijacki
pijany
pik
pikantny
pilkarski
pilny
pionowy
piracki
pisany
pisemny
piwniczny
piwny
platniczy
platny
pleczysty
plocienny
plodny
plowy
plynny
plytki
pnacy
pobliski
poborowy
pobozny
pobudzajacy
pochmurny
pochopny
pochowany
pochyly
pociemnialy
pocieszajacy
poczciwy
poczerwienialy
podatkowy
podatny
podbojowy
podcisnieniowy
podczerwony
podejrzliwy
podgorski
podlegly
podluzny
podly
podmiejski
podniecony
podniosly
podnosny
podobny
podpalany
podrazniony
podreczny
podrozny
podskorny
podsluchowy
podstawowy
podstepny
podswiadomy
podwladny
podwodny
podwojny
podyplomowy
podzielony
podziemny
poganski
pogmatwany
pogodny
pogodowy
pogrzebowy
pojedynczy
pokarmowy
pokazny
pokladowy
pokojowy
pokorny
pokrecony
pokrewny
polamany
polarny
polegly
polifoniczny
polnocny
polowy
polroczny
polski
poludniowy
pomaranczowy
pomiarowy
pomidorowy
pomny
pomyslowy
poniedzialkowy
ponizszy
ponowny
ponury
pop
popoludniowy
poprawny
poprzeczny
poprzedni
popularny
poranny
porno
pornograficzny
poroniony
porosly
porosniety
portowy
porywajacy
porywczy
porywisty
porzadny
posepny
posluszny
posmiertny
pospieszny
pospolity
posredni
postepowy
postrzelony
poszczegolny
poszukiwany
poszukujacy
potezny
potrojny
potrzebny
potulny
potworny
powazny
powierniczy
powierzchowny
powietrzny
powojenny
powolany
powolny
powrotny
powstanczy
powstaniowy
powszechny
powtorny
powyborczy
powyzszy
pozadany
pozarny
pozbawiony
pozegnalny
poziomy
pozolkly
pozostaly
pozycyjny
pozyteczny
pozytywny
pracowity
pracowniczy
pracujacy
pragmatyczny
praktyczny
prawdopodobny
prawdziwy
prawicowy
prawidlowy
prawniczy
prawomocny
prawoslawny
prawy
precyzyjny
predki
preferencyjny
premierowy
prestizowy
produkcyjny
profetyczny
profilaktyczny
programowy
prokreacyjny
promieniotworczy
promienny
promocyjny
prorynkowy
prostacki
prostopadly
prosty
proszacy
proszony
protestancki
prowizoryczny
prowokujacy
prozny
prymitywny
prysznicowy
prywatny
przebogaty
przechodni
przechodzony
przeciagly
przecietny
przeciwbolowy
przeciwlegly
przeciwlotniczy
przeciwny
przeciwpozarowy
przeciwstawny
przeciwzapalny
przedni
przedostatni
przedsiebiorczy
przedterminowy
przedwczesny
przedwojenny
przedwyborczy
przegrany
przejety
przejmujacy
przejrzaly
przejsciowy
przekonany
przelomowy
przelotny
przenikliwy
przenosny
przepiekny
przepracowany
przepraszajacy
przerazajacy
przerazliwy
przerazony
przerosly
przerozny
przesadny
przesadzony
przesliczny
przestepczy
przestepny
przestraszony
przeszly
przetargowy
przewidujacy
przewlekly
przewodni
przewozowy
przewrotny
przezroczysty
przezyty
przybrany
przybrzezny
przybyly
przychylny
przydrozny
przygotowawczy
przygraniczny
przyjacielski
przyjazny
przyjemny
przyjety
przyjezdny
przykladowy
przykry
przykucniety
przymusowy
przyrodni
przyrodniczy
przysiegly
przystojny
przyszloroczny
przyszly
przytomny
przytulny
przyziemny
przyzwoity
psi
publiczny
pucolowaty
puculowaty
pukniety
purpurowy
pusty
pustynny
puzonowy
pycha
pyszny
pytajacy
pyzaty
rabniety
racjonalny
rad
radiacyjny
radioaktywny
radiolokacyjny
radosny
radykalny
radziecki
rajdowy
rajski
rakietowy
randkowy
rankingowy
rasistowski
rasowy
ratowniczy
ratunkowy
reaktywny
realizacyjny
realny
recyklingowy
reczny
redukcjonistyczny
referencyjny
refinansowy
reformowalny
regularny
rehabilitacyjny
rejestracyjny
rejestrowy
rejonowy
reklamowy
rekordowy
rekreacyjny
rekrutacyjny
relaksujacy
relatywny
religijny
renesansowy
renomowany
rentierski
rentowny
reprezentatywny
republikanski
restryktywny
retoryczny
rewelacyjny
rezerwowy
robotniczy
roczny
rodzicielski
rodzimy
rodzinny
rodzony
rogowy
romanski
romantyczny
roponosny
roslinny
roslinobojczy
rosly
rosochaty
rotacyjny
rowerowy
rownoczesny
rownolegly
rownomierny
rownoznaczny
rowny
rozany
rozbawiony
rozbierany
rozbity
rozczarowany
rozdrazniony
rozesmiany
rozgoryczony
rozgwiezdzony
rozkoszny
rozkwitly
rozkwitniety
rozlegly
rozliczeniowy
rozny
rozowy
rozpaczliwy
rozpalony
rozpinany
rozpoznawczy
rozrosly
rozrosniety
rozsadny
rozszalaly
rozumny
rozwalony
rozwiniety
rozwleczony
rozwlekly
rozwojowy
rudawy
ruderowaty
rudonosny
rudowlosy
rudy
rwany
rybacki
rybny
rychly
rygorystyczny
rynkowy
ryzykowny
rzadki
rzadowy
rzeczny
rzeczywisty
rzekomy
rzetelny
rzezwiacy
rzezwy
sabotazowy
sadzony
sakralny
saksofonowy
samobojczy
samochodowy
samochwalczy
samochwalny
samodzielny
samoistny
samokrytyczny
samoksztalceniowy
samoswiadomy
samotniczy
samotny
sasiedni
sasiedzki
satelitarny
sceniczny
sceptyczny
schabowy
schludny
sciemnialy
scisly
secesyjny
sedziwy
sejmowy
sekaty
sekowaty
seksistowski
seksistyczny
seksoholiczny
seksowny
senny
sensacyjny
sensowny
sentymentalny
sercowy
serdeczny
serio
serwerowy
seryjny
setny
sezamkowy
sezamowy
sezonowy
sfrustrowany
siatkowaty
siatkowy
sieciowy
siedemdziesiaty
siedemnasty
siedemsetny
sierpniowy
silny
siny
siodmy
siwy
skalisty
skalny
skapy
skarbowy
skladowy
sklebiony
sklepowy
sklonny
skonany
skonczony
skorny
skory
skorzany
skosny
skrajny
skrepowany
skromny
skrwawiony
skrzywiony
skupiony
skurczony
skurwysynski
skuteczny
skwapliwy
skwarny
slabawy
slabiuchny
slabiutki
slaby
slawny
slepy
sliczny
slodkawy
slodki
slodziuchny
sloneczny
slony
slowny
slubny
sluszny
sluzbisty
sluzbowy
sluzowy
slynny
smaczny
smakowity
smialy
smierdzacy
smiertelny
smieszny
smukly
smutny
sniady
sniegowy
sniezny
sobotni
socjaldemokratyczny
socjalny
soczysty
sodowy
solidarny
solidny
sosnowy
soul
soulowy
sowiecki
spalinowy
spalony
spamerski
specjalistyczny
specjalny
spektakularny
spelniony
speszony
spiacy
spieniony
spirytualistyczny
spirytystyczny
splaszczony
spleciony
splukany
spocony
spodni
spodziewany
spojny
spokojny
spokrewniony
spoldzielczy
spontaniczny
sporadyczny
sporny
sportowy
spory
spozniony
spozywczy
spragniony
sprany
sprawiedliwy
sprawny
sprezysty
sprytny
sprzymierzony
srebrny
srebrzysty
sredni
sredniowieczny
srodkowy
srodowy
srogi
stacjonarny
stanowczy
staranny
starczy
staropolski
staroswiecki
starozytny
starszy
startowy
stary
statyczny
stawowy
stoleczny
stolowy
stopniowy
stosowny
stracony
strajkowy
straszny
strazacki
stresujacy
stromy
strzelecki
strzyzony
studencki
stukniety
stuletni
styczniowy
stylistyczny
stylowy
subtelny
sugestywny
super
surowy
suwerenny
swiadomy
swiatly
swiecki
swiecony
swietlisty
swietlny
swietny
swiety
swiezy
swobodny
swojski
sycacy
sylwestrowy
symboliczny
symfoniczny
sympatyczny
syntetyczny
sypialny
systematyczny
syty
szachowy
szacowny
szacunkowy
szalenczy
szalony
szanowny
szary
szaszlykowy
szatynowy
szczegolny
szczery
szczodrobliwy
szczodry
szczuply
szczytowy
szeptany
szeregowy
szeroki
szescdziesiaty
szescioletni
szescsetny
szesnasty
szkodliwy
szlachetny
szosty
szpiegowski
sztabowy
szybki
tabloidowy
tajemniczy
tajemny
tajny
taktowny
tamtejszy
tancujacy
tandetny
taneczny
tani
targowy
tatarski
teatralny
teatrologiczny
techno
technocentryczny
technologiczny
tegi
tegoroczny
teistyczny
teksciarski
tekstologiczny
tekstualny
tektoniczny
tekturowy
teledyskowy
telegeniczny
telemarketingowy
telenowelowy
teleologiczny
telesprzedazowy
telezakupowy
tematyczny
tenisowy
teologiczny
teoretyczny
tepy
terapeutyczny
terazniejszy
terenowy
termiczny
terrorystyczny
tetniczy
tiramisu
tirowy
tlenowy
tlumny
tlusty
tluszczowy
toksyczny
toksykologiczny
toksynotworczy
tolerancyjny
toniczny
topiony
totalitarny
totalitarystyczny
totalny
towarowy
tradycyjny
trafiony
trafny
tragiczny
tramwajowy
transportowy
trawiasty
trawienny
trefl
treningowy
triumfujacy
troskliwy
trotylowy
trudny
trujacy
trupi
tryumfujacy
trywialny
trzechsetny
trzeci
trzezwy
trzydniowy
trzydziestoletni
trzydziesty
trzykrotny
trzyletni
trzynasty
tumanowaty
tuningowy
turystyczny
tutejszy
twardy
tworczy
tygodniowy
tylny
tymczasowy
tysiaczny
tysieczny
tytoniowy
tytulowy
ubezpieczeniowy
ubiegloroczny
ubiegly
uboczny
ubogi
uciazliwy
uczciwy
uczeszczany
uczony
udany
uderzajacy
ufny
ujechany
ujmujacy
ukochany
ukorzeniony
ulegly
ulgowy
ulicowy
uliczny
ulotny
ulubiony
umarly
umiejetny
umiejscowiony
umowny
umyslny
unijny
unikalny
unikatowy
uniseks
uniseksowy
uniseksualny
uniwersytecki
upadly
upalny
upalony
uparty
upokarzajacy
uporczywy
uposledzony
upozowany
upragniony
uprawny
uprzedni
uprzedzajacy
uprzejmy
urabany
uradowany
urazony
urobiony
uroczy
uroczysty
urodzajny
urodziwy
urodzony
urologiczny
urzedniczy
urzedowy
urzedujacy
uslugowy
usmiechniety
uspiony
ustawiczny
ustawodawczy
ustny
utajony
utalentowany
utarty
utopijny
uwazny
uzalezniony
uzasadniony
uznany
uzyteczny
uzytkowy
uzywany
wadliwy
wakacyjny
waleczny
walniety
walny
walutowy
waniliowy
wariacki
wariantowy
wariantywny
wariatowaty
warstwowy
warsztatowy
wart
warunkowy
warzywny
waski
watly
watpliwy
wazki
wazny
wczasowy
wczorajszy
wdzieczny
wedrowny
weganski
weglonosny
weglowy
welniany
welniarski
welnistowlosy
welnisty
welnonosny
wenerologiczny
weneryczny
werbalny
wersologiczny
wersyfikacyjny
werystyczny
weselny
wesolkowaty
wesoluchny
wesolutki
wesoly
wewnatrzresortowy
wewnetrzny
wiadomy
wiarolomny
wiarygodny
wiatrowy
wiazacy
wiazany
wideo
widoczny
widowiskowy
widzialny
wieczny
wieczorowy
wieczysty
wiejski
wiekowy
wiekszosciowy
wielkanocny
wielki
wielogodzinny
wielokrotny
wieloletni
wielonarodowy
wiencowy
wieprzowy
wietrzny
wiezienny
wigilijny
wilgotny
wino
wiodacy
wiolinistyczny
wiolonczelowy
wiosenny
wirtualny
wirusowy
wisniowy
wizowy
wizualny
wlany
wlasciwy
wlasnosciowy
wlasny
wlosowaty
wnikliwy
wodny
wojenny
wojewodzki
wojskowy
wolny
wolowy
wonny
wpatrzony
wplywowy
wrazliwy
wredny
wrodzony
wrogi
wrosly
wrosniety
wrzacy
wrzesniowy
wschodzacy
wsciekly
wsiowy
wskazany
wspanialy
wspiety
wspinaczkowy
wspolny
wstrzasajacy
wstydliwy
wszechobecny
wszechstronny
wtorkowy
wulgarny
wybitny
wyborczy
wybrakowany
wybuchowy
wyciagniety
wyciety
wyczekujacy
wyczuwalny
wyczynowy
wydajny
wydatny
wydolny
wydzielniczy
wygadany
wygorowany
wygrany
wyjatkowy
wyjazdowy
wykluczony
wykonawczy
wykonczony
wykrecony
wykrzywiony
wykwalifikowany
wykwintny
wylaczny
wymiarowy
wymowny
wymuszony
wymyslny
wyniosly
wypadkowy
wypalony
wypasiony
wypoczety
wyprany
wyprobowany
wyprostowany
wypukly
wyrafinowany
wyrazisty
wyrazny
wyrosly
wyrosniety
wyrownany
wyrywny
wyscigowy
wysmienity
wysoki
wysokogorski
wysokosciowy
wyspany
wystarczajacy
wyszukany
wytarty
wytrawny
wytrwaly
wytrzymaly
wytworczy
wytworny
wywiadowczy
wyznaniowy
wyzszy
wyzwolenczy
wyzwolony
wyzywajacy
wzajemny
wzburzony
wzniosly
wzruszajacy
wzruszony
zabawny
zabawowy
zabiegany
zabojczy
zaborczy
zachodni
zachowawczy
zaciekly
zaciety
zacny
zacofany
zadarty
zadbany
zadny
zadomowiony
zadowolony
zagadkowy
zaginiony
zagmatwany
zagubiony
zainteresowany
zajety
zajmujacy
zakazny
zakladowy
zaklopotany
zakonny
zakrecony
zalamany
zalegly
zalezny
zalosny
zalozycielski
zamarly
zamieszkaly
zamkniety
zamozny
zaniedbany
zaoczny
zaorany
zapachowy
zapadly
zapalny
zapalony
zapatrzony
zapinany
zaplakany
zapracowany
zarliwy
zarobkowy
zarosniety
zartobliwy
zasadniczy
zasadzony
zasobny
zaspany
zastaly
zatarty
zatloczony
zatracony
zatroskany
zaufany
zauwazalny
zawiedziony
zawiklany
zawily
zawolany
zazdrosny
zazenowany
zbedny
zbiegly
zbiorowy
zbity
zboczony
zbozowy
zbrodniczy
zbrojeniowy
zbrojny
zbudowany
zbyteczny
zbytni
zdecydowany
zdesperowany
zdeterminowany
zdezorientowany
zdolny
zdrowy
zdyscyplinowany
zdyszany
zegarowy
zespolowy
zeszloroczny
zeszly
zewnetrzny
zgarbiony
zgaszony
zgnily
zgodny
zgrabialy
zgrabny
zgrany
zgrzybialy
zgubny
zielonkawy
zielony
ziemniaczany
ziemny
zimny
zimowy
ziolowy
zlamany
zlocisty
zlosliwy
zloty
zlowrogi
zludny
zly
zmacony
zmarly
zmartwychwstaly
zmarzly
zmazywalny
zmechanizowany
zmeczony
zmieszany
znaczny
znajomy
znany
zniecierpliwiony
zniewalajacy
znikomy
zniszczony
znoszony
zolciowy
zolnierski
zolty
zonaty
zorganizowany
zrabany
zracy
zreczny
zrezygnowany
zrobiony
zrodlowy
zrownowazony
zrozpaczony
zrozumialy
zuchwaly
zwarty
zwawy
zwiazany
zwiazkowy
zwiezly
zwinny
zwrotny
zwyczajny
zwykly
zyczliwy
zygzakowaty
zywieniowy
zywiolowy
zywnosciowy
zywy
zyzny
