ada
adela
adelajda
adriana
adrianna
adusia
aga
agata
agatka
agnieszka
agusia
ala
aleksandra
aleksja
alicja
alina
alinka
amanda
amandzia
amelcia
amelia
amelka
anastazja
andrea
andrzeja
andzia
aneczka
aneta
anetka
angela
angelika
angelina
angelinka
angelka
ania
anicia
aniela
anielka
anita
anitka
anka
anna
antonina
antosia
anusia
apolonia
arleta
arletka
asia
aska
ata
aurela
aurelia
balbina
balbinka
barbara
barbarka
basia
baska
beata
beatka
bella
berenika
berenisia
bodzia
bogna
bogumila
bogusia
boguska
boguslawa
bozena
bozenka
brygida
brygidka
cecylia
cecylka
celina
celinka
cesia
ceska
cyla
czesia
czeska
czeslawa
daga
dagmara
dagmarka
dagusia
dana
daniela
danka
danusia
danuta
daria
darka
darunia
darusia
doma
domi
dominiczka
dominika
dominisia
domisia
dona
donata
donka
dorcia
dorocia
dorota
dorotka
dzesi
dzesika
edyta
edytka
edzia
ela
eleonora
eliza
elizka
elka
elza
elzbieta
elzbietka
elzunia
emi
emila
emilcia
emileczka
emili
emilia
emilka
emilunia
emilunka
emilusia
emiluska
emis
eugenia
ewa
ewcia
ewelina
ewelinka
ewka
ewunia
fabia
fabiola
fabiolka
faustyna
faustynka
franciszka
frania
fryda
frydzia
gaba
gabcia
gabi
gabriela
gabrysia
gabusia
genia
genka
genowefa
gienia
gosia
goska
graza
grazka
grazyna
grazynka
gunda
gusia
hala
halina
halinka
haneczka
hania
haniusia
hanka
hanna
hanusia
hedwiga
hedwisia
hedzia
hela
helcia
helena
helenka
henia
henryka
henrysia
ila
ilona
ilonka
irena
irenka
irka
iwa
iwcia
iwka
iwona
iwonka
iwunia
iza
izabela
izunia
jadwiga
jadwisia
jadzia
jagienka
jagna
janeczka
janina
janka
joanna
joasia
joaska
jola
jolanta
jolka
jozefa
jozefina
jozefinka
jozia
jozka
judysia
judyta
judytka
jula
julcia
julia
julka
justa
justyna
justynka
justysia
kaja
kajka
kalina
kalinka
kama
kamila
kamilka
karin
karina
karinka
karolcia
karolina
karolinka
karolka
kasa
kasandra
kasia
kasienka
kasiunia
kaska
katarzyna
katarzynka
kazia
kazimiera
kinga
kingusia
kinia
klara
klarcia
klarusia
klaudia
klaudunia
klaudusia
klaudyna
klementyna
klementynka
kora
kornelia
krysia
kryska
krystyna
krystynka
ksenia
ksenka
kunda
kundzia
kunegunda
laura
laurentynka
lidia
lidka
lidzia
lila
lilia
liliana
lilianka
lilka
linda
lindzia
lola
lotka
lucia
lucja
lucka
lucyna
lucynka
ludka
ludmila
ludwika
ludzia
luiza
lusia
luzia
madzia
magda
magdalena
magdalenka
magdusia
maja
majeczka
majka
malgorzata
malgosia
malgoska
malina
malinka
malka
malwa
malwina
malwinka
mania
manka
maria
marianka
marianna
marietka
marietta
mariola
mariolka
marlena
marlenka
marta
martunia
martusia
martyna
martynka
martysia
maryla
marylka
maryna
marynia
marynka
marys
marysia
marzena
marzenka
mela
melania
melka
michalina
michasia
mila
milcia
milka
milunia
milunka
milus
milusia
miluska
mira
mirka
miroslawa
misia
mona
monia
monika
nadi
nadia
nadzieja
nadziejka
nastka
natalia
natasza
nati
natka
nela
nelka
nika
niki
nikola
nina
ninka
norka
oda
odet
odeta
odetka
oksana
ola
olga
olgusia
oliwia
oliwka
olka
oti
otylia
otylka
pam
pama
pamela
pamelka
pati
patka
patrycja
paula
paulina
paulinka
pegi
pela
pelagia
pola
rama
ramona
rea
regina
reginka
rela
relka
rena
renata
renatka
renia
roksana
roksanka
roza
rozalia
rozalka
rozia
rozyczka
rucia
rut
ruta
sabcia
sabina
sabinka
sam
samanta
samka
sandra
sandrusia
sandrynka
sara
sarcia
sarusia
slawa
stanislawa
stasia
stefania
stefcia
swietosia
swietoslawa
sylwcia
sylwia
sylwka
sylwunia
szarlota
szarlotka
tam
tama
tamara
tamarka
tania
tasza
tatiana
tatianka
teodora
teresa
tereska
tola
tosia
ula
ulka
urszula
usia
violetta
violka
walentyna
wanda
wandzia
waneska
wanessa
wania
wera
werka
weronika
wiara
wiera
wiesia
wieska
wieslawa
wiga
wika
wiki
wiktoria
wila
wilhelmina
wilka
wiola
wioleta
wioletka
wirgin
wirginia
wisia
wislawa
zaklina
zaklinka
zanet
zaneta
zanetka
zdzicha
zdzisia
zdzislawa
zenia
zenobia
ziuta
zofia
zosia
zosienka
zoska
zuza
zuzanka
zuzanna
zyga
zygfryda
zyta
zytka
zywia
