adam
adas
adasiek
adek
adi
adrian
albercik
albert
albin
alek
aleks
aleksander
aleksy
alfons
alus
ambrozy
ambrozyk
anatol
andrzej
andrzejek
aniol
antek
antoni
antonin
antonius
antos
anzelm
apoloniusz
areczek
arek
arkadiusz
arkady
arni
arnold
artek
artur
artus
arus
august
augustyn
bartek
bartlomiej
bartosz
bartus
bastek
bastian
batosz
bazyli
benedykt
benek
benio
benus
bercik
bernard
bert
blazej
blazek
blazko
bodek
bogdan
bogdanek
bogumil
bogumir
bogus
boguslaw
bogusz
boleczek
bolek
boleslaw
bolus
bonifacy
borys
borysek
boryslaw
bozidar
bozimir
bronek
bronislaw
bruno
brunon
brunonek
budzislaw
celestyn
cezary
chrystian
chwalibog
chwalimir
cinek
cyprian
cyprianek
cyryl
czarek
czes
czesiek
czesio
czeslaw
damian
damianek
damianus
daniel
danielek
dareczek
darek
dariusz
darus
dawid
dawidek
denis
denisek
dionek
dionizy
dobieslaw
dobrogost
dobroslaw
domeczek
domek
dominiczek
dominik
donat
donek
doniu
dorek
dymek
dymitr
dzidek
edek
edi
edmund
edward
edzio
eliasz
emi
emil
emilek
erin
ernest
erni
eryczek
eryk
eugeniusz
fabian
fabianek
felek
felicjan
feliks
ferdek
ferdynand
ferdzik
fifi
fil
filek
filip
filipek
florek
florentyn
florian
fortunat
franciszek
franciszek ksawery
franek
franio
fraszko
fredyk
fredzio
frycek
frydek
fryderyk
gabriel
gabrys
gaj
gawel
genek
genio
gerard
gerardzik
gerwazy
gienek
gint
gintek
ginter
godek
godko
godzislaw
goscislaw
grodzislaw
grzegorz
grzes
grzesiek
gucio
gustaw
gustek
gutek
gwalbert
hanusz
hanuszek
heniek
henio
henryk
herbercik
herbert
hieronim
hilary
hipcio
hipek
hipolit
hirek
honorat
horacy
horus
hubercik
hubert
hugo
hugus
idzi
idzik
ignacek
ignacy
ignas
igor
igorek
igus
inocenty
irek
ireneusz
irus
iwan
iwanek
iwek
iwo
iwon
izajasz
izydor
izydorek
jacek
jacus
jakub
jakubek
jan
janeczek
janek
janusz
januszek
jareczek
jarek
jaromir
jaropelk
jaroslaw
jarus
jas
jasiek
jedrek
jedrus
jedrzej
jerzy
jerzyk
jidzik
joachim
joachinek
jozafat
jozef
jozefat
jozefek
jozek
jozio
julek
julian
juliusz
jurek
juri
justyn
justys
kacper
kacperek
kajetan
kamil
kamilek
kanimir
karol
karolek
karp
kasparek
kasper
kasprus
kazek
kazik
kazimierz
kazio
klaudiusz
klemens
klimek
klimko
kondrat
konrad
konradek
konstanty
konstantyn
kornel
korneli
korneliusz
kosma
kostek
kracek
kryspyn
krystek
krystian
krystyn
krzesislaw
krzys
krzysiek
krzysio
krzysztof
ksawerek
ksawery
kserek
kuba
kubus
kwiatoslaw
laurencjusz
lech
lechoslaw
leo
leokadiusz
leon
leonard
leonek
leopold
lescio
lesiu
leslaw
leszek
lew
lolek
longin
lorek
lorko
lubomil
lubomir
luborad
luboslaw
lucek
lucjan
ludek
ludomil
ludomir
ludwik
lukasz
lukaszek
maciej
maciek
macius
makarek
makary
maks
maksymek
maksymilian
malachiasz
manfred
maniek
manio
marcel
marcelek
marceli
marcin
marcinek
marcys
mareczek
marek
marian
marianek
marin
marius
mariusz
mariuszek
marus
maryn
marys
mateusz
mateuszek
mati
maurycjusz
maurycy
medard
melchior
metody
michal
michalek
michas
miecio
mieczyk
mieczyslaw
mieszko
mietek
mikolaj
mikolajek
mikolojek
milan
milek
mireczek
mirek
miroslaw
misiek
mundek
mundzik
mundzio
napoleon
narcyz
natan
natanael
nataniel
natek
nati
nicefor
niecislaw
nik
niko
nikodem
nikos
nikus
norbercik
norbert
norbi
nufcio
oktawiusz
oktawiuszek
olaf
oleg
olek
olgierd
olo
onufry
osa
oskar
oskarek
oswald
pabian
pafnucy
pafnucyk
pakoslaw
pankracek
pankracy
patryk
patrys
patus
pawel
pawelek
pawlik
pelagiusz
petroniusz
piotr
piotrek
piotrus
poldek
poldzio
polek
polikarp
polikarpek
prot
przemek
przemo
przemus
przemysl
przemyslaw
racek
radek
radomil
radomir
radoslaw
radzio
rafal
rafalek
rafcio
rajmund
rajmundek
remcio
remigiusz
remik
robcio
robek
robercik
robert
roch
roland
roman
romcio
romek
romuald
romus
rudek
rudolf
rudzio
rys
rysiek
rysio
ryszard
seba
sebastian
sebek
serafin
serek
sergio
sergiusz
serwacy
sewek
sewer
seweryn
siemowit
slaw
slawcio
slawek
slawomierz
slawomir
slawus
sobek
sobus
sofroniusz
stach
stanislaw
stas
stasio
staszek
stefan
stefanek
stefcio
stefek
stojan
swietek
swietoslaw
sylwek
sylwester
sylwus
szczepan
szczepanek
szczepek
szymek
szymon
szymus
tadek
tadeusz
tadeuszek
tadzik
tadzio
ted
teobald
teodor
teofil
teofilek
teofilik
teos
tobiasz
todek
tolek
tolo
tomasz
tomcio
tomek
tomislaw
tomko
tomus
toni
tosiek
tycio
tymcio
tymek
tymon
tymoteusz
tytus
urban
urbanek
urbas
wacek
waclaw
waclawek
wacus
waldeczek
waldek
waldemar
waldus
waldzio
walek
walenty
walentyn
walerek
walerian
walter
wandelin
wawrek
wawrzek
wawrzyniec
wendelin
wicek
wicio
wieceslaw
wielislaw
wiesiek
wiesio
wieslaw
wiesulek
wiktor
wiktorek
wilek
wilhelm
wilus
wincenty
wislaw
wit
witalis
witek
witold
witus
wlad
wladeczek
wladek
wladyslaw
wladzio
wlodeczek
wlodek
wlodzimierz
wlodzio
wlodzislaw
wojciech
wojslaw
wojteczek
wojtek
wojtul
wojtus
wowa
zachariasz
zarek
zbigniew
zbysiek
zbysio
zbyszek
zbyszko
zdich
zdiech
zdisek
zdisio
zdziesz
zdzieszko
zdzis
zdzisiek
zdzislaw
zelek
zelislaw
zelusz
zenek
zenio
zenobiusz
zenon
zenus
ziemowit
ziutek
zyga
zygfryd
zygmunt
zygmuntek
zygmus
zygus
zytek
zytomir
