abak
abazur
abc
abiturient
abnegat
abolicjonista
abolicjonizm
abonament
abonent
aborcjonista
abordaz
abort
aborter
absolut
absolutorium
absolutyzm
absolwent
absorpcyjnosc
abstrakcjonista
abstynent
absurd
absurdalnosc
absynt
absztyfikant
aceton
acetylen
adamaszek
adept
adherent
adidas
adiunkt
adiustator
adiutant
admin
administrator
admiral
admirator
adonis
adorator
adres
adresat
adwent
adwentysta
adwentyzm
adwersarz
adwokat
aerobik
aeroklub
aeroplan
aeroport
aerostatek
aerozol
afatyk
afekt
aferzysta
afgan
afganczyk
afiks
afisz
aforysta
aforyzm
afrikaans
afrodyzjak
afront
afrykanin
afrykanista
afrykanskosc
afterek
agat
ageizm
agent
agenturalnosc
agitator
agnostycyzm
agnostyk
agraryzm
agregat
agresor
agresywnosc
agrobiznes
agronom
agrotechnik
agroturysta
agroturyzm
agrowczasy
ahistorycyzm
ahistorycznosc
ahistoryzm
aidsowiec
airbag
ajatollah
ajent
ajer
ajerkoniak
ajwar
akademickosc
akademik
akademizm
akant
akapit
akcelerator
akcent
akcjonariat
akcjonariusz
akcyjnosc
akmeista
akmeizm
akompaniament
akompaniator
akord
akordeon
akordeonista
akowiec
akronim
akrostych
aksamit
akselbant
aksjologicznosc
aksjomat
akt
aktor
aktualizm
aktualnosc
aktualnosci
aktyw
aktywator
aktywista
aktywizm
aktywnosc
akumulator
akuratnosc
akustyk
akuszer
akwamaryn
akwarelista
akwarium
akwen
akwizytor
alarm
albanskosc
albatros
albigens
albinizm
albinos
album
alchemik
alcista
aleksandryn
alergen
alfabet
alfons
algorytm
aliant
aliaz
alibi
aligator
alikwot
alimenciarz
alimentator
alimenty
alkohol
alkoholik
alkoholizm
alkoholomierz
alkomat
alkotest
almanach
aloes
alpinista
alpinizm
alt
alterglobalista
alterglobalizm
alternator
alternatywnosc
altowiolinista
altowiolista
altruista
altruizm
altysta
aluminium
alumn
alzheimer
amalgamat
amant
amarant
amator
amatorskosc
ambaras
ambasador
ambicjoner
ambient
ambiwalentnosc
ambulans
ambulatorium
amerykanista
amerykanizm
amerykocentryzm
ametyst
amfibrach
amfiteatr
aminokwas
amnezjak
amok
amoniak
amorek
amortyzator
amperomierz
amplifikator
amplituner
amstaff
amulet
anabaptysta
anabaptyzm
anabol
anabolik
anabolizm
anachronicznosc
anachronizm
anagram
anakreontyk
analfabetyzm
analgetyk
analityk
ananas
anarchista
anarchizm
anarchosyndykalista
anarchosyndykalizm
anatom
andrus
andrut
aneks
anestezjolog
angaz
angiolog
anglicyzm
anglikanin
anglikanizm
anglista
anglofil
anglofilizm
anielskosc
animalizm
animator
animista
animizm
animusz
aniol
aniolek
anonim
anonimowosc
anons
anorak
anorektyk
antagonista
antagonizm
antal
antenat
antonim
antonow
antracyt
antrakt
antropocentryzm
antropolog
antrykot
antyatom
antybiotyk
antychryst
antydepresant
antyfaszysta
antyfeminizm
antyglobalista
antyglobalizm
antyk
antykwariat
antykwariusz
antylustrator
antypapiez
antypody
antysemityzm
antyseptyk
antyteatr
antyterrorysta
antywirus
anyzek
aparat
apartament
apartamentowiec
apasz
apel
aperitif
apetyt
aplauz
aplikant
aplikator
aplikatorek
apodyktycznosc
apodyktyzm
apoenzym
apogeum
apokryf
apoplektyk
aport
apostol
apostolat
apostrof
aprioryzm
aprowizator
aptekarz
ar
arabista
arak
arbiter
arbitralizm
arbitraz
arbitrazysta
arboretum
arbuz
archeolog
archidiakon
archipelag
architekt
archiwariusz
archiwista
archiwum
arcybiskup
arcydiakon
arcydziegiel
arcykaplan
arcykomtur
arcyksiaze
arcymistrz
arcypasterz
areal
areszt
aresztant
argot
argument
argus
arianin
arianizm
arkebuz
arkusz
arlekin
armator
arogant
aromat
arras
arsenal
artretyk
artretyzm
artykul
artysta
artystycznosc
artyzm
aryjskosc
arystokratycznosc
as
ascetyzm
asekurantyzm
asertywnosc
asfalciarz
asfalt
asocjacjonizm
asonans
asortyment
asparagus
aspekt
aspirant
aster
astmatyk
astrobiolog
astrolog
astronom
asysta
asystent
atak
atawizm
ateista
ateizm
atelier
atest
ateusz
atlant
atlas
atom
atrakcyjnosc
atrament
atrium
atrybut
attachat
attaché
atut
audi
audik
audytorium
aut
autobus
autofokus
autograf
autokar
automaniak
automat
automatycznosc
autor
autorytet
autosalon
autostopowicz
awangardowosc
awans
awanturnik
awers
azbest
azot
azur
azyl
azylant
babel
babiarz
babiniec
babochlop
babon
babsztyl
bachmat
bachor
baczki
badacz
badyl
badylarz
badziew
bagatelnosc
bagaz
bagaznik
bagazowy
bagnet
bajarz
bajer
bajerek
bajgiel
bajkopisarz
bajronizm
bajt
bajzel
bak
bakcyl
baklazan
baks
bakteriolog
bal
balagan
balaganiarz
balangowicz
balast
baldachim
balecik
balejaz
balet
baletmistrz
balety
balkon
balkonik
balneolog
balon
baloniarz
balonik
balotaz
balsam
balwan
bambus
banal
banan
band
bandaz
bandazysta
bandytyzm
bandzior
baner
baniak
bank
bankarz
bankier
bankiet
banknot
bankomat
bankowiec
bankowosc
bankowoz
bankrut
baobab
baptysta
baptyzm
bar
barak
baran
baranek
baraz
barbakan
barc
barek
barista
bark
barki
barlog
barman
barok
barokowosc
barometr
baron
baronat
barowoz
barszcz
barter
bartnik
barwinek
barwnik
barwy
bary
baryton
bas
baseball
basen
basista
basket
basketball
basn
basy
bat
batalion
batog
baton
batyst
bawidamek
bawol
bazalt
bazant
bazar
bazylianin
bebech
bebechy
beben
bebop
becik
becwal
beforek
befsztyk
bekart
bekas
belemnit
belfer
belkot
belt
belzebub
benedyktyn
benedyktyni
benedyktynki
beniaminek
benzen
benzyniarz
berberys
berdysz
beret
bernardyn
bernardyni
bernardynki
bestiariusz
bestseler
bestseller
beszamel
beton
betoniarz
betonowoz
bez
bezapelacyjnosc
bezboznik
bezbronnosc
bezczelnosc
bezczynnosc
bezdech
bezden
bezglos
bezglutenowiec
bezgrzesznosc
bezideowiec
bezideowosc
bezinteresownosc
bezkarnosc
bezkompromisowosc
bezkregowiec
bezkres
bezlik
bezlozyskowiec
bezmocz
bezmozg
bezpanstwowiec
bezpartyjnosc
bezpartyjny
bezplatnosc
bezplodnosc
bezprzewodowosc
bezradnosc
bezruch
bezsennosc
beztlenowiec
bezustannosc
bezwlad
bezwstydnik
bezwyznaniowiec
bezwzglednosc
bialkomocz
bialosc
bibelot
bibliofil
bibliolog
bibliotekarz
bibliotekoznawca
biblista
bibosz
bicykl
bicz
biczownicy
biczownik
bidet
bidon
biedaczek
biedak
bieg
biegacz
bieglosc
biegly
biegun
biel
bielik
bielinek
biernik
biernosc
bies
biesiadnik
bieszczadnik
bieznik
big
bigamista
bigos
bigot
bilans
bilard
bilardzista
bilecik
bilet
bileter
biletomat
bilon
bimber
biodrowki
biofeedback
biogaz
biogen
biograf
bioklimat
biokosmetyk
biolog
biorytm
bios
biostymulator
bioterroryzm
biozabieg
biret
bis
biseks
biseksualista
biseksualizm
bisior
biskup
biszkopcik
biszkopt
bit
biuletyn
biurokratyzm
biurowiec
biurowosc
biust
biustonosz
biwak
biwakowicz
bizmut
biznes
biznesmen
bizon
blacharz
blad
bladosc
blagier
blankiet
blask
blat
blawatek
blazen
blednik
blef
blekit
blender
blichtr
bliski
bliskosc
blizni
blizniak
blog
bloger
blogowicz
blok
blokers
blokhauz
blokowiec
blondas
blondyn
blonnik
blues
bluszcz
bluzg
blysk
blyskawicznosc
blyskotliwosc
bob
bobas
bobek
bobr
bobry
bobsleista
bobslej
bochen
bochenek
bocian
boczek
bodziec
bog
bogacz
bogini
bohater
boj
bojazliwosc
bojazn
bojer
bojery
bojkot
bojowkarz
bojowki
bojownik
bojowosc
bok
bokobrody
boks
bokser
bokserki
bol
bolak
bolec
bolszewik
bombaz
bomber
bombiarz
bombowiec
bon
bonus
boom
bootleg
bor
bosak
bosman
boss
botanik
boy
bozek
brac
brach
brachu
braciszek
brak
bramin
braminizm
bramkarz
bransoletki
brat
bratanek
bratobojca
bratobojczyni
braz
breakdance
breloczek
brelok
brew
brewiarz
brezent
bridz
briefing
brod
brodacz
broker
brokul
bron
browar
brud
bruderszaft
brudy
bruk
brukarz
brukiew
brunet
brutal
brutalnosc
bryczesy
brydz
brydzysta
brykiet
brylant
brytan
bryzol
brzask
brzdac
brzeg
brzek
brzezek
brzezniak
brzuch
brzuchacz
brzuszek
buc
buchalter
bucior
buddysta
buddyzm
budowlaniec
budowlany
buduar
budulec
budynek
budzet
budzik
bufet
buk
bukieciarz
bukiet
bukmacher
buldenez
buldog
bulion
bulterier
bulwar
bumerang
bungalow
bunkier
bunt
buntownik
burak
buras
burdel
burek
burkini
burmistrz
bursztyn
busz
but
butik
button
buzi
byk
bystrosc
byt
bywalec
bzdet
bzyk
bzykot
cal
caloksztalt
calosc
calus
camembert
car
carobojca
casting
castryzm
catering
cech
cedzak
ceglarz
cekin
cel
celebrans
celebrant
celebryt
celibat
celibatariusz
celnik
celnosc
celofan
celownik
celowosc
celujacy
cement
cennik
cent
centrum
centymetr
cerkiew
certyfikat
cesarz
cewnik
cezar
cham
chan
chaos
chaotycznosc
charakter
charakterek
charchot
chargot
charkot
charleston
chart
charter
chciwiec
chciwosc
chec
cheerleading
cheeseburger
chemik
cherlak
cherubin
cherubinek
chichot
chichotki
chimeryk
chip
chipsy
chirurg
chleb
chlebak
chlebodawca
chlebodawczyni
chlebowiec
chlebus
chlew
chlod
chlodnik
chlop
chlopskosc
chloptas
chlor
chlorek
chlorofil
chloroform
chloroplast
chlorowiec
chlupot
chlust
chmiel
chmurnosc
chochlik
chochol
chod
chodak
chodnik
chody
chodziarz
chodzik
chojaczek
chojar
chojniak
chojrak
choleryk
cholesterol
chomik
chor
choragiew
choral
chorazy
chorzysta
chow
chowany
chrobot
chrom
chromosom
chromowiec
chrupot
chrusniak
chrystus
chryzolit
chrzan
chrzaszcz
chrzescijanin
chrzesniak
chrzest
chuch
chudzielec
chuj
chujowosc
chuligan
chwast
chwilowosc
chwost
chwyt
chwytak
chytrosc
chytrus
ciag
ciaglosc
ciagnik
ciecz
ciek
ciekawosc
ciekawy
cielesnosc
ciemiezyciel
ciemniak
ciemnogrod
ciemnosc
cien
cienias
cienkopis
cierpliwosc
cietrzew
ciezar
ciezkosc
cis
city
ciuch
ciuchy
cmentarz
cnotliwiec
cnotliwosc
cokolwiek
countrowiec
country
cover
cpacz
cpun
croissant
cud
cudak
cudzoloznik
cudzoziemiec
cudzyslow
cukier
cukierek
cukierkowatosc
cukiernik
cukromierz
cukromocz
cukrowiec
cukrownik
cukry
cumownik
curling
cwal
cwaniak
cwaniakowatosc
cwanosc
cwibak
cwierc
cybernetyk
cyberprzemoc
cyberprzestrzen
cyberpunk
cyberseks
cybuch
cydr
cyferblat
cyjanek
cykl
cyklon
cylinder
cynamon
cyngiel
cynk
cyrk
cyrkowosc
cytat
cywil
czaber
czad
czajnik
czakram
czar
czarnoksieznik
czarnosc
czarnuch
czarodziej
czarownik
czarter
czary
czas
czasomierz
czasownik
czasowosc
czasy
czat
czatownik
czciciel
czek
czeladnik
czelusc
czern
czerpak
czerwiec
czerwien
czerwonak
czerwoniak
czerwony
czesc
czestokol
czestosciomierz
czestoskurcz
czlek
czleku
czlon
czlonek
czlowiek
czlowieku
czolg
czolgista
czosnek
czternasty
cztery
czubek
czujnik
czujnosc
czulosci
czwartek
czwarty
czworonog
czyn
czynnik
czynnosc
czynsz
czysciec
czyscioch
czystopis
czystosc
czytelnik
czyzyk
dab
dabczak
dach
dachowiec
dadaista
dadaizm
dagerotyp
dal
dalekowidz
dalekowzrocznosc
dalmierz
daltonista
daltonizm
dandys
dandyzm
dansing
dar
darkroom
darmozjad
darn
daszek
dawca
dawnosc
dbalosc
deadline
debczak
debesciak
debil
debiut
debiutant
dech
deficyt
dekolt
dekoracyjnosc
dekret
delegat
delikatesy
delikatnis
delikatnosc
delikwent
demon
demonstrant
dentysta
departament
depozyt
deptak
dermatolog
derwisz
desant
desantowiec
desen
deser
design
designer
deskarz
deskorolkarz
deskorolkowicz
deskorolkowiec
desperat
despotyzm
deszcz
deszczochron
deszczomierz
deszczowiec
detal
detektor
detektyw
dewizy
dewot
diabel
diagnostyk
diakon
dialog
dinozaur
dlon
dlug
dlugofalowosc
dlugoglowiec
dlugopis
dlugosc
dlugoterminowosc
dlugotrwalosc
dluznik
dmuchacz
dmuchawiec
dobitnosc
dobrobyt
dobrodusznosc
dobrodziej
dobrowolnosc
dobry
dobytek
docent
dochod
dochodowosc
docinek
doczesnosc
dodatek
dogmat
dojazd
dojrzalosc
dokladnosc
doktor
doktorat
dokument
dokumentalnosc
dol
dolar
dolec
doleczek
dolegliwosc
dolek
dom
domator
domek
dominikanin
domownik
domysl
donioslosc
donkiszot
donkiszotyzm
donos
donosiciel
donzon
donzuan
donzuanizm
dopelniacz
doping
dopingowicz
dopisek
doplyw
dopuszczajacy
doraznosc
doreczyciel
dorobek
dorobkiewicz
dorozkarz
dorsz
dosiad
dostateczny
dostatek
dostatki
dostawca
dostep
dostepnosc
dostojnik
dotychczasowosc
dotyk
dowcip
dowcipnosc
dowod
dowolnosc
dowoz
dozor
dozownik
drab
dramat
dramatopisarz
dramaturg
dramatyzm
dran
drapichrust
drapieznik
dreczyciel
dred
dredziarz
drenaz
dres
dresiarz
dresy
dreszcz
dreszczyk
drewniak
drink
drob
drobiazg
drobniak
drobnicowiec
drobnoustroj
drogocennosc
drogocennosci
drogowiec
drogowskaz
drozdzak
drozdzowiec
droznik
druciak
druciaki
drugi
druid
druidyzm
druk
drut
druty
drwal
drzewolaz
drzeworyt
drzeworytnik
drzewostan
drzewoznawca
drzwi
drzwiczki
dualizm
duch
duchowny
duchowosc
duet
dukat
dukt
duren
durszlak
dusiciel
dusigrosz
duszpasterz
dwojkowicz
dwojniak
dwor
dworak
dworek
dworzanin
dworzec
dwudziesty
dwumasztowiec
dwumiesiecznik
dwunasty
dwutlenek
dwuznak
dybuk
dyfteryt
dygnitarz
dyktator
dylemat
dyletanckosc
dyletant
dyletantyzm
dylizans
dym
dymek
dynamometr
dyplom
dyrektor
dyrygent
dysk
dyskurs
dyskutant
dystans
dystrybutor
dysydent
dyszel
dywan
dywanik
dywizjon
dyzur
dyzurny
dzban
dzbanek
dzem
dzentelmen
dzersej
dziad
dziadek
dziady
dziadzius
dzial
dzialacz
dzialalnosc
dzialkowicz
dzialkowiec
dziarskosc
dzicz
dzieciak
dzieciecosc
dzieciobojca
dzieciocentryzm
dzieciol
dzieciuch
dziedzic
dziedzicznosc
dziedziniec
dziekan
dzieki
dzielnik
dzielnosc
dzien
dziennik
dziennikarz
dzierzawca
dziesiatek
dziesiaty
dziewczecosc
dziewczynkowatosc
dziewczyny
dziewiaty
dziewietnasty
dzik
dzinsy
dziob
dzionek
dzis
dzisiaj
dziurkacz
dziw
dziwak
dziwkarz
dzokej
dzwiecznik
dzwiek
dzwiekowiec
dzwig
dzwigacz
dzwon
dzwonek
dzwonki
dzwony
edykt
edytor
efekt
egocentrycznosc
egocentryzm
egoizm
egzemplarz
ekolog
ekonomik
ekonomista
ekonomizm
ekran
ekscentryk
eksces
ekspert
eksperyment
eksport
eksporter
ekspres
ekstrakt
ekstremista
ekumenizm
ekwipaz
ekwipunek
ekwiwalent
elastycznosc
elektorat
elektrochemik
elektromagnetyzm
elektron
elektrowoz
elektrycznosc
element
embrion
emeryt
emigrant
emu
energetyk
energizer
energoblok
energochlonnosc
energozernosc
engagement
entuzjazm
enzym
episkopat
epizod
erotoman
eseista
esej
esemes
esesman
estetyk
etap
etat
etatowiec
eter
etyk
eufemizm
eukaliptus
eunuch
euroregion
ewangelicyzm
ewangelik
ewangelista
ewenement
ewentualnosc
facet
fach
fachowiec
fagocista
fagot
fajerwerk
fake
fakt
falsyfikat
falszywosc
fan
fanatyk
fanklub
faraon
farmer
farsz
fartuch
fason
faszysta
faszyzm
faworyt
fejk
felieton
feminizm
fenomen
festiwal
festyn
fiat
figi
figiel
filar
film
filmowiec
filmowosc
filozof
filtr
final
fiolet
fiskus
fizyk
flak
flaming
flecista
flegmatyk
flejtuch
flet
flirt
folder
folklor
ford
formalnosc
format
formularz
formy
fort
fortepian
forum
fosfor
fotel
fotograf
foton
fotoreporter
fragment
frak
frank
frankowicz
frazes
front
frytki
fryzjer
fundament
fundator
fundusz
funkcjonariusz
funt
furman
futbol
gabinet
gad
gaj
gajowy
galaz
galop
ganek
gang
gangster
gap
garaz
garb
garnek
garnitur
garniturek
garnizon
garsc
gasior
gasiorek
gaszcz
gatunek
gaz
gaznik
gazy
geg
gegot
gej
general
generator
geniusz
gentleman
geolog
geranium
germanofil
ges
gest
gestapowiec
gestosc
gigant
gil
gimbus
gimnazjalista
gimnazjum
gin
ginekolog
gips
gipsiarz
gitarzysta
glab
gladiator
glaz
glebokosc
gleboznawca
glebszy
glin
gliniarz
gliniec
glista
glob
glod
glog
glon
glos
glosnik
glowonog
glupiec
gluptas
gluszec
glut
gmach
gmin
gminnosc
gniew
gnoj
golab
golarz
golas
golebiarz
golen
golf
golfiarz
golfista
gololedz
golowas
goniec
gorac
goral
gorliwiec
gorliwosc
gornik
gors
gorset
gorszosc
gorszyciel
gory
gorycz
gorzelnik
gosc
gospodarz
gospodyni
gowniarz
gozdzik
grab
grabarz
grabiez
gracz
grad
graf
grafen
graffiti
grafik
grafit
grafoman
grafoskop
graham
grajek
gram
gramofon
gran
granat
granatnik
granatowiec
graniastoslup
granit
granitoid
grat
gratis
grawerunek
grazel
greps
grill
grob
grobowiec
groch
grod
grog
grom
gromochron
gronostaj
grosz
groszek
groszorob
groteskowosc
grotmaszt
grotolaz
grubas
grubianin
grubosc
gruczol
grudzien
grunt
gruz
gruzel
gruzlik
gruzobeton
gruzy
gryf
grymas
grymasy
gryps
grypser
grysik
gryz
gryzaczek
gryzak
gryzon
grzbiet
grzebien
grzech
grzechot
grzechotnik
grzesznik
grzesznosc
grzmot
grzyb
grzybek
grzybiarz
grzybien
gubernator
gust
guz
guzik
gwalciciel
gwalt
gwar
gwardzista
gwiazdor
gwiazdozbior
gwizd
gwizdek
gwozdz
haczyk
haft
hak
halas
hall
halloween
hamburger
hamulec
handel
handlarz
handlowiec
haracz
harcerz
harfiarz
harfista
harmonogram
hate
hater
hazard
hejt
hejter
hektar
hektary
helikopter
helm
herb
herbarz
herbatnik
heretyk
heroizm
heteroseksualista
hiacynt
hierarchicznosc
hipster
histeryk
historyk
hitlerowiec
hobby
hodowca
hojnosc
hokeista
hokej
hol
hold
holding
holocaust
homofon
homoseksualista
homoseksualizm
homoseksualnosc
honor
honorarium
honory
hormon
horoskop
horror
horyzont
hospicjum
hotel
huk
humanista
humanistycznosc
humanizm
humor
humory
huragan
hurt
hydraulik
hymn
ideal
ideolog
idol
iks
iloczyn
ilosc
image
imieniny
imigrant
immunitet
imperializm
imperium
impet
import
importer
impotent
impuls
indeks
indyk
informator
inicjator
inspektor
inspektorat
instruktor
instrument
instynkt
instytucjonalnosc
instytut
intelekt
intelektualista
inteligent
intensywnosc
interes
internat
internet
intruz
inwentarz
inwestor
inzynier
islam
izotop
jablon
jacht
jad
jajarz
jajcarz
jajecznik
jajnik
jak
jakobinizm
jalowiec
janczar
janczary
jantar
jar
jarmark
jarosz
jarzyniak
jasnosc
jastrzab
jawor
jazn
jeden
jedenasty
jednoczesnosc
jednodniowosc
jednorazowosc
jedwab
jedwabistosc
jedwabnik
jedynak
jedyny
jegomosc
jek
jelen
jelonek
jen
jeniec
jersey
jesc
jesien
jez
jezdny
jezdziec
jezor
jezowiec
jezozwierz
jezuici
jezyk
jezykoznawca
jogurt
jubileusz
judaizm
junior
juror
jury
kabaczek
kabanos
kabaret
kabat
kabel
kablak
kablobeton
kablogram
kac
kacik
kaczeniec
kaczor
kadlub
kadrowy
kadry
kadziel
kafel
kaftan
kaganiec
kagebista
kagiebista
kajak
kajakarz
kajdanki
kajet
kakol
kaktus
kal
kalamarz
kalasznikow
kalejdoskop
kalendarz
kaliber
kalkulator
kaloryfer
kalosz
kalwin
kalwinista
kalwinizm
kamamber
kamien
kamyk
kanal
kanclerz
kandydat
kangur
kanon
kant
kantor
kapelan
kapelusz
kapielowy
kapital
kapitalista
kapitalizm
kapitan
kaplan
kapral
kaprys
kaprysy
kaptur
kapturek
karabin
karalnosc
karaluch
kardynal
kark
karnawal
karnosc
karp
kartofel
karton
karty
kasjer
kask
kaszalot
kaszel
kaszkiet
kasztan
kasztanek
kat
kataklizm
katalizator
katalog
katar
katolickosc
katolicyzm
katolik
katomierz
katorznik
kawal
kawalek
kawaler
kawior
kazn
kciuk
kelner
kelnerzy
kes
kibel
kibic
kicz
kiel
kielich
kieliszek
kier
kierowca
kierownik
kierowniku
kierunek
kieszen
kij
kilkakrotnosc
kilogram
kilometr
kilometry
kindzal
kiosk
kir
kiscien
kisiel
klab
klam
klan
klaps
klarnecista
klarnet
klask
klaskacz
klasycyzm
klasycznosc
klasyk
klasztor
klawesyn
klawesynista
klawicymbal
klawikord
klawikordzista
klawisz
klawiszowiec
klebek
klej
klejnot
klejnoty
kleks
kleryk
klient
klif
klimat
klin
klocek
klon
klopot
klopotliwosc
klos
klotnik
klub
klucz
kluczyk
kly
koalicyjnosc
kobieciarz
koc
kochanek
kochani
kochanku
kociol
kociosc
kodeks
kogut
koktajl
kolagen
kolarz
kolchoz
kolczyk
kolegium
kolej
kolejarz
kolejnosc
kolek
kolekcjoner
koles
kolnierz
kolnierzyk
kolonista
kolor
kolory
koloryt
komandor
komandos
komar
kombatant
kombi
kombinat
kombinezon
komendant
komentarz
komentator
komfort
komicznosc
komin
kominek
komisariat
komisarz
komitet
komizm
komornik
kompan
kompleks
komplement
komponent
kompot
kompozytor
kompromis
komputer
komtur
komunikat
komunista
komunizm
kon
konar
koncentrat
koncern
koncert
kondensat
kondensator
koneser
konfitury
konflikt
kongres
koniak
koniec
koniecznosc
konik
koniokrad
koniuch
konkordat
konkret
konkubent
konkubin
konkubinat
konkurent
konkurs
konkursowicz
konkury
konserwator
konserwatyzm
konsorcjum
konstruktor
konsul
konsulat
konsultant
kontakt
kontekst
kontener
kontenerowiec
kontrabas
kontrabasista
kontrahent
kontrakt
kontrast
kontroler
kontrwywiad
kontur
kontynent
kontyngent
konwencjonalnosc
konwent
konwoj
koordynator
kopciuszek
koperek
kopiec
koral
kordon
korek
korespondent
korki
korowod
korowody
korpus
kort
korupcyjnosc
korytarz
korzen
korzysc
kos
kosc
kosci
kosciol
kosciolek
kosmetyk
kosmos
kosmyk
kostium
kosz
koszmar
koszt
kosztownosc
kosztownosci
koszykarz
kot
kotek
kotku
kotlet
koty
kowal
kozak
koziol
koziolek
kozuch
kradziez
krag
kraj
krajczy
krajobraz
krajowiec
krakowiak
krakowianin
krakowskosc
krakus
kran
kraniec
krater
krawat
krawedz
kraweznik
krawiec
krazek
kredens
kreg
kregoslup
kregowiec
krem
kres
kresy
kret
kretyn
krew
krewniak
krewny
kroj
krok
krokodyl
krol
krolewicz
krolik
kronikarz
krotkosc
krotkotrwalosc
krtan
kruczek
kruk
krwiak
krwiobieg
krwiodawca
krwiodawczyni
krwiomocz
krwioobieg
krwiopijca
krwotok
kryminal
kryminalista
kryptonim
krysztal
krysztalek
krytyk
kryzys
krzak
krzew
krzyk
krzyz
krzyzacy
krzyzak
krzyzyk
ksiadz
ksiaze
ksiegowosc
ksiegowy
ksiegozbior
ksiezyc
ksztalt
ksztalty
ktokolwiek
kubek
kucharz
kufel
kujon
kujonki
kukuruznik
kukuryku
kulas
kulfon
kulig
kulik
kulisy
kulomiot
kult
kultowosc
kulturoznawca
kultyzm
kuluar
kuluary
kumak
kumpel
kundel
kunktator
kunszt
kupiec
kupon
kuracjusz
kurak
kurator
kuratorium
kuraz
kurcz
kurczak
kurdupel
kurek
kurhan
kurier
kuriozalnosc
kuriozum
kurnikarz
kurort
kurs
kursant
kursista
kursor
kurwiszon
kurz
kusiciel
kustosz
kustyk
kusy
kuzyn
kwadrans
kwadrat
kwakier
kwant
kwartal
kwartalnik
kwas
kwasy
kwestionariusz
kwiat
kwiatek
kwiecien
kwit
kwity
labirynt
laboratorium
labrador
lacznik
lacznosc
lad
lagodnosc
lajk
lak
lakier
lalus
lam
lamaista
lamaizm
lament
lamer
laminat
lampart
lampas
lamy
lan
lancet
lancuch
lancuszek
lans
lanser
lansiarz
lapis
lapsus
laptop
laptopowiec
las
lasek
laser
latarnik
lateks
laudator
laureat
lawirant
leb
legion
legionista
lej
lek
lekarz
lekkoduch
lekkosc
lekoman
len
leniuch
leniwiec
lep
lesbizm
leseferysta
leseferyzm
lesmianizm
lesniczy
lesnik
letarg
letniak
letnik
leukocyt
lew
lewicowiec
lewus
lezak
liberal
liberalizm
licealista
liceum
liczebnik
liczebnosc
liczman
licznik
liczygrosz
lider
lifting
ligowiec
like
likwidator
limfocyt
limit
lipid
lipiec
liposom
liposuction
liryk
liryzm
lis
lisc
liscien
list
listeczek
listek
listing
listonosz
listopad
listownik
liszaj
lit
literat
literaturoznawca
litotryptor
litr
litraz
lizak
lizol
lizus
lobbing
lobbista
lobby
lobbying
lobbysta
lobuz
loch
lod
lodowiec
lody
lodz
logik
lojalnosc
lok
lokaj
lokal
lokator
lokiec
lomot
lord
los
loskot
losos
lot
lotnik
lowca
lowczy
lublin
lud
ludek
ludnosc
ludowiec
ludzkosc
lufcik
luidor
luk
lukier
lukratywnosc
luksus
luminarz
lump
lumpeks
lumpenproletariat
lumpenproletariusz
lumpiarz
lunapark
lunatyk
lunch
lup
lupanar
lureks
lustrator
lustrzanki
lustrzen
lut
luteranin
luteranizm
lutnista
luty
luz
lyk
mag
magazyn
magister
magistrat
magnes
magnetofon
magnetowid
magnetyt
magnez
maik
maj
majatek
majestat
majonez
major
majster
majsterkowicz
majtek
majtki
mak
makaron
makijaz
makler
maks
maksimum
malarz
malec
maluch
maly
malzonek
mandat
mandolinista
manewr
mangan
manifest
mankament
mankut
maraton
maratonczyk
marchew
marchewki
margines
marketing
markiz
markotnosc
marksizm
marmur
marnotrawca
marsjanin
marsz
marszalek
martwosc
marynarz
marzec
masaz
masc
maslacz
maslak
masy
masyw
maszt
maszynista
maszynopis
mat
matacz
matecznik
matematyk
materac
material
matkobojca
matol
matolek
maturzysta
mauzoleum
maz
mazak
mazgaj
mdlosci
mebel
mecenas
mech
mechanik
mechanizm
mecz
meczennik
meczet
medal
medium
medrzec
medyk
meksyk
meldunek
memorial
menadzer
menedzer
menu
mer
mercedes
metabolizm
metal
metnosc
mezulek
mezus
mezzosopran
mianownik
miastowosc
miazsz
miecz
miedz
miedziak
miedzioryt
miedziorytnik
miedziowiec
miejscownik
miejscowosc
miejskosc
miekisz
miekkosc
miernik
miesiac
miesiecznik
miesien
mieszczanin
mieszkaniec
mig
migacz
migdal
mikrofon
mikroorganizm
mikroskop
milenium
miliard
milicjant
milimetr
milion
milioner
milosc
milosnik
mily
mim
mineral
minimum
minister
miod
miodnik
miodokwiat
miodownik
miotacz
mis
misiek
misjonarz
miss
mister
misterium
mistrz
mistrzyni
mistycyzm
mistyfikator
mistyk
mit
mizogin
mizoginik
mizoginista
mizoginizm
mlecz
mleczak
mleczarz
mlecznosc
mlodosc
mlody
mlodzieniec
mlodziez
mlot
mlotek
mlyn
mlynarz
mnich
mniejszosc
mobber
mobbing
moc
mocz
moczykij
model
modlitewnik
modly
modrzew
modul
moher
mol
moment
monitoring
monolog
monopol
monopolista
monoteista
monoteizm
montaz
mord
mosiadz
moskit
most
mostek
moszcz
motel
motocykl
motocyklista
motor
motyl
motyw
mowca
mozdzierz
mozg
mozliwosc
mozliwosci
moznosc
mozol
mrok
mrowki
mroz
msciciel
mszak
mszal
muchomor
muchy
mudzahedin
muezin
muflon
mul
mulistosc
mundur
muppet
mur
murarz
murek
mury
murzyn
murzynskosc
mus
musical
muskul
musli
muslin
muszelki
muszkiet
musznik
mutant
muzeum
muzulmanin
muzyk
muzykant
mysl
mysliciel
mysliwiec
mysliwy
mysz
nabial
nablonek
naboj
nabywca
nac
nacisk
nacjonalista
nacjonalizm
naczelnik
naczelnosc
nadajnik
nadawca
nadgarstek
nadmiar
nadwrazliwosc
nadzor
nagosc
nagrobek
naiwnosc
najazd
najdrozszy
najem
najmlodsi
najwyzszy
nakaz
naklad
nalesnik
naleznosc
nalog
nalot
namiestnik
namietnosc
namiot
namolnosc
namysl
napad
napar
napasc
napastnik
naped
napis
naplyw
napoj
napor
narciarz
narcyz
narkoman
narkotyk
narod
narodowosc
narodziny
naroznik
narrator
narty
narzad
narzeczeni
narzeczony
narzednik
naskok
naskorek
nastepny
nastolatek
nastroj
naszyjnik
natarczywosc
naturalnosc
natychmiastowosc
naukowiec
nawias
nawoz
nawrot
nawyk
naziol
nazista
nazizm
neandertalczyk
negocjator
neologizm
neon
nerw
nerwy
neuron
neutron
nic
nici
nicosc
nieboszczyk
niebyt
niecierpliwosc
niedobor
niedojrzalosc
niedostateczny
niedostatek
niedzwiedz
niekonwencjonalnosc
niemoc
niemoznosc
nienaturalnosc
nienawisc
nieobecnosc
nieobliczalnosc
nieodpowiedzialnosc
nieoficjalnosc
niepalacy
niepamiec
niepodleglosc
niepokoj
nieprawidlowosc
nieprzewidywalnosc
nieprzyjaciel
nieskonczonosc
niesmak
niesmialosc
niesmiertelnosc
nieszczesnik
nietoperz
nieuczciwosc
nieudolnosc
nieustannosc
niewierny
niewolnik
niezaleznosc
niezdolnosc
niezgodnosc
niezlomnosc
niezwyciezonosc
nihilizm
nit
nitki
niz
nobel
noblista
noc
nocleg
nonsens
normalnosc
nos
nosnik
nosorozec
notariusz
notatnik
notes
now
nowoczesnosc
noworodek
nowosc
nowotwor
nowotworowosc
noz
nozyczki
nudnosci
nudziarz
numer
numerek
nuncjusz
nurek
nurt
nuty
obcas
obchod
obciaznik
obcokrajowiec
obdartus
obecnosc
obelisk
oberek
oberwaniec
oberzysta
obfitosc
obiad
obiadek
obibok
obieg
obiekt
obiektyw
obiektywizm
objaw
objazd
objetosc
obled
oblok
oblubieniec
obmowca
oboista
oboj
obowiazek
obowiazki
oboz
obraz
obrazek
obreb
obrecz
obrot
obrus
obrzadek
obrzed
obrzezaniec
obrzydliwiec
obscenicznosc
obserwator
obserwatorium
obsesjonat
obsiew
obskok
obskurant
obskurantyzm
obstrzal
obszar
obwies
obwod
obyczaj
obyczajowosc
obywatel
ocean
ocet
ochlaptus
ochlapus
ochotnik
ochroniarz
oczywistosc
odbior
odbiornik
odbyt
odchody
odcien
odcinek
odcisk
odczyn
odczynnik
odczyt
oddech
oddzial
oddzielacz
oddzwiek
odglos
odjazd
odkrywca
odkurzacz
odlacznik
odlamek
odleglosc
odlot
odmieniec
odmiennosc
odmierzacz
odor
odpad
odpadek
odpis
odplyw
odpoczynek
odpornosc
odpowiedz
odpowiedzialnosc
odpowietrzacz
odpowietrznik
odpust
odruch
odsetek
odsiecz
odstep
odwet
odwiatr
odwiedziny
odwrot
odzew
odziez
odzysk
oficer
oficjalnosc
ogien
ogier
ogledziny
ogol
ogolnik
ogon
ogonek
ogorek
ogrod
ogrodek
ogrodnik
ogrom
ojciec
ojczym
okap
okaz
okazalosc
oklad
oklaski
okolicznik
okolicznosc
okop
okowy
okreg
okres
okresowosc
okret
okruch
okrutnosc
okrzyk
okular
okulary
okup
okupant
olbrzym
olej
olejek
olimpijczyk
olow
olowek
ols
oltarz
ombudsman
onanista
onanizm
opad
opar
opary
opatrunek
opatrznosc
opel
operator
opiekun
opieprz
opis
oplacalnosc
oplatek
opoj
oponent
opor
opornosc
opowiesc
opozycjonista
oprawca
optyk
optymista
optymizm
opylacz
order
ordynator
oredownik
orez
organ
organizator
organizm
organy
orgazm
ornament
orszak
oryginal
oryginalnosc
orzech
orzecznik
orzel
os
osad
osadnik
osadzony
oscar
osiagi
osiec
osiemnasty
osiol
oskarzony
oskarzyciel
osmy
osobistosc
osobliwosc
osobnik
osobowosc
osprzet
osrodek
ostatecznosc
ostrogi
ostroznosc
ostrzal
ostrzegacz
ostrzegawczosc
oswiatowiec
oswieceniowiec
oswietleniowiec
oszczednosc
oszczednosci
oszust
ot
otchlan
otreby
otwartosc
otwor
owad
owczarek
owies
owoc
ozon
pacemaker
pachciarz
pacierz
pacjent
paczek
pagaj
pager
pagor
pagorek
paintball
pajac
pajacyk
pajak
pajdocentryzm
paker
pakiet
pakowacz
pakt
pal
palac
palacy
palacyk
palacz
palak
palant
palasz
palatyn
palatynat
palcat
palcaty
palec
paleograf
paleolit
paleozoik
paliatyw
palindrom
paliwomierz
paliwozernosc
palkarz
palker
palmtop
palnik
palnosc
paluch
paluszek
pamfleciarz
pamflecista
pamflet
pamiec
pamietnik
pamietnikarz
pan
panaceum
pancerfaust
pancernik
pancerz
panegiryk
panegirysta
panegiryzm
pani
panikarz
panislamizm
panopticum
panoptikum
panseksualizm
panslawista
panslawizm
panstwowiec
panstwowosc
panteista
panteizm
panteon
pantofel
pantoflarz
pantograf
papamobil
papamobile
paparazzi
papec
papier
papierek
papieroch
papieros
papierowosc
papiez
papilot
papirus
paplacz
paproc
paproch
paprotnik
papu
papuc
parabank
paradoks
paradygmat
parafianin
paragon
paragraf
paralityk
paraliz
paralizator
paralotniarz
paramedyk
parametr
paranoik
paraolimpijczyk
parapet
parapodatek
parapsycholog
parasol
parias
park
parkan
parkiet
parking
parlament
parlamentariusz
parlamentaryzm
parlamentarzysta
parobek
parostatek
parow
parowar
parowiec
parowoz
parter
partner
partyjnosc
partyjny
partyzant
pas
pasat
pasaz
pasazer
paschal
paseista
paseizm
pasek
paser
pasibrzuch
pasierb
pasikonik
pasjans
paski
pasozyt
passus
pasternak
pasteryzator
pasterz
pastewnik
pastisz
pastor
pastoral
pastuch
pasy
pasywizm
pasywnosc
paszkwil
paszkwilant
paszport
pasztet
pat
patefon
patent
patetycznosc
patetyzm
patison
patnik
patogen
patol
patolog
patos
patriotycznosc
patriotyzm
patrol
patron
patronat
patyczak
patyk
paulin
paulini
pawian
pawilon
pawlacz
paz
pazdziernik
paznokiec
pazur
pecet
pecetowiec
pech
peczek
ped
pedal
pedel
pedofil
pedzel
peeling
peerel
pejcz
pejoratyw
pejs
pejzaz
pejzazysta
pek
pekin
peklownik
pektoral
pelagianizm
peleton
pelikan
pellet
pelnomocnik
penis
penitencjal
penitencjariusz
penitent
pens
pensjonariusz
pensjonat
pensum
pentagram
penthouse
pepek
perfekcjonista
perfekcjonizm
performance
performer
perfumy
pergamin
periodyk
perkal
perkoz
perkusista
peron
personalizm
personalny
personel
persyflaz
perypatetyk
perz
pestkowiec
pesymista
pesymizm
petent
peugeot
pewnosc
piach
pianista
piasek
piaskowiec
piastun
piatek
piaty
piec
piechur
piecyk
pieczec
pieczen
piekarnik
piekarz
pielegniarz
pielgrzym
pieluchomajtki
pien
pieniach
pieniadz
pieniazek
pieprz
pieprzyk
piernik
pierog
piers
pierscien
pierscionek
pierwiastek
pierwowzor
pierwszy
pies
piesc
piesek
piesn
pieszy
pietnasty
pijak
pijus
pik
piknik
pilkarz
pilot
pion
pionier
piorun
piorunochron
piosenkarz
pirat
pisarz
pisk
pismak
pistolet
plac
placek
placz
plakacista
plakat
plaster
plasterek
plastik
plastyk
plaszcz
plat
platek
platnik
platnosc
plaz
plebiscyt
plec
plecak
pleciuch
plecy
pled
plemnik
plener
plenum
plesn
pletwonurek
plik
plod
plodnosc
plody
plomien
plomyk
plon
plot
plotkarz
plug
pluton
plyn
pobor
poborowy
pobory
poboznosc
pocalunek
pochmurnosc
pochod
pochowek
pociag
pociotek
pocisk
poczatek
poczatki
poczciwosc
poczet
podarunek
podatek
podatnik
podatnosc
podaz
podbial
podbieg
podbieracz
podbierak
podboj
podbrodek
podchod
podchody
podchorazy
podcien
podczerwien
poddany
podejrzliwosc
podest
podgladacz
podglowek
podgrzewacz
podgrzybek
podium
podjazd
podjazdy
podjudzacz
podkanclerz
podkanclerzy
podklad
podkomitet
podkoszulek
podlec
podleglosc
podmiot
podmuch
podnioslosc
podnosnik
podnozek
pododdzial
podoficer
podopieczny
podpalacz
podpis
podplomyk
podporucznik
podpowiadacz
podpowiedz
podpulkownik
podpunkt
podrabiacz
podrostek
podroz
podrozdzial
podroznik
podrozny
podrzut
podsadny
podsluch
podstawy
podstep
podstepnosc
podswiadomosc
podsystem
podszyt
podtekst
podtlenek
podwaliny
podwykonawca
podzespol
podzial
podziw
poemat
poganin
poglad
pogon
pogrom
pogrzeb
pojazd
pojedynek
pojemnosc
pokarm
pokaz
poklad
poklady
pokoik
pokoj
pokojowy
pokroj
pokrzywdzony
polak
polarnosc
policjant
policzek
polifonista
poligon
polityk
polmisek
polmrok
polnoc
polonez
polow
polskosc
polwysep
polysk
pomiar
pomidor
pomnik
pomoc
pomocnik
pomost
pomruk
pomysl
pomyslodawca
poniedzialek
pontyfikat
ponurosc
pop
popapraniec
poped
popiol
popioly
popis
poploch
poprzednik
popularnosc
popyt
porachunek
poradnik
poranek
porecz
pornograficznosc
porod
port
portal
portfel
portier
portki
portret
porucznik
poryw
porywacz
porywczosc
porywistosc
posady
posag
poscig
posel
posepnosc
posiadacz
posiadlosc
posilek
posilki
posladek
poslaniec
poslizg
pospiech
posrednik
post
postac
postep
posterunek
postoj
postulat
poszkodowany
poszukiwacz
pot
potas
potencjal
potentat
potok
potomek
potop
potrzebujacy
potulnosc
potwor
poty
powiat
powiernik
powiesc
powiesciopisarz
powiew
powinnosc
powod
powodz
powoz
powrot
powstaniec
pozar
pozeracz
pozew
poziom
pozostalosc
pozwany
pozytecznosc
pozytek
pracodawca
pracowitosc
pracownik
prad
praktyk
pralat
praszczur
pratek
prawdziwek
prawicowiec
prawicowosc
prawidlowosc
prawnik
prawnuk
prawoslawny
prawybory
prawzor
precedens
precyzyjnosc
predkosc
prefabrykat
preferans
preferencyjnosc
prekursor
premier
premonstratens
premonstratensi
prenumerator
preparat
prequel
pressing
prestidigitator
prestiz
prestizowosc
pret
pretekst
pretendent
pretor
prezent
prezes
prezydent
prezydium
problem
proboszcz
proceder
procent
proces
procesor
proch
prochy
producent
produkt
profesjonalista
profesjonalizm
profesor
profil
prog
program
progres
projekt
projektant
prokurator
prokurent
proletariat
prom
promien
promieniotworczosc
promil
promotor
prompter
prorok
prosiak
prostak
prostokat
prostownik
prosty
proszek
protest
protestant
protestantyzm
protokol
proton
prototyp
prowincjusz
prowodyr
prozelityzm
proznosc
prymas
prysznic
prywaciarz
prywatkowicz
prywatnosc
pryzmat
przebieg
przebisnieg
przeboj
przechodzien
przeciag
przeciek
przeciwnik
przeddzien
przedmiot
przedpokoj
przedsiebiorczosc
przedstawiciel
przedwczoraj
przedzial
przeglad
przegub
przejaw
przejazd
przekaz
przeklad
przekroj
przelacznik
przelecz
przelew
przelom
przelomowosc
przelot
przelozony
przelyk
przemoc
przemysl
przemyt
przemytnik
przepasc
przepis
przeplyw
przeprosiny
przepych
przerebel
przerob
przerost
przerys
przerywacz
przerzut
przesad
przesiedleniec
przesladowca
przesmiewca
przesmiewczosc
przestepczosc
przestrzen
przeszczep
przetarg
przetwor
przewod
przewodniczacy
przewodnik
przewoz
przewoznik
przewrot
przewrotnosc
przod
przodek
przybor
przybysz
przybytek
przychod
przychylnosc
przycisk
przydomek
przydupas
przydzial
przyglup
przyjaciel
przyjacielu
przyjazd
przyjazn
przyjezdny
przykaz
przyklad
przyladek
przymiotnik
przymus
przymusowosc
przynaleznosc
przypadek
przypis
przyplyw
przypowiesc
przyrost
przyrzad
przysmak
przyspieszacz
przyspiew
przystan
przystanek
przystawka
przywilej
psalm
pseudonim
pstrag
psycholog
ptak
ptaszek
pub
publicysta
publicznosc
puch
puchacz
puchar
pucybut
pudel
puder
pulap
pulk
pulkownik
puls
punkt
pustelnik
puszek
puzon
puzonista
pyl
pylek
pysk
pysznosc
raban
rabarbar
rabat
rabek
rabin
rabinat
rabunek
rabus
rachunek
racjonalnosc
racketlon
racuch
rad
radar
radioaktywnosc
radiowoz
radny
radosc
radykal
radykalizm
raj
rajd
rajstopy
rak
raki
randkowicz
ranek
ranking
ranwers
raport
raptus
rarog
rasista
rasizm
rasowiec
rating
ratlerek
ratownik
ratrak
ratunek
ratusz
rausz
ravioli
raz
razy
rdzen
reaktor
realizm
rebacz
rebeliant
recenzent
recepcjonista
receptor
rechot
recital
recycling
recydywista
recykling
recytator
recytatyw
recznik
redaktor
redaktorek
redemptorysci
redemptorysta
redukcjonizm
redyk
redystrybutor
reemigrant
refektarz
referat
referendum
referent
refleks
reflektor
reformaci
reformator
reformatorskosc
reformowalnosc
reformy
refren
regal
regaty
regent
regiel
region
regulamin
regularnosc
regulator
rehabilitacyjnosc
rehabilitant
rejent
rejestr
rejon
rejs
rekaw
rekin
rekoczyn
rekojesc
rekonesans
rekonwalescent
rekopis
rekord
rekordzista
rekrut
rekruter
rektor
rektorat
rekwizyt
rekwizytor
relatywizm
relief
religiant
religijnosc
relikt
relikwiarz
remanent
remastering
remedium
remiks
remis
remont
ren
renault
rencista
renesans
renesansowosc
rentier
rentownosc
repertuar
repetytorium
reportaz
reporter
reprezentant
republikanin
resor
resorak
resort
respekt
respirator
respondent
restaurator
retrowirus
reumatyk
reumatyzm
rewanz
rewanzysta
rewanzyzm
rewers
rewir
rewizor
rewolucjonista
rewolucjonizm
rewolwer
rezerwat
rezerwy
rezim
rezultat
rezus
rezydent
rezym
rezyser
ring
robak
robot
robotnik
roboty
rock
roczek
rodak
rodnik
rodowod
rodzaj
rodzic
rodzynek
rog
roj
rok
rolkarz
rolnik
romanista
romans
romantycznosc
romantyk
romantyzm
rondel
roraty
roslinnosc
rosol
rosomak
rostbef
rotawirus
rotmistrz
rottweiler
router
row
rower
rowerzysta
rowiesnik
rownowartosc
roz
rozanecznik
rozaniec
rozbieznosc
rozbior
rozboj
rozdzial
rozglos
rozgrywki
rozkaz
rozklad
rozkosz
rozkwit
rozmach
rozmaryn
rozmiar
rozmowca
rozmowy
rozowi
rozpacz
rozpad
rozped
rozpietosc
rozpylacz
rozrachunek
rozruch
rozruchy
rozsadek
roztwor
rozum
rozwod
rozwoj
rubel
rubiez
rubin
ruch
ruczaj
rudosc
rudzik
rugbista
rugby
ruiny
rulon
rum
rumak
rumianek
rumien
rumieniec
rumsztyk
run
rupiec
rupieciarz
rurki
rurociag
rwetes
rybak
ryby
rycerz
ryczalt
rydwan
rydz
rygor
ryk
rym
rynek
rynkowiec
rys
rysopis
rysunek
rytm
rytual
rywal
ryz
ryzykant
rzad
rzady
rzecz
rzecznik
rzeczoznawca
rzeczywistosc
rzemieslnik
rzep
rzepak
rzetelnosc
rzezbiarz
rzeznik
sabot
sabotaz
sabotazysta
sacharyd
sad
sadomasochista
sadomasochizm
sadownik
saduceusz
sag
sakralnosc
sakrament
saksofon
saksofonista
saksy
sakwojaz
salon
salonik
samiec
samobojca
samochod
samochwal
samochwalec
samodzielnosc
samogon
samograj
samogwalt
samokrytycyzm
samolot
samorozwoj
samorzad
samorzadowiec
samosiew
samostrzal
samoswiadomosc
samotnik
samotnosc
sanatorium
sandacz
sandal
sangwinik
sanitariusz
sanki
sanktuarium
saper
sasiad
sasiek
saturator
sazen
scenariusz
scenarzysta
scenicznosc
sceptycyzm
schab
schaby
schemat
schludnosc
schodek
schody
schowek
scieg
sciek
scisk
scyzoryk
seans
segment
sejm
sejmik
sek
sekacz
sekator
sekatosc
sekret
sekretariat
sekretarz
seks
seksapil
seksista
seksizm
seksoholik
seksoholizm
seksownosc
sekstans
sekstelefon
sekstet
seksturysta
seksuolog
sektor
selen
seler
seminarium
sen
senat
senator
senior
sennosc
sens
sensacyjnosc
sentyment
separator
separatysta
separatyzm
ser
serdecznosc
serdecznosci
serek
serial
serum
serwer
serwilista
serwilizm
serwis
serwisant
set
setbol
setnik
sezam
sezon
sezonowosc
show
siad
siatkarz
siec
siedemnasty
sien
sierociniec
sierpien
sierpowy
siersc
sierzant
siew
siewca
sikacz
silnik
silomierz
singel
singiel
siodmy
sir
skamienialosc
skandal
skansen
skarb
skarbiec
skarbnik
skazaniec
skazany
sklad
skladacz
skladnik
sklep
sklepik
sklepowy
sklonnosc
skoczek
skok
skorowidz
skorpion
skowyt
skrawek
skret
skromnosc
skron
skrot
skrupul
skup
skurcz
skurczybyk
skurwiel
skurwysyn
skutecznosc
skutek
skuter
skwar
slabeusz
slabosc
slad
slalom
sledz
slimak
slizg
slod
slodycz
slogan
sloik
sloj
slon
slowik
slownik
slub
sluch
sluchacz
sluchy
slup
slupek
slusznosc
sluz
sluzacy
sluzalec
sluzbista
sluzebnik
sluzowy
smak
smakosz
smalec
smar
smardz
smialosc
smiec
smiech
smierc
smiertelnik
smiertelnosc
smiesznosc
smietnik
smiglowiec
smok
smrod
smutek
smutki
smycz
snieg
snop
snowboard
snowboardzista
sobor
sobowtor
socjalista
socjalizm
socjolog
soczystosc
sod
sojusz
sojusznik
sok
sokol
sol
solidarnosc
solidnosc
solista
soltys
sondaz
sondazysta
sonet
song
sopel
sopran
sopranista
sorbet
sortownik
sos
soul
spacer
spad
spadek
spadochron
spaghetti
spaliny
spalony
spam
spamer
specjal
specjalista
specjalnosc
specyfik
spektakl
spektakularnosc
spiew
spiewak
spiryt
spirytualista
spirytualizm
spirytus
spirytysta
spirytyzm
spis
spisek
spiwor
splot
splyw
spoczynek
spod
spodenki
spojnosc
spokoj
spoldzielczosc
spolecznosc
sponsor
spontanicznosc
spor
sport
sportowiec
sposob
sposobnosc
spowiedz
sprawca
sprezystosc
sprint
sprinter
spryt
sprzeciw
sprzecznosc
sprzedawca
sprzedawczyni
sprzedaz
sprzet
sprzymierzeniec
spust
sracz
sraczyk
sraluch
srednik
sredniowiecznosc
srodek
ssak
stadion
stadium
stal
stan
stanik
stanowczosc
stany
star
starannosc
starosc
starozytni
starozytnosc
starozytnosci
starsi
starszy
start
staruch
staruszek
stary
starzec
starzy
statek
statki
statut
statystyk
staw
staz
stek
stempel
step
ster
stercz
stermaszt
sternik
sterownik
stok
stol
stolarz
stolecznosc
stolek
stolik
stop
stopien
stos
stosunek
stosunki
stozek
strach
strachy
stragan
strajk
straz
strazak
straznik
stres
stroj
strony
strop
stroz
strumien
strumyk
strych
stryj
strzal
strzelec
strzep
studenckosc
student
studium
stuk
stwor
stworzyciel
styczen
styk
stylowosc
stypendium
subregion
subtelnosc
suchar
suchotnik
sufit
suk
sukces
supermarket
surowiec
surowosc
sus
sutek
sutener
suweren
suwerennosc
suzuki
sweter
swiadek
swiadomosc
swiatopoglad
swieckosc
swierk
swietlik
swietlistosc
swietosc
swiety
swiezosc
swist
swit
swojak
swojskosc
sygnal
sylwester
symbol
symfonicznosc
symfonista
sympatyk
sympozjum
syn
synek
synod
synonim
synu
system
systematycznosc
szablon
szach
szachy
szacunek
szal
szalas
szalik
szalony
szaman
szampon
szantaz
szarosc
szaszlyk
szatan
szatniarz
szatyn
szczatek
szczebel
szczegol
szczegolnosc
szczeki
szczeniak
szczep
szczodrosc
szczur
szczypiorek
szczyt
szef
szejk
szelest
szept
szereg
szeregowy
szerokosc
szerszen
szesc
szesnasty
szew
szewc
szkic
szkielet
szkodliwosc
szkodnik
szlaban
szlachcic
szlachetnosc
szlafrok
szlak
szloch
szmat
szmer
sznur
sznurek
szofer
szok
szosty
szpaler
szpieg
szpik
szpilki
szpital
sztab
sztandar
sztorm
sztuciec
szturm
sztygar
sztylet
szum
szwagier
szyb
szybkosc
szyizm
szyk
szyld
szynk
tabernakulum
tablet
tabloid
tabor
taboret
tajniak
tajnik
taksowkarz
takt
taktyk
talent
talerz
talerzyk
talib
tan
tancerz
tancmistrz
tandeciarz
tandem
tanecznosc
taniec
tapczan
taras
targ
targi
tatar
tatarak
tatarskosc
taternik
tato
tatuaz
tatus
tchorz
team
teatr
teatralnosc
teatrolog
teatroman
teatroznawca
teatrzyk
technicyzm
technik
technikolor
technocentryzm
technolog
technologicznosc
teista
teizm
teksas
teksasy
teksciarz
tekst
tekstolog
tekstowosc
tekstualnosc
telebim
telecentrum
teledysk
telefaks
telefon
telefonista
telefonogram
telegraf
telegrafista
telegram
telekod
telemark
telemarketer
telemarketing
telemetr
telemost
teleobiektyw
telepracownik
teleprompter
telesklep
teleskop
telesprzedaz
teletekst
teleturniej
telewidz
telewizor
telezakupy
temat
tematycznosc
temblak
tembr
temperament
templariusz
tenis
tenisista
tenor
tenorzysta
teolog
teoretyk
tepak
tepol
teraz
terazniejszosc
tercet
teren
termin
termometr
termos
terrarium
terror
terrorysta
terroryzm
terytorium
tesc
testament
testosteron
tetryk
timbre
tips
tir
tiramisu
tirowiec
titoista
titoizm
tiul
tkacz
tlen
tlenek
tlok
tluk
tlum
tlumacz
tlumik
tlumnosc
tluscioch
tlustosc
tluszcz
tluszczak
tluszczyk
toast
tok
tokaj
tokarz
token
toksycznosc
toksykolog
tolerancyjnosc
tom
tomik
ton
toner
tonik
tonizm
topielec
topor
tor
tort
totalitarnosc
totalitaryzm
totalizator
totumfacki
towar
towarzysz
tragarz
trakt
traktat
traktor
tramwaj
trans
transfer
transparent
transport
transporter
trawnik
trefl
trend
trener
trening
tresc
triumf
triumfalizm
trofeum
trojkat
tron
trop
trotyl
trud
trudnosc
trunek
trup
trupek
truposz
tryb
trybun
trybunal
tryumf
tryumfalizm
trzask
trzeci
trzezwosc
trzon
trzy
trzydziesty
trzynastozgloskowiec
trzynasty
tubylec
tulacz
tulipan
tulow
tuman
tumiwisizm
tumor
tumult
tunczyk
tunel
tuning
tuningowiec
turniej
turysta
tusz
tuzin
twardziel
twarz
twor
tydzien
tygodnik
tygrys
tyl
tylek
tymczasowosc
tynk
typ
tyran
tysiac
tytan
tytanizm
tyton
tytul
ubezpieczyciel
ubior
ubytek
uchwyt
uciechy
uciekinier
ucisk
uczen
uczestnik
uczony
uczynek
udar
udzial
udzialowiec
uklad
uklady
uklon
ulamek
ulan
uleglosc
ultimatum
ulubieniec
umarlak
umiejetnosc
umrzyk
umysl
unihokej
unik
unikat
unikatowosc
uniseks
uniwersyteckosc
uniwersytet
upadek
upadlosc
upal
upior
uplyw
upominek
upor
uporczywosc
upust
uran
uraz
urlop
urlopowicz
urobek
uroczystosc
urodzaj
urodzajnosc
urodziny
urok
urolog
urszulanki
urzad
urzednik
uscisk
uslugi
usmiech
usmieszek
ustawodawca
ustep
ustnosc
ustroj
uzytecznosc
uzytek
uzytkownik
van
wachlarz
wadliwosc
waglik
wagon
wal
walecznosc
walor
wampir
wandal
wandalizm
wapien
wapn
wariant
wariantowosc
wariantywnosc
wariat
warkocz
warkot
warstwowosc
warszawiak
warszawianin
warszawskosc
warsztat
wartosc
wartosciowosc
wartownik
warunek
warunki
was
wasacz
wasik
wasiki
wasy
wat
watpliwosc
wawoz
waz
waznosc
wazon
wczasy
wczoraj
wdziecznosc
wdziek
wdzieki
wech
wedkarz
wedliniarz
wedrowiec
weekend
weganin
weganizm
wegetarianin
wegetarianizm
wegiel
weglan
weglowiec
weglowodan
wehikul
weksel
wektor
welniak
welnistosc
welon
wenerolog
wentyl
wentylator
werbel
werblista
werbownik
werdykt
wermut
werniks
wernisaz
wers
werset
wersolog
wertep
werysta
weryzm
wesolek
wesolkowatosc
wesolosc
wesz
weteran
weterynarz
wezel
wezglowek
wezyk
wezyr
wglad
whisky
wiadomosc
wiadukt
wianek
wianki
wianuszek
wiarygodnosc
wiaterek
wiatr
wiatrak
wiatrochron
wiatrolap
wiatrolom
wiatromierz
wiatrowskaz
wiatry
wiatyk
wiaz
wiceburmistrz
wicedyrektor
wicemarszalek
wiceminister
wicepremier
wiceprezes
wiceprezydent
wiceprzewodniczacy
wiceszef
wicher
widelec
widnokrag
widok
widoki
widowiskowosc
widz
wiec
wiecznosc
wieczor
wieczorek
wiejskosc
wiek
wiekowosc
wiekszosc
wielbiciel
wielblad
wielkosc
wieloryb
wielosc
wieniec
wierch
wierzch
wierzcholek
wierzchowiec
wierzyciel
wierzytelnosc
wies
wiesc
wiesniak
wieszak
wieszcz
wietrznosc
wiew
wiez
wiezien
wiezowiec
wiezy
wilgoc
wilgotnosc
wilk
wiolinista
wiolista
wiolonczelista
wior
wiorek
wioslarz
wir
wirus
wirusolog
witraz
wizerunek
wjazd
wklad
wlamywacz
wlasciciel
wlasciwosc
wlasnosc
wloczykij
wlok
wlos
wlosek
wnetrznosci
wniosek
wnioskodawca
wnuczek
wnuk
wodnik
wodociag
wodociagi
wodor
wodospad
wodz
wodzirej
woj
wojak
wojaz
wojlok
wojownik
wojskowosc
wojskowy
wojt
wokalista
wol
wolacz
wolnosc
wolontariusz
won
wosk
wotum
woz
wozek
wozny
wpis
wplyw
wrak
wrazliwosc
wrednosc
wrobel
wrog
wrozbiarz
wrzask
wrzatek
wrzesien
wrzos
wsad
wsiowosc
wskaznik
wspinacz
wspolautor
wspolczesnosc
wspolczynnik
wspollokator
wspolnik
wspolpracownik
wspoludzial
wspolwlasciciel
wstazki
wstep
wstepny
wstret
wstrzas
wstyd
wstydliwosc
wszechswiat
wtajemniczony
wtorek
wuj
wujek
wulgarnosc
wulkan
wybawca
wybawiciel
wybieg
wybor
wybory
wybryk
wybuch
wybuchowosc
wyciag
wycinek
wyczyn
wydajnosc
wydawca
wydech
wydolnosc
wydruk
wydzial
wyglad
wyjatek
wyjazd
wykaz
wyklad
wykladowca
wykonawca
wykop
wykres
wykup
wylew
wylot
wymiar
wymioty
wymog
wymuszonosc
wymysl
wymysly
wynajem
wynalazek
wynik
wynioslosc
wypad
wypadek
wypiek
wypieki
wyplyw
wypoczynek
wypowiedz
wyprzedaz
wyrak
wyraz
wyrob
wyrok
wyrostek
wyrozumialosc
wyscig
wysiegnik
wysilek
wyslannik
wysokosc
wysprzedaz
wystawa
wystep
wystepek
wystroj
wystrzal
wyswietlacz
wytrwalosc
wytrysk
wytrzymalosc
wytwor
wywar
wywiad
wywod
wywoz
wyziew
wyznacznik
wyznawca
wyzszosc
wyzyny
wzglad
wzgledy
wzlot
wzmacniacz
wznioslosc
wzor
wzorzec
wzrok
wzrost
zab
zabawnosc
zabieg
zabiegowiec
zabojca
zabor
zaborczosc
zabytek
zabytkoznawca
zachod
zachowawczosc
zachowek
zachwyt
zaciag
zaciek
zacier
zacietosc
zacnosc
zaduszki
zagiel
zaglowiec
zagraniczniak
zagranicznik
zajac
zajazd
zak
zakamarek
zakatek
zakaz
zaklad
zakladnik
zaklady
zakon
zakonnik
zakres
zakret
zakup
zakupy
zal
zalacznik
zalazek
zaleglosc
zalew
zaloty
zalozyciel
zamach
zamachowiec
zamek
zamet
zamiar
zamieszki
zamoznosc
zamysl
zandarm
zanik
zapach
zapal
zapas
zapasc
zapasy
zapiecek
zapisek
zapisy
zapowiedz
zapowiedzi
zarliwosc
zarobek
zarodek
zarost
zart
zartobliwosc
zarys
zarzad
zarzut
zasadniczosc
zasadnosc
zasieg
zasilek
zasob
zastaw
zastrzyk
zaswiat
zaszczyt
zaulek
zawal
zawartosc
zawisc
zawod
zawodnik
zawodowiec
zawody
zawor
zawrot
zazdrosc
zbawiciel
zbieznosc
zbior
zbiornik
zbiorowosc
zboj
zbojnik
zbrodniarz
zbuk
zbyt
zdobycz
zdobywca
zdolnosc
zdrajca
zdroj
zebrak
zegar
zegarek
zeglarz
zel
zen
zespol
zespolowosc
zestaw
zet
zgielk
zgodnosc
zgon
zgrzybialosc
zgrzyt
ziec
zielen
zielony
ziemianin
ziemniak
zjazd
zleb
zleceniodawca
zlodziej
zlom
zlosc
zlosliwosc
zlot
zloty
zly
zmierzch
zmrok
zmysl
zmysly
znaczek
znak
znawca
zoladek
zoladki
zolc
zolnierz
zolw
zonkos
zoom
zraz
zryw
zubr
zuch
zuchwalosc
zuchy
zuk
zupan
zur
zuraw
zuzel
zwal
zwiadowca
zwiazek
zwiazkowiec
zwiazkowosc
zwierzak
zwierzchnik
zwir
zwloki
zwoj
zwolennik
zwyczaj
zyciorys
zyczliwosc
zyczliwy
zygzak
zysk
zywiciel
zywiec
zywieniowiec
zywiol
zywiolowosc
zywnosc
zywoplot
zywot
zywotnosc
