abdykacja
aberracja
ablacja
ablaktacja
ablucja
abolicja
abominacja
aborcja
aborcjonistka
absencja
absolwentka
absorpcja
abstrakcja
abstynencja
absyda
adaptacja
adiustacja
administracja
administratorka
adnotacja
adolescencja
adopcja
adoracja
adrenalina
adwersarka
adwokatura
aerodynamika
aeronauta
aeronautyka
afazja
afera
aferzystka
afganka
afiliacja
afirmacja
aforystka
aforystyka
afrykanistka
afrykanistyka
afrykanizacja
afrykanka
agencja
agenda
agentura
agitacja
agitatorka
agitka
aglomeracja
agnostyczka
agonia
agora
agorafobia
agrafka
agregatownia
agresja
agresorka
agrokultura
agronomia
agronomowka
agrorafineria
agrotechnika
agroturystyka
ajentka
ajerowka
ajurweda
akacja
akademia
akceptacja
akcesja
akcesoria
akcja
akcjonariuszka
akcyza
aklamacja
akolita
akomodacja
akredytacja
akrobatyka
aksamitka
aksjologia
aksjologizacja
akta
aktorka
aktowka
aktywa
aktywacja
aktywistka
akumulacja
akupresura
akustyka
akuszerka
akwamaryna
akwarela
akwizycja
akwizytorka
alba
albinoska
alchemia
alcistka
alegoria
aleja
alejka
alergia
alfa
alga
algebra
alienacja
alimentobiorca
alkowa
allelopatia
alleluja
alokacja
alpaga
alpaka
alpinistka
alpinistyka
altana
alterglobalistka
alternacja
alternatywa
altowiolinistka
altowiolistka
altowka
altruistka
alufelga
alufolia
aluzja
amatorka
amatorszczyzna
amazonka
ambasada
ambasadorka
ambicja
ambiwalencja
ambona
ambrozja
ameba
amerykanistka
amerykanistyka
amfa
amfetamina
amfora
amnestia
amnezja
amniopunkcja
amperosekunda
amplituda
ampulka
ampulkarnia
ampulkostrzykawka
amunicja
anachoreta
anafora
anakonda
analfabeta
analfabetka
analiza
analogia
anamneza
ananasarnia
ananasowka
anarchia
anarchistka
anarchizacja
anastrofa
anatema
anatomia
anegdota
aneksja
anemia
anestezja
anestezjologia
angielszczyzna
angina
anginka
angiografia
angiologia
anglistka
anglistyka
anhedonia
anielica
animacja
animizacja
ankieta
anoda
anomalia
anoreksja
anorektyczka
antaba
antena
antologia
antonimia
antonowka
antresola
antropofagia
antropologia
antropomorfizacja
antroposfera
antropozofia
antyfona
antyglobalistka
antyglobalizacja
antykwarnia
antylopa
antypatia
antyrama
antysemita
antysemitka
anyzowka
aojda
aorta
aparatka
aparatura
aparycja
apaszka
apatia
apelacja
apiterapia
apitoksynoterapia
aplikacja
aplikantura
apofonia
apokalipsa
apokatastaza
apologeta
apologia
apopleksja
apostata
apostatka
apostazja
apoteoza
apraksja
aprecjacja
aprobata
aprowizacja
apsyda
apteka
aptekarka
ara
arabeska
arabistyka
arafatka
aranzacja
archaizacja
archeologia
archeolozka
archidiecezja
archikatedra
architektonika
architektura
archiwalia
archiwistyka
archiwizacja
arcykaplanka
arcykatedra
arcyksiezna
arena
arenda
aresztantka
argumentacja
aria
arka
arkadia
arkana
arlekinada
armata
armatka
armatura
armia
arogancja
arogantka
arteria
artyleria
artystka
arystokracja
arystokrata
arystokratka
asceta
ascetka
asceza
asfaltowka
asfaltownia
asocjacja
astma
astrobiologia
astrologia
astromancja
astronauta
astronomia
asymilacja
asystentka
ateistka
ateizacja
atencja
atleta
atletyka
atmosfera
atomowka
atrakcja
atramentowka
atrapa
attyka
audiencja
audycja
aukcja
aura
automania
automaniaczka
automatyzacja
automyjnia
autonomia
autorka
autostrada
autosugestia
awangarda
awantura
awanturnica
awaria
awersja
awionetka
azalia
azylantka
baba
babcia
babka
babulenka
babulinka
babunia
baca
bachanalia
bachantka
bacowka
badaczka
bagatela
bagazowka
bagazownia
bagietka
bajaderka
bajda
bajerka
bajka
bakteria
bakteriologia
balabajka
balaganiarka
balalajka
balanga
balangowiczka
baletka
baletnica
ballada
balneologia
balustrada
balwochwalca
bananownia
banda
bandera
banderola
bandyta
bania
banialuka
banicja
banita
banka
baptystka
baranica
baranina
barbarzynca
barka
barmanka
baronessa
baronia
baronowa
barwa
barykada
basetla
baszta
batalia
bateria
batuta
bawarka
bawelna
bawialnia
bawolica
baza
bazanciarnia
bazantarnia
bazgranina
bazia
bazylia
bazylika
beczka
beczulka
bedlka
beforka
begonia
bejsbolowka
bela
belferka
belka
benedyktynka
benzyna
berbelucha
bernardynka
bessa
bestia
beta
betka
betoniarka
betoniarnia
betonownia
beza
bezpieka
beztroska
bezwstydnica
bialoglowa
biba
biblia
bibliografia
bibliologia
biblioteczka
biblioteka
bibliotekarka
biblistyka
bibula
bibulka
bieda
biedaczka
biedota
biedronka
biegaczka
bieganina
biegunka
bielarnia
bielizna
bieluga
biesiada
bieznia
bigamia
bigoteria
bigotka
bijatyka
bileterka
bimbrownia
bindownica
biodrowka
biogazownia
biografia
biologia
biomasa
bioproteza
biopsja
biorca
biosfera
biostruktura
bioterapeuta
bioterapeutka
bioterapia
biseksualistka
bitka
bitwa
biurokracja
biurokrata
biurwa
biznesmenka
bizuteria
blacha
blachara
blacharnia
blachownica
blaga
blahostka
blaszka
blazenada
blizna
bliznieta
blokada
blona
blondynka
blonica
bluza
bluzka
blyskawica
boa
boazeria
bocznica
bogaczka
bohaterka
bohaterszczyzna
boja
bojka
bolaczka
bomba
bombka
bomboniera
bombonierka
botanika
brama
bramka
bransoletka
branza
bratanica
brawura
breja
broda
brodawka
brodka
brona
brosza
broszura
browarnia
brunetka
bruzda
bryczka
brydzystka
brygada
bryja
bryla
brylantyna
bryndza
brytfanna
bryza
brzana
brzechwa
brzeczka
brzegowka
brzoskwinia
brzoskwiniarnia
brzoza
brzozka
brzytwa
buchalteria
buchalterka
buda
budka
budowa
budowla
budowlanka
bujda
bulka
bulwarowka
bura
buraczarnia
burczymucha
burka
bursztyniarnia
burta
burza
burzuazja
busola
buta
butelka
butelkownia
butla
buzia
bzdura
bzdziagwa
cakra
capoeira
cebula
cebulka
cecha
cegielnia
cegla
cela
celebryta
celuloza
celulozownia
cementownia
cena
centrala
cenzura
cera
ceramika
ceremonia
cesarka
cetka
cewka
chadecja
chala
chalka
chalupa
chalwa
chamka
chandra
chanuka
charakterystyka
chata
chcica
cheerleaderka
chemia
chemikalia
chemioterapia
chemoterapia
chetka
chichotka
chimera
chinina
chinszczyzna
chiromancja
chiromanta
chirurgia
chlapa
chlodnica
chlodziarka
chlorownia
chlosta
chluba
chmura
chmurka
chodziarka
choinka
choja
cholera
cholewa
choragiewka
choroba
chorzystka
chrapa
chrapka
chryja
chrzcielnica
chrzesniaczka
chrzesnica
chujnia
chujowizna
chusta
chusteczka
chustka
chwala
chwalipieta
chwila
chwileczka
chwilka
ciabatta
ciagota
ciagotka
ciasnota
ciastkarnia
ciastolina
ciaza
cichodajka
ciecierzyca
cieciwa
cieczka
ciekawostka
cielecina
ciemiezca
ciemiezyca
ciemnia
ciemnota
cieplarnia
cieplownia
ciezarowka
ciocia
ciotka
cisza
cizba
cma
cnota
cnotka
cofka
cora
corcia
coreczka
corenka
corka
coruchna
corunia
cudotworca
cudzoloznica
cudzoziemczyzna
cudzoziemka
cudzoziemszczyzna
cukiernia
cukiernica
cukierniczka
cukrowka
cukrownia
cukrzyca
cuma
cwaja
cwaniaczka
cwaniara
cwiartka
cwiczenia
cybernetyka
cyfra
cyrkonia
cyrkulacja
cysterna
cytryna
cywilizacja
czacha
czajka
czakra
czapa
czapeczka
czapka
czapla
czara
czarodziejka
czarownica
czasteczka
czastka
czastuszka
czaszka
czata
czatownia
czcicielka
czcionka
czekolada
czekoladka
czekoladziarnia
czeresnia
czernina
czerwonka
czolowka
czterdziestka
czternasta
czternastka
czubatka
czupryna
czwarta
czworka
czystka
czyszczalnia
czyszczarnia
czytanka
czytelnia
czytelniczka
dabrowa
dalia
dama
damulka
darmocha
darowizna
data
dawka
debiutantka
decyzja
dedykacja
defilada
definicja
deformacja
degradacja
dekada
deklaracja
dekoracja
delegacja
delegatura
demokracja
demokrata
demolka
demonstracja
dentystka
depesza
depilacja
deportacja
depresja
designerka
deska
deskorolka
deskrypcja
desperacja
despota
destrukcja
deszczowka
deszczownia
determinacja
dewiacja
dewiza
dewocja
dewotka
dezaprobata
diagnostyka
diagnoza
diecezja
dieta
doba
dobra
dobroczynca
dobrodziejka
docentura
doczepka
doktryna
dokumentacja
dola
dolewka
dolina
dolinka
domena
domieszka
dominacja
domokrazca
domowka
donica
doniczka
donkiszoteria
donzuaneria
doplata
doradca
doreczycielka
dorozka
dostawa
dotacja
dowodca
doza
dozorca
dozorcowka
drabina
draka
dramatopisarka
dramaturgia
draperia
dreczycielka
dretwota
drewutnia
drobina
drobnostka
droga
drozdzarnia
drozdzowka
drozdzownia
drozyna
drozynka
drozyzna
druciarnia
druga
druhna
druidka
drukarka
drukarnia
drutownia
druzba
druzyna
druzynowka
drwa
drwina
drzazga
drzemka
duchota
duchowka
dulszczyzna
dupa
durnota
dwa
dwojka
dwudziesta
dwudziestka
dwunasta
dwunastka
dwunastnica
dychawica
dychotomia
dychotomizacja
dyfteria
dygresja
dyktatura
dyletantka
dymisja
dynamika
dynamizacja
dynasta
dynastia
dynia
dyplomacja
dyplomata
dyplomatka
dyplomatyka
dyrekcja
dyrektorka
dyrektywa
dyscyplina
dysertacja
dysharmonia
dyskietka
dyskoteka
dyskrecja
dyskryminacja
dyskusja
dyskutantka
dyspozycja
dysproporcja
dystrybucja
dysydentka
dysza
dywizja
dyzurka
dziadowka
dziadownia
dziadyga
dziadzia
dzialaczka
dzialka
dzialkowiczka
dzianina
dziczka
dziczyzna
dzida
dzieciarnia
dziecinada
dziedzina
dzielnica
dziennikarka
dzierzawa
dziesiata
dziesiatka
dziewczyna
dziewczynka
dziewiarnia
dziewiata
dziewiatka
dziewica
dziewiecdziesiatka
dziewietnasta
dziewietnastka
dziewka
dziewoja
dziewucha
dziunia
dziunka
dziura
dziurka
dziwaczka
dziwka
dziwozona
dzuma
dzungla
dzwignia
dzwignica
edycja
egzekucja
egzystencja
ekierka
ekipa
ekologia
ekonomia
ekranizacja
ekscelencja
ekskomunika
eksmisja
ekspansja
ekspedientka
ekspedycja
ekspertyza
eksploatacja
eksplozja
ekspozycja
ekspresja
ekstaza
ekstraklasa
elegancja
elektrochemia
elektrocieplownia
elektroda
elektronika
elektrownia
elektrowozownia
elewacja
eliminacja
elita
emerytura
emigracja
emigrantka
emisja
emocja
empatia
emulsja
encyklopedia
energetyka
energia
energoterapeuta
energoterapeutka
energoterapia
enklawa
entuzjasta
epidemia
epoka
era
erotomania
erozja
eseistka
eseizacja
esencja
estakada
estetyka
estrada
etyka
etykieta
eucharystia
euforia
eutanazja
ewakuacja
ewangelia
ewidencja
fabryka
fabula
fajka
faktura
fala
fantazja
farba
farma
farmaceuta
farsa
fascynacja
fasola
faza
federacja
felga
feministka
fermentacja
figa
figura
figurka
fikcja
filharmonia
filia
filizanka
filozofia
firanka
firma
fizjologia
fizyka
flacha
flaga
flaszka
flecistka
flegma
flora
flota
flotylla
fobia
folia
fontanna
forma
formacja
formula
forsa
fortuna
fosa
fotka
fotografia
frakcja
framuga
fraszka
fraza
frustracja
frytka
fryzura
fundacja
funkcja
fura
furia
furmanka
furtka
fuzja
gabka
gadanina
gadka
gadula
gala
galaktyka
galareta
galaretka
galazka
galeria
galka
gama
gamma
gapa
garderoba
garstka
gasienica
gaska
gasnica
gastronomia
gaza
gazeta
gazetka
geba
gegawa
geneza
geodezja
geografia
geometria
gerontofilia
gesiarnia
gesina
gesiowka
gestia
gestwina
gielda
gilotyna
gilotynka
gimnastyka
gimnazjalistka
gipsiarnia
gipsowka
gipsownia
girlanda
gitara
glazura
gleba
glebia
glebina
glikoza
glina
glinianka
glinka
globalizacja
glodowka
gloria
glowa
glowica
glowizna
glowka
glownia
glukoza
glupota
glusza
gmina
godzina
golarka
golarnia
golebiarnia
golebica
golibroda
golizna
golonka
gonitwa
gora
goraczka
gorczyca
gorgonzola
gorka
goryczka
gorylica
gorzala
gorzalka
gorzelnia
goscina
gospoda
gospodarka
gotowka
gra
graba
grabiezca
grabina
grabula
graciarnia
gracja
gradowka
grafologia
granica
grappa
grasica
gratka
grawitacja
grazdanka
grdyka
grobla
gromada
gromadka
groszowka
grota
groteska
groza
grozba
grucha
gruda
grudka
grupa
grupka
grusza
gruszka
gruzlica
gruzliczanka
grypa
grypsera
grzalka
grzanka
grzbietowka
grzechotka
grzeda
grzybiarka
grzybica
grzybnia
grzywa
grzywka
grzywna
guma
gumka
gwara
gwarancja
gwardia
gwiazda
gwiazdka
hala
hanba
harfa
harmonia
herbaciarnia
herbata
herbatka
herezja
heroina
hierarchia
higiena
hipokryzja
hipoteka
hipoteza
histeria
histeryczka
historia
historyjka
hodowla
homilia
homofobia
homofonia
homoseksualistka
hrabia
hrabina
huba
hurtownia
hustawka
huta
identyfikacja
ideologia
idiota
idiotka
igla
ignorancja
igraszka
igrzyska
ikona
ilustracja
iluzja
imigracja
imitacja
impotencja
impreza
improwizacja
inauguracja
indukcja
infekcja
inflacja
infolinia
informacja
infrastruktura
inicjacja
inicjatywa
innowacja
inscenizacja
inspekcja
inspiracja
instalacja
instancja
instrukcja
instytucja
insulina
insurekcja
insynuacja
integracja
inteligencja
intencja
interakcja
interpretacja
intryga
intuicja
inwazja
inwencja
inwentaryzacja
inwestycja
inzynieria
irytacja
istota
izba
izolacja
jablonka
jadalnia
jagla
jaglica
jagniecina
jagoda
jagodowka
jagodzianka
jaja
jajecznica
jama
jarzebina
jarzebinowka
jarzeniowka
jarzyna
jarzynowka
jaskinia
jaskolka
jaskra
jaszczurka
jatka
jawa
jazda
jedenasta
jedenastka
jednostka
jedyna
jedynka
jezdnia
jezuita
jezyna
jodla
junta
kabaretka
kabaryna
kabina
kaczka
kadencja
kadra
kadzielnica
kalina
kalkulacja
kaluza
kamera
kamienica
kamizelka
kampania
kanada
kanalizacja
kanapa
kanapka
kancelaria
kandydatka
kandydatura
kapela
kapitula
kapitulacja
kaplanka
kaplica
kapliczka
kapsulka
kapusta
kara
karabela
karczma
karetka
kariera
karoseria
karta
karteczka
kartka
kartoteka
karykatura
kasa
kaseta
kasjerka
kaskada
kasza
kaszana
kaszanka
kaszetka
kasztanka
katastrofa
katedra
kategoria
katorga
katowka
katownia
katownica
katusza
kaucja
kawa
kawaleria
kawalerka
kawiarenka
kawiarnia
kelnerka
kepa
kielbasa
kierownica
kierowniczka
kieszonka
kila
kilka
kilometrowka
kiszka
kladka
klamka
klamra
klapa
klarnecistka
klasyfikacja
klasyka
klatka
klatwa
klauzula
klawesynistka
klawiatura
kleska
klientela
klientka
klimatyzacja
klinika
klodka
klotnia
knajpa
knajpka
koalicja
kobieta
kochanka
koka
kokaina
kokarda
kolacja
kolba
kolebka
koleda
kolega
kolejka
kolekcja
kolezanka
kolizja
kolonia
kolorystyka
kolumna
komedia
komenda
komercjalizacja
kometa
komisja
komnata
komorka
kompania
kompetencja
komplikacja
komponenta
kompozycja
kompromitacja
komturia
komuna
komunia
komunikacja
komza
koncepcja
koncesja
koncowka
konczyna
kondensacja
kondycja
kondygnacja
konferencja
konfiguracja
konfitura
konfrontacja
koniunktura
konkluzja
konkubentka
konkubina
konkurencja
konkurentka
konnica
konsekwencja
konserwa
konserwacja
konsolidacja
konspiracja
konstatacja
konstelacja
konstrukcja
konstytucja
konsultacja
konsumpcja
konsystencja
kontemplacja
kontrola
kontrowersja
kontuzja
kontynuacja
konwencja
konwersacja
konwersja
koordynacja
kopalnia
koparka
koperta
kopia
kopula
kora
korekta
korelacja
korespondencja
korona
koronka
korporacja
korupcja
kosa
kosmetyczka
kosmonauta
kostka
koszula
koszulka
koszykowka
kotara
kotka
kotlina
kotlownia
kotwica
koza
kra
kraina
krajalnica
krakowianka
krakuska
krata
kratka
krawatka
kreacja
kreda
kredka
kreska
krolewna
krolowa
kromka
kronika
kropelka
kropka
kropla
krowa
krwinka
kryjowka
krytyka
krzywa
krzywda
krzywica
krzywizna
krzywoprzysiezca
krzyzowka
ksiazeczka
ksiazka
ksiega
ksiegarnia
ksiezna
ksiezniczka
ksywa
ksywka
kucharka
kuchenka
kuchnia
kujonka
kukla
kukurydza
kula
kulbaka
kulisa
kulka
kulminacja
kultura
kumpela
kumpelka
kupa
kupka
kuprowka
kura
kuracja
kuratorka
kurewka
kuria
kurierka
kurka
kurkowka
kurkuma
kurniawa
kuroniowka
kursokonferencja
kurtka
kurtyna
kurwa
kusicielka
kuznia
kuzynka
kwalifikacja
kwatera
kwestia
kwota
laborka
lacina
lada
lafirynda
laguna
laka
lala
lalka
lalunia
lalusia
lama
lamaita
lambada
laminarka
lampa
lampka
lancuchowka
lanserka
lapa
lapka
lapowka
larwa
larwoterapia
laska
lata
latarka
latarnia
latawica
laurka
lawa
laweczka
lawina
lawirantka
lawka
lazienka
legalizacja
legenda
legitymacja
legumina
lejarnia
lekarka
lekomania
lekomanka
lektura
lektyka
lepianka
lepsza
lesba
lesbijka
lesniczowka
leszczyna
letniczka
leukemia
lewa
lewada
lewica
lewkonia
liana
libacja
liberalizacja
licealistka
licencja
licytacja
liczarka
liczba
liczykrupa
liderka
liga
lignina
ligomania
likwidacja
lilia
limuzyna
lina
linia
linijka
linka
lipa
liposukcja
lira
liryka
listewka
listonoszka
listwa
liszka
litania
litera
literatka
literatura
literowka
litra
litrowka
liturgia
lizuska
lodka
lodowka
lodyga
logika
lokalizacja
lokata
lokomocja
lokomotywa
lopata
lopatka
lornetka
loteria
lufa
lufka
luka
lukrecja
luminescencja
lumpeninteligencja
lumpiara
lunatyczka
luneta
lupa
luska
lustracja
lustrzanka
lutnia
lutnistka
lutowka
lutownica
lwica
lydka
lyzeczka
lyzka
lza
machina
maciejka
macocha
maczuga
madonna
madrala
mafia
magia
magistrala
magnetoterapia
magnolia
maka
makroekonomia
maksyma
maksymalizacja
mala
malaria
malarka
malenka
malina
malpa
malzonka
malzowina
mama
mamalyga
mamunia
mamusia
mamuska
mandala
mandarynka
mandolina
mandragora
manga
maniera
manifestacja
manipulacja
manna
mapa
mara
marchewka
margaryna
marginalizacja
marihuana
marka
martwota
marynarka
marzenia
masa
masakra
maseczka
maska
maslanka
maslarnia
masturbacja
maszyna
maszynka
mata
mateczka
matematyka
materia
matka
matma
matnia
matryca
matula
matura
mechanika
meczarnia
media
medycyna
medytacja
meka
melancholia
melodia
membrana
mennica
meta
metafizyka
metafora
metamorfoza
meteorologia
metoda
metodologia
metropolia
metrowka
metryka
mewa
mezatka
mezczyzna
mezzosopranistka
mgielka
mgla
miazdzyca
miazga
miednica
miedza
miedzynarodowka
miejscowka
mielizna
miernota
mierzeja
mierzwa
miesiaczka
miesiacznica
miesiecznica
mieszanina
mieszanka
mieszkanka
migawka
migracja
migrena
mila
milicja
milosnica
mimikra
mimoza
mina
miniatura
minuta
miodowka
misa
miseczka
misja
miska
mistrzostwa
mistyfikacja
mistyka
mitologia
mizoginia
mleczarnia
mloda
mobilizacja
mocznica
moczygeba
moczymorda
moda
modelka
modernizacja
modlitwa
modyfikacja
mogila
monarcha
monarchia
moneta
monofonia
monografia
monotonia
morderca
moskitiera
moszna
motorowka
motoryzacja
motyka
motywacja
mowa
mozaika
mozgoczaszka
moznowladca
mrowka
mscicielka
msza
mszyca
mucha
mucholapka
mucholowka
muchowka
mulica
mulla
murawa
muszelka
muszka
musztarda
musztardowka
mutacja
muzyka
muzykoterapeuta
muzykoterapeutka
muzykoterapia
myszka
mzawka
nadwaga
nadwyzka
nadzieja
nafta
nagana
nagonka
nagroda
najemca
najezdzca
namowa
naprawa
narada
narracja
narta
nastepca
nastolatka
natura
nawa
nawiazka
nawierzchnia
nawigacja
nazwa
nedza
negacja
negocjacja
nerka
nerwica
niania
niebiosa
nieboszczka
niedola
niedziela
nieprawda
nieuwaga
niewiadoma
niewiasta
niewiedza
niewola
niewolnica
niezgoda
nitka
nizina
noblistka
noga
nomenklatura
nora
norma
normalizacja
nosiwoda
nostalgia
nota
notatka
nowalijka
nowela
nowenna
nowina
nowinka
nozka
nuda
nuta
nutka
oaza
obawa
obczyzna
obelga
oberza
oberzyna
oberzystka
obiecanka
obietnica
objecia
oblawa
obligacja
oblubienica
obluda
obmowa
obnizka
obrabiarka
obraczka
obraza
obrobka
obrona
obronca
obroza
obscena
obserwacja
obsesja
obsluga
obstrukcja
obudowa
obwodka
obwodnica
ocena
ochota
ochrona
oczyszczalnia
oda
odbiorca
odbitka
odbudowa
odbytnica
odezwa
odmiana
odmowa
odrobina
odwaga
odznaka
odzywka
ofensywa
oferta
ofiara
oficyna
ojczyzna
okazja
okladka
okowita
okupacja
olcha
olimpiada
oliwa
oliwka
olsza
olszowka
olszyna
onania
onkologia
opalenizna
opera
operacja
operetka
opieka
opiekunka
opinia
oplata
opona
opozycja
oprawa
opresja
optyka
optymalizacja
opuncja
orbita
ordynacja
organizacja
orgia
orgietka
orientacja
orkiestra
osa
osada
osemka
osiemdziesiatka
osiemnasta
osiemnastka
oslona
osma
osnowa
osoba
ospa
osteoporoza
ostrezyna
ostroga
ostryga
oswiata
otucha
otulina
ozdoba
oznaka
pacha
pachwina
pacjentka
packa
pacyfa
pacyfka
pacynka
paczka
paczkarnia
paczkownia
padaczka
padlina
padlinozerca
pagina
paginacja
pagoda
pajda
pajeczyna
pajeczynowka
pakernia
pakownia
pala
palarnia
palcowka
paleczka
paleoastronauta
paleoastronautyka
paleografia
palestra
paleta
palinodia
palisada
palka
palma
palmiarnia
palpacja
palpitacja
pamiatka
panda
panienka
panierka
panika
panna
pannica
panorama
panspermia
panstwowka
panszczyzna
pantera
panterka
papa
papaja
papiernia
papierologia
papierosnica
papierowka
papirologia
papirusologia
papka
papla
papryka
papuga
para
parabola
parada
parafa
parafia
parafiada
parafianka
parafianszczyzna
paralotnia
paramedycyna
paramimia
paranoja
paraolimpiada
parapsychologia
parasolka
parlamentarzystka
parodia
parowa
parowka
parowozownia
partia
partnerka
partyzantka
pasazerka
pascha
pasieka
pasierbica
pasja
pasmanteria
passa
pasta
pasterka
pasteryzacja
pastylka
pasza
paszcza
paszczeka
paszteciarnia
patelnia
patera
patetyka
patka
patologia
patologizacja
patriarcha
patriota
patriotka
pauza
pchla
pedagogika
pederasta
pederastia
pederastka
pediatra
pedofilia
pejsachowka
peklowka
peklownia
pelargonia
pelnia
pelnomocniczka
penetracja
penicylina
penitentka
pensja
pensjonarka
pentalogia
pentatonika
pepowina
percepcja
perelka
perfekcja
perfidia
perfumeria
pergola
perkusja
perla
persona
personalia
personalizacja
perspektywa
perswazja
peruka
perukarnia
perwersja
peryfraza
perykopa
perypetia
pestka
pestkowka
petarda
petla
petycja
piana
pianka
piaskarka
piaskarnia
piaskownia
piaskownica
piastunka
piata
piatka
piecdziesiatka
piechota
piecza
pieczarka
pieczarkarnia
pieczatka
piekarnia
pielegniarka
pielgrzymka
pielucha
pieluszka
pieprzniczka
pieprzowka
pierwsza
pieszczota
pieta
pietnasta
pietnastka
pietruszka
pigulka
pijaczka
pijalnia
pijatyka
pila
pilka
piosenka
piosenkarka
piramida
pisanka
pisarka
pisma
piwnica
pizama
placa
plachta
placowka
plaga
plajta
plakatowka
plama
plamka
planeta
plansza
plantacja
plastyka
plaszczyzna
platforma
plaza
plebania
plecionka
pleciucha
pleciuga
pletwa
plota
plotka
plotkara
plotkarka
plyta
plytka
pobudka
pochodnia
pochwa
pochwala
pociecha
poczekalnia
poczta
pocztowka
podbudowa
podbudowka
podchorazowka
podeszwa
podkaszarka
podkladka
podkolanowka
podkomisja
podkoszulka
podkowa
podkowka
podloga
podobizna
podpalaczka
podpalka
podpaska
podpinka
podpora
podporka
podpucha
podpuszczka
podsadna
podstawa
podwiazka
podwyzka
poeta
poetka
poetyka
poezja
pogarda
pogawedka
pogloska
pogoda
pogodynka
pogrozka
pointa
pojedynka
pokora
pokrywa
pokrzywa
pokusa
pokuta
pola
polana
poledwica
polemika
polichromia
policja
polisa
politechnika
polityka
polka
polkula
polonistyka
polowa
polowka
polszczyzna
pomadka
pomarancza
pompa
pompka
pomylka
ponczocha
popielniczka
poprzeczka
populacja
pora
porada
poradnia
porazka
porcelana
porcja
pornografia
posada
posadzka
posesja
poslanka
posluga
postawa
postura
poszukiwania
poszwa
potega
potrawa
potrzeba
potyczka
powaga
powieka
powiernica
powierniczka
powierzchnia
powiesciopisarka
powloka
powstanka
poza
pozycja
pozyczka
praca
pracownia
pracownica
praktyka
pralka
prasa
prawda
prawica
prawniczka
precjoza
precyzacja
precyzja
predyspozycja
preferencja
prelekcja
premia
premiera
prenumerata
preparatornia
preria
prerogatywa
presja
pretendentka
pretensja
prezentacja
prezerwatywa
prezeska
prezydentura
proba
probka
problematyka
procedura
procesja
produkcja
profesja
profeta
profilaktyka
progenitura
prognoza
prohibicja
projekcja
projektantka
prokreacja
prokuratorka
prokuratura
promocja
propaganda
propozycja
prosba
prosta
prostaczka
prostata
prostota
prostytucja
prostytutka
protekcja
proteza
prowincja
prowizja
prowokacja
proza
prozelita
proznia
pruderia
prukwa
pryszczyca
prywatka
prywatyzacja
przebieralnia
przebieranka
przebudowa
przecietna
przedmowa
przedsiebiorca
przegrana
przegroda
przejazdzka
przekaska
przekladnia
przekonania
przekora
przepiorka
przepompownia
przepona
przepowiednia
przeprawa
przeprowadzka
przepuklina
przepustka
przerebla
przerobka
przerwa
przerzutka
przesada
przesiadka
przesieka
przeslanka
przestepca
przestroga
przesylka
przeszkoda
przewaga
przychodnia
przyczepa
przyczyna
przydawka
przyducha
przygoda
przyjaciolka
przykrywka
przyprawa
przyroda
przysiega
przysluga
przyspiewka
przywodca
psychiatra
psychiatria
psychika
psychologia
psychoterapeuta
psychoza
pszczola
pszenica
publicystyka
publikacja
pula
pulapka
pupa
pustka
pustynia
puszcza
puszka
pycha
pyza
rabacja
rachuba
racica
raczka
rada
radca
radiofonia
radiostacja
radocha
radykalizacja
rafa
rafineria
rakieta
rama
ramka
rampa
rana
randka
ranka
rasa
rata
rdza
reakcja
realia
realizacja
rebelia
recenzja
recepcjonistka
recepta
receptura
recesja
recydywistka
recytatorka
reda
redakcja
redefinicja
redukcja
redystrybucja
reedukacja
reedycja
reelekcja
reemigrantka
refleksja
reforma
reformacja
reformata
regencja
regeneracja
regula
regulacja
rehabilitacja
reinkarnacja
reja
rejestracja
reka
rekawiczka
reklama
reklamacja
reklamowka
rekompensata
rekonstrukcja
rekonwalescencja
rekreacja
rekrutacja
rekruterka
rekwizytornia
relacja
religia
relikwia
reminiscencja
remisja
remiza
renacjonalizacja
rencistka
reneta
renkloda
renoma
renowacja
renta
reorganizacja
reperkusja
replika
represja
reprezentacja
reprodukcja
reprymenda
reprywatyzacja
repryza
republika
reputacja
respondentka
restauracja
restauratorka
restrukturyzacja
restrykcja
resuscytacja
retardacja
retorta
retoryka
rewelacja
rewizja
rewizyta
rewolucja
rewolucjonistka
rezeda
rezerwa
rezerwacja
rezolucja
rezurekcja
rezydencja
rezygnacja
rezyseria
rezyserka
robota
robotnica
rodzina
rogowka
rokowania
rola
roleta
rolka
ropa
ropucha
rosa
rosiczka
roslina
rosowka
roszponka
rota
rotacja
rottweilerka
rotunda
rowerzystka
rowiesnica
rownia
rownina
rownowaga
roza
rozbieralnia
rozbiorka
rozbudowa
rozedma
rozglosnia
rozgrywka
rozmowa
rozprawa
rozprawka
rozrywka
rozterka
rozwaga
rubryka
ruda
rudera
rufa
rufowka
ruina
ruja
rukola
rumba
runda
rupia
rupieciarnia
rura
rurka
rutyna
ryba
rybakowka
rybka
rycina
rynna
rysa
rywalizacja
rzeczka
rzeczniczka
rzeczpospolita
rzeka
rzekotka
rzesa
rzezaczka
rzezba
sacharoza
sacharyna
sadomasochistka
sadowniczka
sadza
sadzawka
sadzonka
sakiewka
saksofonistyka
sala
salata
salatka
salka
salwa
samica
samochwala
samochwalca
samogoniarnia
samogonka
samoidentyfikacja
samokrytyka
samoobrona
samosiejka
samotnia
samotnica
sankcja
sanna
sarna
sasiadka
satelita
satrapa
satrapia
satysfakcja
sauna
scena
sceneria
scenka
scenografia
schadzka
schizofrenia
sciana
scianka
sciezka
secesja
sedzia
sekcja
sekretarka
seksafera
seksbomba
seksistka
seksoholiczka
seksta
seksturystyka
sekstyna
seksuologia
sekta
sekunda
sekwencja
selekcja
sensacja
separacja
separatka
seria
serwatka
serwerownia
serwetka
sesja
setka
sezamka
sfera
siarka
siatka
siatkarka
siatkowka
sieciowka
siedemdziesiatka
siedemnasta
siedemnastka
siedziba
siekiera
sielanka
sierota
sikawka
siklawa
siksa
sila
silaczka
silownia
siodemka
siodma
siostra
siostrzyczka
skala
skalka
skarbonka
skarga
skarpa
skarpeta
skarpetka
skladka
sklejka
sknera
skocznia
skoda
skora
skorka
skorupa
skorupka
skrucha
skryba
skrytka
skrzydla
slabizna
slawa
slina
sliwka
slodownia
sloma
slomka
slowa
slubna
sluchawka
sluga
sluza
sluzba
sluzbowka
sluzebnica
smietana
smietanka
smola
smuga
snopowiazalka
sobota
socjaldemokracja
socjaldemokrata
socjologia
soczewka
soda
soja
sonata
sonatina
sonda
sondazownia
sopranistka
sortownia
sosna
sowa
spadkobierca
specjalizacja
spekulacja
spirala
spirytualizacja
spisa
splata
spodnica
spoldzielnia
spolka
sprawa
sprezarka
sprezyna
sprezynowka
sprinterka
spuscizna
sraczka
sraka
srednia
srednica
sroda
sruba
stacja
stajnia
stara
starosta
starowka
starsza
starszyzna
starucha
staruszka
starzyzna
statuetka
statystyka
stawka
sterta
stocznia
stodola
stolica
stolowka
stopa
stopka
strata
strategia
strawa
straznica
strefa
strona
stronica
struga
struna
strzala
strzalka
strzecha
strzelanina
strzelba
strzelnica
strzykawka
studentka
studia
studnia
studzienka
stworca
stylistyka
substancja
subwencja
sugestia
suka
sukienka
suknia
suma
surowka
susza
suszarka
swiatla
swiatynia
swieca
swiecenia
swieconka
swieczka
swieta
swinia
swinka
swita
swoboda
swojaczka
swojszczyzna
sygnalizacja
sylwetka
symbolika
symfonia
sympatia
symulacja
synagoga
synowa
synteza
sypialnia
syrena
sytuacja
szabla
szachownica
szafka
szala
szansa
szaszlykarnia
szata
szatnia
szatynka
szczapa
szczeka
szczelina
szczepionka
szczerba
szczoteczka
szczotka
szczypta
szefowa
szescdziesiatka
szesnasta
szesnastka
szkla
szklaneczka
szklanka
szklarnia
szkoda
szkola
szlachta
szmata
szminka
szopa
szopka
szosa
szosta
szostka
szpara
szpilka
szprycha
sztaba
sztafeta
sztuczka
sztuka
szuflada
szwabacha
szyba
szybka
szyita
szyja
szyjka
szyna
szynka
szyszka
tabaka
tabakiera
tabela
tabletka
tabloidyzacja
tabloizacja
taca
tafla
tafta
tajemnica
taksowka
taktyka
talia
tama
tancbuda
tancerka
tandeciara
tandeciarnia
tandeta
tarcza
tarka
taryfa
tasma
tata
tawerna
tchawica
teatrologia
technika
technofobia
technokracja
technokrata
technologia
tecza
teczka
teczowka
teka
teksciarka
tekstologia
tekstylia
tektonika
tektura
tekturowka
tekturownia
teleedukacja
telefonia
telefonistka
telegazeta
telekomunikacja
telekomutacja
telemarketerka
telemedycyna
telemetria
telenowela
teleportacja
telepraca
telewidzka
telewizja
tematyka
tempera
temperatura
temperowka
tendencja
tenisowka
teologia
teoria
tepota
tequila
terakota
terapeuta
terapia
terasa
terminologia
tesciowa
tesknota
tetnica
teza
tirowka
tkaczka
tkalnia
tkanina
tkanka
tloczarnia
tlocznia
tlumaczka
tluszcza
toaleta
tokarka
tokarnia
toksoplazmoza
toksykologia
toksyna
tolerancja
tona
tonacja
tonika
tonsura
topografia
topola
torba
torebka
tortura
towarzyszka
toyota
traba
trabka
tradycja
tragedia
trajektoria
transakcja
transformacja
transmisja
trasa
trawa
trawiarnia
trawka
trema
trojka
troska
trumna
trupa
trupiarnia
truskawka
trwoga
trybuna
trzcina
trzecia
trzewia
trzoda
trzydziestka
trzynasta
trzynastka
tundra
tura
turnia
turystka
turystyka
tusza
twierdza
tworca
typologia
tytulatura
tytulomania
ubikacja
uchodzca
uchwala
uciecha
ucieczka
uczelnia
uczennica
uczta
udreka
ugoda
ulewa
ulga
ulica
uliczka
ulotka
umowa
umywalka
unia
uprawa
uraza
urna
uroda
urologia
urszulanka
uryna
usluga
usta
ustawa
usterka
utarczka
utopia
utrata
uwaga
uzda
wada
waga
walizka
walka
waloryzacja
waluta
wanilia
wanna
warga
wariancja
warownia
warstwa
warszawa
warszawianka
warta
wata
watroba
waza
wdowa
wedka
wedlina
wedliniarnia
wedrowka
wedzarnia
wedzonka
wegetacja
weglarnia
weglowka
weglownia
wejsciowka
welna
wena
wenerologia
weranda
werbena
wersalka
wersja
wersologia
wersyfikacja
werwa
weterynaria
wiara
wiatrosilownia
wiatrowka
wiatrownica
wiazanka
wiazka
wichura
widownia
wieczerza
wieprzowina
wierzba
wiewiorka
wieza
wiezyczka
wigilia
wiklina
willa
winda
winnica
wiola
wiolinistyka
wiolonczela
wiolonczelistka
wiorsta
wioska
wioslowka
wiosna
wisnia
witamina
witka
witryna
wiza
wizja
wizyta
wizytowka
wkladka
wladca
wladza
wlascicielka
wloczega
wloczka
wloka
wneka
owca
wnuczka
woda
wodka
wojewoda
wojna
wojska
wokalistka
lista
wola
wolowina
wozkarnia
woznica
wpadka
wplata
wprawa
wrona
wrota
wrozba
wrozbiarka
wrozbita
wrozbitka
wrozka
wrzawa
wrzosowka
wskazowka
wspinaczka
wspolnota
wspolpraca
wspoltworca
wstazka
wstega
wujenka
wyborca
wycena
wycieczka
wycieraczka
wycinanka
wydalina
wydma
wydzielina
wygrana
wykladnia
wykladzina
wymiana
wymowa
wymowka
wynalazca
wyobraznia
wypadkowa
wyplata
wypozyczalnia
wyprawa
wyrzutnia
wysepka
wyspa
wytworca
wytwornia
wytyczna
wyzymaczka
wyzyna
wzmianka
zaba
zabawa
zabawka
zabiegowka
zabudowa
zabudowania
zacheta
zacierka
zaduma
zadza
zagadka
zaglada
zagranica
zagroda
zakonnica
zaleta
zaliczka
zaloba
zaloga
zaluzja
zamiana
zamrazarka
zandarmeria
zapalka
zapalniczka
zaparzaczka
zapiska
zaplata
zapora
zaprawa
zaraza
zarosla
zarowka
zarzadca
zasada
zasadzka
zaslona
zasluga
zaspa
zastawka
zastepca
zatoka
zawiesina
zawodniczka
zbiorka
zbitka
zbrodnia
zbroja
zbrojenia
zdjecia
zdrada
zegluga
trojca
zelatyna
zemsta
zeniaczka
zgoda
zgroza
zguba
zielenina
ziemia
zima
zlotowka
zloza
zmagania
zmarszczka
zmiana
zmora
zmowa
znajda
zniwa
znizka
zona
zonka
zrenica
zubrowka
zubrzyca
zuchwa
zupa
zwierzyna
zwloka
zwyciezca
zyczenia
zygota
zyla
zylka
zywica
owca
