abecadlo
adagio
afro
agitatorstwo
aikido
akcje
aktorstwo
akuszerstwo
ale
allegretto
allegro
amatorstwo
ambasadorostwo
ambasadorstwo
ambicjonerstwo
andante
anglofilstwo
anielstwo
anime
antykwarstwo
apanaze
apostolstwo
aptekarstwo
aptekarzostwo
arcybractwo
arcydzielo
arcyksiestwo
arianstwo
artykulisko
artystostwo
atamanstwo
ateuszostwo
auto
autorstwo
awanse
awanturnictwo
awokado
babsko
babstwo
badanie
badylarstwo
badziewie
bagazowe
bagnisko
bagno
bajkopisarstwo
bajoro
balaganiarstwo
balwanstwo
balwochwalstwo
banjo
bankierstwo
bankructwo
barbarzynstwo
baronostwo
bartnictwo
barwidlo
becikowe
bekowisko
belferstwo
bestialstwo
bezboznictwo
bezguscie
bezprawie
bezrobocie
bialko
bialoskornictwo
bibliofilstwo
bibliotekarstwo
bibliotekoznawstwo
biblioznawstwo
biedactwo
bielactwo
bielidlo
bielizniarstwo
bielmo
bierwiono
bimbrownictwo
biodro
biopaliwo
biopowinowactwo
bistro
biurko
biuro
blagierstwo
blazenstwo
bliznie
bloczydlo
blogoslawienstwo
blokowisko
blonie
bloto
bluznierstwo
bobo
bobrowisko
bobsleje
bogactwo
bohaterstwo
boisko
bojowisko
bolero
bombardowanie
bostwo
bozyszcze
bracie
bractwo
braterstwo
bratobojstwo
brawo
brewe
browarnictwo
brzekadlo
brzemie
brzmienie
brzucho
bucisko
bukieciarstwo
bukowisko
burmistrzostwo
bursztyniarstwo
bycie
bydlo
carobojstwo
catenaccio
cedzidlo
cegielnictwo
ceglarstwo
celnictwo
ceremonie
cesarstwo
chamisko
chamstwo
chaszcze
chciejstwo
chlodziarko
chlopie
chlopisko
chodziarstwo
chojractwo
chorobsko
chrzescijanstwo
chuchro
chuliganstwo
ciacho
ciagnienie
cialko
cialo
ciasteczko
ciastko
ciasto
ciecie
ciele
cielsko
ciemie
cieplo
cisnienie
clo
corko
credo
cudactwo
cudo
cudotworstwo
cudzolostwo
cukiernictwo
cukrownictwo
cwaniactwo
cwiczenie
cwiercwiecze
cygaro
cyngle
czako
czapkarstwo
czapnictwo
czarnoksiestwo
czarodziejstwo
czarownictwo
czasopismiennictwo
czasopismo
czcionkarstwo
czekadelko
czesne
czlecze
czlonkostwo
czlowiecze
czlowieczenstwo
czolgowisko
czolo
czytadlo
czytanie
czytelnictwo
daewoo
dalekowidztwo
dance
danie
dazenie
deskorolkarstwo
dno
dobro
dobrodziejstwo
dochodzenie
dodawanie
dofinansowanie
dojscie
dokonanie
dokonczenie
doktorostwo
domatorstwo
domostwo
donosicielstwo
dopelnienie
doradztwo
dorobkiewiczostwo
dorozkarstwo
dorzecze
dostatecznie
dostojenstwo
doswiadczenie
dowodztwo
doznanie
dozorstwo
dozywocie
drabisko
dramatopisarstwo
dranstwo
drewno
drobiarstwo
drobnomieszczanstwo
drogownictwo
drozdzarstwo
drozdze
drozdzownictwo
druciarstwo
drugie
drukarstwo
drwalnictwo
drzewko
drzewnictwo
drzewo
drzeworytnictwo
drzewoznawstwo
duchowienstwo
duszpasterstwo
dwudziestolecie
dygnitarstwo
dyletanctwo
dysertacje
dziadostwo
dziadunio
dziadzio
dziadzisko
dzialanie
dzialko
dzialo
dziaslo
dziecie
dzieciectwo
dziecinstwo
dzieciobojstwo
dziecko
dziedzictwo
dzieje
dzielo
dziennikarstwo
dziesieciolecie
dziewcze
dziewczectwo
dziewczynisko
dziewiarstwo
dziwadlo
dziwo
dziwowisko
echo
ego
eliminacje
erotomanstwo
euro
falszerstwo
farsopisarstwo
fiasko
finanse
futerko
futro
gadulstwo
gardlo
gestapo
getto
glosowanie
glupstwo
gniazdko
gniazdo
godlo
golebiarstwo
golfowisko
golonko
goraco
gornictwo
gorseciarstwo
gorzelnictwo
gospodarstwo
gowno
grabarstwo
grabie
gradobicie
gratulacje
grawerstwo
grodzisko
grono
grosze
groszorobstwo
gruzowisko
grzejnictwo
grzezawisko
halo
harcerstwo
herezje
himalaje
imie
istnienie
jablko
jadlo
jadro
jagnie
jagodzisko
jajczarstwo
jajko
jajo
jarzmo
jaskinioznawstwo
jedno
jedzenie
jelito
jezykoznawstwo
jutro
kadzidelko
kadzidlo
kakao
kalectwo
kapelanstwo
kapelusisko
kapelusznictwo
kapielisko
karo
kasyno
katostwo
kazanie
kesisko
kierownictwo
kierowniczko
kieszonkowe
kilo
kino
klamstwo
klawisze
klopocisko
kolano
konie
konto
kopyto
korale
koryto
korzenie
krajczostwo
krazenie
krocie
krolestwo
krolowo
krople
kruszywo
krwiodawstwo
krwiolecznictwo
krzeselko
krzeslo
krzywoprzysiestwo
ksiestwo
kukulcze
kulturoznawstwo
kunktatorstwo
kupiectwo
kupno
kurcze
kwakierstwo
kwalifikacje
lacze
lalkarstwo
lanserstwo
largo
lato
lecznictwo
legato
lekarstwo
lenistwo
lepsze
lesbijstwo
letnisko
lewactwo
lico
liczydlo
liczykrupstwo
lirnictwo
liscisko
literaturoznawstwo
liternictwo
lizusostwo
lniarstwo
lodowisko
logo
lono
losowanie
lotnictwo
lotnisko
lowiectwo
loze
lozeczko
lozko
lozysko
ludobojstwo
lumbago
lusterko
lustro
lutnictwo
luzactwo
lwiatko
lwie
macierzynstwo
majaczenie
majsterstwo
majstrostwo
malarstwo
malenstwo
malowidlo
malzenstwo
malzonkowie
mamidlo
mankuctwo
marnotrawstwo
marzenie
maslo
matactwo
matczysko
matkobojstwo
matolectwo
meczenstwo
mestwo
metro
mezobojstwo
mezunio
miasteczko
miasto
miedziorytnictwo
miejsce
mienie
miernictwo
mieso
mieszkanie
milczenie
milosierdzie
milosnictwo
ministerstwo
miodosytnictwo
miodzio
mistrzostwo
mleczarstwo
mleczko
mleko
mlode
mlynarstwo
mnostwo
mnozenie
mocarstwo
moce
mocowanie
morderstwo
morze
motto
moznowladztwo
murarstwo
mydlo
myslistwo
myszko
nabozenstwo
nabrzeze
naczelne
naczynie
nadcisnienie
nadlesnictwo
naduzycie
nadwozie
nagranie
nakrycie
namaszczenie
napiecie
naprezenie
narciarstwo
narzedzie
nasienie
nasiono
nastawienie
nastepstwo
nastroje
nasycenie
natchnienie
natezenie
nawrocenie
nazwisko
niebo
niedoslyszenie
niedowierzanie
niejedno
niemowle
nieporozumienie
niepowodzenie
nieszczescie
niewiadome
niezadowolenie
nosze
nozdrze
obejscie
obezwladnienie
obicie
objawienie
oblezenie
oblicze
obliczenie
obligo
obrzeze
obrzydlistwo
obrzydzenie
obtluczenie
oburzenie
obuwie
obywatelstwo
ocalenie
ochlodzenie
oczko
odchudzanie
odczucie
odczytanie
oddalenie
oddanie
odejmowanie
odgalezienie
odkrycie
odksztalcenie
odosobnienie
odprezenie
odroczenie
odrodzenie
odstepstwo
odszkodowanie
odwolanie
odznaczenie
ogloszenie
ognisko
ogniwo
ogrodzenie
ogrzewanie
ojcostwo
ojczymostwo
okienko
okno
oko
okrucienstwo
olsnienie
omowienie
opakowanie
opanowanie
oparcie
opowiadanie
opracowanie
oprocentowanie
oprogramowanie
opuszczenie
oredzie
orzeczenie
osamotnienie
osiagniecie
osiedle
oskarzenie
oskrzele
oslabienie
osocze
ostrze
ostrzezenie
oswiecenie
oswietlenie
oszustwo
otarcie
otepienie
otluczenie
oto
otoczenie
ozywienie
pachciarstwo
pachnidlo
pacholectwo
pajeczarstwo
palatynstwo
palce
palenisko
paliwo
palto
pamiatkarstwo
pamietnikarstwo
panienstwo
panisko
panowanie
panstwo
pantoflisko
paparazzo
papcio
papiernictwo
papierosisko
papiestwo
parafianstwo
paralotniarstwo
partnerstwo
pasemko
paserstwo
pasiecznictwo
paskarstwo
pasmo
pasterstwo
pastwisko
paszkwilanctwo
pchniecie
pedalstwo
pelnomocnictwo
perzowisko
peso
pesto
pianino
picie
pieczarkarstwo
pieczywo
pieklo
pierwszenstwo
pietno
pietro
pijactwo
pijanstwo
piorko
pioro
piractwo
pismiennictwo
pismo
piwko
piwo
plecionkarstwo
plemie
plotkarstwo
plotno
pluco
poblize
pobocze
pobudzenie
pochodzenie
pocieszenie
poczynanie
podanie
podbrzusze
podcienie
podcisnienie
poddanstwo
poddasze
podejrzenie
podejrzonko
podejscie
podgladactwo
podloze
podniebienie
podniecenie
podniesienie
podnoze
podobienstwo
podpalenie
podraznienie
podroznictwo
podscenie
podworko
podworze
podwozie
podziekowanie
podziemie
poganstwo
pogotowie
pogranicze
pojutrze
pokolenie
pokrewienstwo
pokwitowanie
polaczenie
polano
pole
polecenie
politowanie
polo
polowanie
polozenie
poludnie
pomieszanie
pomowienie
ponizenie
poparzenie
popiersie
popoludnie
porno
poronienie
porownanie
poruszenie
porwanie
posiedzenie
poslanie
poslowie
posluchanie
posluszenstwo
posrednictwo
postepowanie
poswiecenie
poszanowanie
potepienie
potomstwo
powazanie
powiadomienie
powiedzenie
powiekszenie
powiernictwo
powiesciopisarstwo
powietrze
powitanie
powleczenie
powodzenie
powodztwo
powolanie
powstanie
pozadanie
pozbawienie
pozdrowienie
pozegnanie
pozwolenie
pozywienie
pracie
pragnienie
prasoznawstwo
prawdopodobienstwo
prawoslawie
profesorostwo
proroctwo
prosie
prowadzenie
przeboje
przebranie
przebudzenie
przeciwdzialanie
przeciwienstwo
przeciwstawienie
przeciwwskazanie
przeczucie
przedluzenie
przedmiescie
przedramie
przedsiebiorstwo
przedstawicielstwo
przedstawienie
przejecie
przejscie
przeklenstwo
przekonanie
przekroczenie
przeksztalcenie
przelozenie
przemieszczenie
przemilczenie
przemowienie
przemytnictwo
przeproszenie
przerazenie
przesladowanie
przesluchanie
przestepstwo
przeswiadczenie
przeszukanie
przetarcie
przetworstwo
przetworzenie
przewodnictwo
przewyzszenie
przeziebienie
przeznaczenie
przezycie
przyblizenie
przybrzeze
przydroze
przygnebienie
przygotowanie
przyjecie
przykazanie
przykrycie
przymierze
przyrzeczenie
przyslowie
przywiazanie
przywodztwo
przyzwyczajenie
ptactwo
pytanie
radio
ramie
rano
ratownictwo
razenie
referencje
reformatorstwo
reggae
rekodzielo
rekolekcje
religianctwo
remake
restauratorstwo
rockowisko
rodzenstwo
rokowanie
rolnictwo
rondo
rownanie
rozbawienie
rozczarowanie
rozdanie
rozdraznienie
rozdroze
rozgoryczenie
rozlewisko
rozliczenie
rozluznienie
rozmieszczenie
rozmnazanie
rozporzadzenie
rozstawienie
roztargnienie
rozwolnienie
rumowisko
runo
rupieciarstwo
rusztowanie
rybko
ryzyko
rzeczoznawstwo
rzemioslo
sadownictwo
saldo
samobojstwo
samochwalstwo
samoksztalcenie
samopoczucie
samotnictwo
sanie
sasiedztwo
schorzenie
schronienie
schronisko
sedno
sensacje
serce
serduszko
siano
siatkarstwo
siedlisko
siedzenie
siodelko
siodlo
sito
skinienie
skladowe
skladowisko
sklepienie
sknerstwo
skrecenie
skrepowanie
skrzydelko
skrzydlo
skrzypce
skrzywienie
skrzyzowanie
skupienie
skupisko
skurwysynstwo
sledztwo
slonce
sloneczko
slownictwo
sluzalstwo
sniadanie
spalanie
spamerstwo
spelnienie
splatanie
spodnie
spojrzenie
spoleczenstwo
spostrzezenie
spotkanie
spoznienie
sprawozdanie
sprostowanie
srebro
sredniowiecze
srodmiescie
srodowisko
stadlo
stado
stanowisko
starcie
starostwo
startowe
stezenie
stoisko
stowarzyszenie
stracenie
stronnictwo
stulecie
stworzenie
sukno
sumienie
swiadczenie
swiatelko
swiatlo
swiecone
swieto
swinstwo
szambo
szefie
szefostwo
szefowo
szklo
szpiegostwo
szycie
szyderstwo
talerze
tance
tango
tarcie
targowisko
tchorzostwo
teatroznawstwo
techno
teksciarstwo
telepajeczarstwo
telepatrzydlo
tempo
tesciowie
tetno
tkactwo
tkalnictwo
tlo
tokarstwo
tokowisko
towarzystwo
trafienie
trio
trumnisko
trupisko
tulactwo
tworzywo
tysiaclecie
ubezpieczenie
ubocze
ubostwo
ubranie
ucho
uczestnictwo
uczucie
uczulenie
uderzenie
udo
udogodnienie
ugryzienie
ujecie
ujezdzenie
ujscie
ukaszenie
uksztaltowanie
umiejscowienie
uniesienie
upodobanie
upokorzenie
uposazenie
uposledzenie
uprzedzenie
urodzenie
urzadzenie
usposobienie
ustawodawstwo
ustepstwo
uszkodzenie
utrzymanie
uwarunkowanie
uwielbienie
uwolnienie
uzaleznienie
uzbrojenie
uzdolnienie
uzdrowisko
uzebienie
uznanie
uzupelnienie
uzycie
volvo
wahanie
wakacje
wapno
wariactwo
wariatkowo
wedliniarstwo
wedzarnictwo
wedzarstwo
wedzidelko
wedzidlo
wedzisko
weglarstwo
wejscie
welniarstwo
wesele
weselisko
westchnienie
wezyrostwo
wiano
wiarolomstwo
wiazanie
wideo
widmo
widowisko
widzenie
wiezienie
wieziennictwo
wino
winogrono
wioslarstwo
wioslo
wlamanie
wlokno
wlosie
wnetrze
wodze
wodzirejstwo
wodzostwo
wojewodztwo
wojsko
wolanie
wole
wolne
wprowadzenie
wrazenie
wrozbiarstwo
wrzenie
wskazanie
wspolczucie
wspomaganie
wybawienie
wybrzeze
wyciecie
wyczerpanie
wyczucie
wydarzenie
wydawnictwo
wygiecie
wygnanie
wyjscie
wykonanie
wykonczenie
wykopalisko
wykroczenie
wyliczenie
wyludzenie
wymaganie
wymowienie
wymuszenie
wynagrodzenie
wyniesienie
wypalenie
wypowiedzenie
wyrazenie
wyrownanie
wyrzeczenie
wystapienie
wysypisko
wytchnienie
wyznanie
wyzwanie
wyzywienie
wzburzenie
wzgorze
wziecie
wzmocnienie
wzniesienie
wznowienie
wzornictwo
wzruszenie
zaangazowanie
zabarwienie
zabezpieczenie
zabojstwo
zabudowanie
zabytkoznawstwo
zachcenie
zachmurzenie
zachowanie
zaciekawienie
zadanie
zadowolenie
zadupie
zagadnienie
zageszczenie
zagle
zaglebie
zaglebienie
zagmatwanie
zagranie
zainteresowanie
zajecie
zajscie
zaklocenie
zaklopotanie
zakonczenie
zalamanie
zaliczenie
zamierzenie
zamieszanie
zamilowanie
zamowienie
zanieczyszczenie
zaniedbanie
zaniepokojenie
zanurzenie
zaokraglenie
zapalenie
zaparcie
zapatrywanie
zapatrzenie
zapiecie
zaplecze
zapomnienie
zapotrzebowanie
zaproszenie
zaprzeczenie
zapytanie
zarzadzenie
zasilanie
zaskoczenie
zastepstwo
zastosowanie
zastrzezenie
zaswiadczenie
zatrudnienie
zaufanie
zawiadomienie
zawirowanie
zawolanie
zazalenie
zazenowanie
zbawienie
zbiorowisko
zbocze
zboczenie
zboze
zbrojenie
zdanie
zdarzenie
zdecydowanie
zdenerwowanie
zderzenie
zdjecie
zdobienie
zdrowie
zdumienie
zdzblo
zdziwienie
zebro
zejscie
zelazko
zelazo
zele
zepsucie
zero
zeslanie
zestawienie
zeznanie
zezwolenie
zgiecie
zgloszenie
zgorszenie
ziarno
ziele
zimno
ziolo
zjawisko
zlaczenie
zlamanie
zlecenie
zlo
zlodowacenie
zloto
zloze
zludzenie
zmartwienie
zmartwychwstanie
zmeczenie
zmieszanie
znaczenie
znalezisko
zniecierpliwienie
znieksztalcenie
zniwo
znuzenie
zoltko
zoo
zrodlo
zroznicowanie
zubrowisko
zuzycie
zwatpienie
zwierzatko
zwierze
zwierzenie
zwyciestwo
zycie
zyczenie
